2023-10-03 10:32:11.800 +02:00 [Information] User profile is available. Using '"C:\Users\unnis\AppData\Local\ASP.NET\DataProtection-Keys"' as key repository and Windows DPAPI to encrypt keys at rest.
2023-10-03 10:32:12.009 +02:00 [Information] Now listening on: "https://localhost:7205"
2023-10-03 10:32:12.011 +02:00 [Information] Now listening on: "http://localhost:5112"
2023-10-03 10:32:12.019 +02:00 [Information] Application started. Press Ctrl+C to shut down.
2023-10-03 10:32:12.022 +02:00 [Information] Hosting environment: "Development"
2023-10-03 10:32:12.024 +02:00 [Information] Content root path: "C:\Users\unnis\OneDrive - OsloMet\5.semester\ITPE3200 Webappplikasjoner\Projects\HouseRentingSystem\HouseRentingSystem\"
2023-10-03 10:32:12.746 +02:00 [Information] Request starting HTTP/2 GET https://localhost:7205/ - -
2023-10-03 10:32:12.821 +02:00 [Information] Executing endpoint '"HouseRentingSystem.Controllers.HomeController.Index (HouseRentingSystem)"'
2023-10-03 10:32:12.836 +02:00 [Information] Route matched with "{action = \"Index\", controller = \"Home\"}". Executing controller action with signature "Microsoft.AspNetCore.Mvc.IActionResult Index()" on controller "HouseRentingSystem.Controllers.HomeController" ("HouseRentingSystem").
2023-10-03 10:32:12.898 +02:00 [Information] Executing action method "HouseRentingSystem.Controllers.HomeController.Index (HouseRentingSystem)" - Validation state: Valid
2023-10-03 10:32:12.905 +02:00 [Information] Executed action method "HouseRentingSystem.Controllers.HomeController.Index (HouseRentingSystem)", returned result "Microsoft.AspNetCore.Mvc.ViewResult" in 0.8181ms.
2023-10-03 10:32:12.916 +02:00 [Information] Executing ViewResult, running view "Index".
2023-10-03 10:32:13.096 +02:00 [Information] Executed ViewResult - view "Index" executed in 181.528ms.
2023-10-03 10:32:13.104 +02:00 [Information] Executed action "HouseRentingSystem.Controllers.HomeController.Index (HouseRentingSystem)" in 266.8595ms
2023-10-03 10:32:13.105 +02:00 [Information] Executed endpoint '"HouseRentingSystem.Controllers.HomeController.Index (HouseRentingSystem)"'
2023-10-03 10:32:13.134 +02:00 [Information] Request finished HTTP/2 GET https://localhost:7205/ - - - 200 - text/html;+charset=utf-8 392.3757ms
2023-10-03 10:32:13.159 +02:00 [Information] Request starting HTTP/2 GET https://localhost:7205/_framework/aspnetcore-browser-refresh.js - -
2023-10-03 10:32:13.163 +02:00 [Information] Request finished HTTP/2 GET https://localhost:7205/_framework/aspnetcore-browser-refresh.js - - - 200 12368 application/javascript;+charset=utf-8 4.5917ms
2023-10-03 10:32:13.179 +02:00 [Information] Request starting HTTP/2 GET https://localhost:7205/_vs/browserLink - -
2023-10-03 10:32:13.198 +02:00 [Information] Request finished HTTP/2 GET https://localhost:7205/_vs/browserLink - - - 200 - text/javascript;+charset=UTF-8 18.8569ms
