2023-10-11 09:49:01.441 +02:00 [Information] User profile is available. Using '"C:\Users\unnis\AppData\Local\ASP.NET\DataProtection-Keys"' as key repository and Windows DPAPI to encrypt keys at rest.
2023-10-11 09:49:01.638 +02:00 [Information] Now listening on: "https://localhost:7205"
2023-10-11 09:49:01.640 +02:00 [Information] Now listening on: "http://localhost:5112"
2023-10-11 09:49:01.648 +02:00 [Information] Application started. Press Ctrl+C to shut down.
2023-10-11 09:49:01.650 +02:00 [Information] Hosting environment: "Development"
2023-10-11 09:49:01.652 +02:00 [Information] Content root path: "C:\Users\unnis\OneDrive - OsloMet\5.semester\ITPE3200 Webappplikasjoner\Projects\HouseRentingSystem\HouseRentingSystem\"
2023-10-11 09:49:02.391 +02:00 [Information] Request starting HTTP/2 GET https://localhost:7205/ - -
2023-10-11 09:49:02.452 +02:00 [Information] Executing endpoint '"HouseRentingSystem.Controllers.HomeController.Index (HouseRentingSystem)"'
2023-10-11 09:49:02.468 +02:00 [Information] Route matched with "{action = \"Index\", controller = \"Home\"}". Executing controller action with signature "Microsoft.AspNetCore.Mvc.IActionResult Index()" on controller "HouseRentingSystem.Controllers.HomeController" ("HouseRentingSystem").
2023-10-11 09:49:02.559 +02:00 [Information] Executing action method "HouseRentingSystem.Controllers.HomeController.Index (HouseRentingSystem)" - Validation state: Valid
2023-10-11 09:49:02.564 +02:00 [Information] Executed action method "HouseRentingSystem.Controllers.HomeController.Index (HouseRentingSystem)", returned result "Microsoft.AspNetCore.Mvc.ViewResult" in 0.6418ms.
2023-10-11 09:49:02.574 +02:00 [Information] Executing ViewResult, running view "Index".
2023-10-11 09:49:02.736 +02:00 [Information] Executed ViewResult - view "Index" executed in 163.1301ms.
2023-10-11 09:49:02.743 +02:00 [Information] Executed action "HouseRentingSystem.Controllers.HomeController.Index (HouseRentingSystem)" in 274.345ms
2023-10-11 09:49:02.744 +02:00 [Information] Executed endpoint '"HouseRentingSystem.Controllers.HomeController.Index (HouseRentingSystem)"'
2023-10-11 09:49:02.771 +02:00 [Information] Request finished HTTP/2 GET https://localhost:7205/ - - - 200 - text/html;+charset=utf-8 383.7337ms
2023-10-11 09:49:02.784 +02:00 [Information] Request starting HTTP/2 GET https://localhost:7205/lib/jquery-validation-unobtrusive/jquery.validate.unobtrusive.js - -
2023-10-11 09:49:02.784 +02:00 [Information] Request starting HTTP/2 GET https://localhost:7205/lib/bootstrap/js/bootstrap.js - -
2023-10-11 09:49:02.784 +02:00 [Information] Request starting HTTP/2 GET https://localhost:7205/lib/jquery/jquery.js - -
2023-10-11 09:49:02.784 +02:00 [Information] Request starting HTTP/2 GET https://localhost:7205/lib/jquery-validate/jquery.validate.js - -
2023-10-11 09:49:02.855 +02:00 [Information] Sending file. Request path: '"/lib/jquery-validation-unobtrusive/jquery.validate.unobtrusive.js"'. Physical path: '"C:\Users\unnis\OneDrive - OsloMet\5.semester\ITPE3200 Webappplikasjoner\Projects\HouseRentingSystem\HouseRentingSystem\wwwroot\lib\jquery-validation-unobtrusive\jquery.validate.unobtrusive.js"'
2023-10-11 09:49:02.855 +02:00 [Information] Sending file. Request path: '"/lib/jquery/jquery.js"'. Physical path: '"C:\Users\unnis\OneDrive - OsloMet\5.semester\ITPE3200 Webappplikasjoner\Projects\HouseRentingSystem\HouseRentingSystem\wwwroot\lib\jquery\jquery.js"'
2023-10-11 09:49:02.855 +02:00 [Information] Sending file. Request path: '"/lib/jquery-validate/jquery.validate.js"'. Physical path: '"C:\Users\unnis\OneDrive - OsloMet\5.semester\ITPE3200 Webappplikasjoner\Projects\HouseRentingSystem\HouseRentingSystem\wwwroot\lib\jquery-validate\jquery.validate.js"'
2023-10-11 09:49:02.855 +02:00 [Information] Sending file. Request path: '"/lib/bootstrap/js/bootstrap.js"'. Physical path: '"C:\Users\unnis\OneDrive - OsloMet\5.semester\ITPE3200 Webappplikasjoner\Projects\HouseRentingSystem\HouseRentingSystem\wwwroot\lib\bootstrap\js\bootstrap.js"'
2023-10-11 09:49:02.855 +02:00 [Information] Request finished HTTP/2 GET https://localhost:7205/lib/jquery/jquery.js - - - 200 295700 application/javascript 71.1669ms
2023-10-11 09:49:02.855 +02:00 [Information] Request finished HTTP/2 GET https://localhost:7205/lib/jquery-validate/jquery.validate.js - - - 200 52831 application/javascript 71.1669ms
2023-10-11 09:49:02.855 +02:00 [Information] Request finished HTTP/2 GET https://localhost:7205/lib/bootstrap/js/bootstrap.js - - - 200 149796 application/javascript 71.1690ms
2023-10-11 09:49:02.855 +02:00 [Information] Request finished HTTP/2 GET https://localhost:7205/lib/jquery-validation-unobtrusive/jquery.validate.unobtrusive.js - - - 200 19820 application/javascript 71.1669ms
2023-10-11 09:49:02.864 +02:00 [Information] Request starting HTTP/2 GET https://localhost:7205/_framework/aspnetcore-browser-refresh.js - -
2023-10-11 09:49:02.864 +02:00 [Information] Request starting HTTP/2 GET https://localhost:7205/images/6.jpg - -
2023-10-11 09:49:02.869 +02:00 [Information] Request finished HTTP/2 GET https://localhost:7205/_framework/aspnetcore-browser-refresh.js - - - 200 12368 application/javascript;+charset=utf-8 4.8492ms
2023-10-11 09:49:02.870 +02:00 [Information] Sending file. Request path: '"/images/6.jpg"'. Physical path: '"C:\Users\unnis\OneDrive - OsloMet\5.semester\ITPE3200 Webappplikasjoner\Projects\HouseRentingSystem\HouseRentingSystem\wwwroot\images\6.jpg"'
2023-10-11 09:49:02.871 +02:00 [Information] Request finished HTTP/2 GET https://localhost:7205/images/6.jpg - - - 200 185314 image/jpeg 6.1667ms
2023-10-11 09:49:02.876 +02:00 [Information] Request starting HTTP/2 GET https://localhost:7205/_vs/browserLink - -
2023-10-11 09:49:02.876 +02:00 [Information] Request starting HTTP/2 GET https://localhost:7205/images/7.jpg - -
2023-10-11 09:49:02.876 +02:00 [Information] Request starting HTTP/2 GET https://localhost:7205/images/8.jpg - -
2023-10-11 09:49:02.880 +02:00 [Information] Sending file. Request path: '"/images/8.jpg"'. Physical path: '"C:\Users\unnis\OneDrive - OsloMet\5.semester\ITPE3200 Webappplikasjoner\Projects\HouseRentingSystem\HouseRentingSystem\wwwroot\images\8.jpg"'
2023-10-11 09:49:02.880 +02:00 [Information] Request finished HTTP/2 GET https://localhost:7205/images/8.jpg - - - 200 45956 image/jpeg 3.7777ms
2023-10-11 09:49:02.882 +02:00 [Information] Sending file. Request path: '"/images/7.jpg"'. Physical path: '"C:\Users\unnis\OneDrive - OsloMet\5.semester\ITPE3200 Webappplikasjoner\Projects\HouseRentingSystem\HouseRentingSystem\wwwroot\images\7.jpg"'
2023-10-11 09:49:02.882 +02:00 [Information] Request finished HTTP/2 GET https://localhost:7205/images/7.jpg - - - 200 154286 image/jpeg 5.9400ms
2023-10-11 09:49:02.899 +02:00 [Information] Request finished HTTP/2 GET https://localhost:7205/_vs/browserLink - - - 200 - text/javascript;+charset=UTF-8 22.6682ms
2023-10-11 09:49:19.679 +02:00 [Information] Request starting HTTP/2 GET https://localhost:7205/_framework/clear-browser-cache - -
2023-10-11 09:49:19.680 +02:00 [Information] Request finished HTTP/2 GET https://localhost:7205/_framework/clear-browser-cache - - - 200 0 - 1.5207ms
