2023-10-03 19:41:20.344 +02:00 [Information] User profile is available. Using '"C:\Users\unnis\AppData\Local\ASP.NET\DataProtection-Keys"' as key repository and Windows DPAPI to encrypt keys at rest.
2023-10-03 19:41:20.958 +02:00 [Information] Now listening on: "https://localhost:7205"
2023-10-03 19:41:20.960 +02:00 [Information] Now listening on: "http://localhost:5112"
2023-10-03 19:41:20.970 +02:00 [Information] Application started. Press Ctrl+C to shut down.
2023-10-03 19:41:20.973 +02:00 [Information] Hosting environment: "Development"
2023-10-03 19:41:20.975 +02:00 [Information] Content root path: "C:\Users\unnis\OneDrive - OsloMet\5.semester\ITPE3200 Webappplikasjoner\Projects\HouseRentingSystem\HouseRentingSystem\"
2023-10-03 19:41:21.539 +02:00 [Information] Request starting HTTP/2 GET https://localhost:7205/ - -
2023-10-03 19:41:21.655 +02:00 [Information] Executing endpoint '"HouseRentingSystem.Controllers.HomeController.Index (HouseRentingSystem)"'
2023-10-03 19:41:21.676 +02:00 [Information] Route matched with "{action = \"Index\", controller = \"Home\"}". Executing controller action with signature "Microsoft.AspNetCore.Mvc.IActionResult Index()" on controller "HouseRentingSystem.Controllers.HomeController" ("HouseRentingSystem").
2023-10-03 19:41:21.824 +02:00 [Information] Executing action method "HouseRentingSystem.Controllers.HomeController.Index (HouseRentingSystem)" - Validation state: Valid
2023-10-03 19:41:21.832 +02:00 [Information] Executed action method "HouseRentingSystem.Controllers.HomeController.Index (HouseRentingSystem)", returned result "Microsoft.AspNetCore.Mvc.ViewResult" in 0.8952ms.
2023-10-03 19:41:21.847 +02:00 [Information] Executing ViewResult, running view "Index".
2023-10-03 19:41:22.182 +02:00 [Information] Executed ViewResult - view "Index" executed in 337.4906ms.
2023-10-03 19:41:22.191 +02:00 [Information] Executed action "HouseRentingSystem.Controllers.HomeController.Index (HouseRentingSystem)" in 513.6703ms
2023-10-03 19:41:22.192 +02:00 [Information] Executed endpoint '"HouseRentingSystem.Controllers.HomeController.Index (HouseRentingSystem)"'
2023-10-03 19:41:22.243 +02:00 [Information] Request finished HTTP/2 GET https://localhost:7205/ - - - 200 - text/html;+charset=utf-8 710.4865ms
2023-10-03 19:41:22.298 +02:00 [Information] Request starting HTTP/2 GET https://localhost:7205/_framework/aspnetcore-browser-refresh.js - -
2023-10-03 19:41:22.304 +02:00 [Information] Request finished HTTP/2 GET https://localhost:7205/_framework/aspnetcore-browser-refresh.js - - - 200 12368 application/javascript;+charset=utf-8 6.3153ms
2023-10-03 19:41:22.324 +02:00 [Information] Request starting HTTP/2 GET https://localhost:7205/_vs/browserLink - -
2023-10-03 19:41:22.348 +02:00 [Information] Request finished HTTP/2 GET https://localhost:7205/_vs/browserLink - - - 200 - text/javascript;+charset=UTF-8 24.0712ms
