2023-10-09 23:22:27.548 +02:00 [Information] User profile is available. Using '"C:\Users\berry\AppData\Local\ASP.NET\DataProtection-Keys"' as key repository and Windows DPAPI to encrypt keys at rest.
2023-10-09 23:22:27.719 +02:00 [Information] Now listening on: "https://localhost:7205"
2023-10-09 23:22:27.722 +02:00 [Information] Now listening on: "http://localhost:5112"
2023-10-09 23:22:27.729 +02:00 [Information] Application started. Press Ctrl+C to shut down.
2023-10-09 23:22:27.732 +02:00 [Information] Hosting environment: "Development"
2023-10-09 23:22:27.735 +02:00 [Information] Content root path: "C:\Users\berry\OneDrive - OsloMet\Webappikasjon\Project\HouseRentingSystem\"
2023-10-09 23:22:28.151 +02:00 [Information] Request starting HTTP/2 GET https://localhost:7205/ - -
2023-10-09 23:22:28.212 +02:00 [Information] Executing endpoint '"HouseRentingSystem.Controllers.HomeController.Index (HouseRentingSystem)"'
2023-10-09 23:22:28.226 +02:00 [Information] Route matched with "{action = \"Index\", controller = \"Home\"}". Executing controller action with signature "Microsoft.AspNetCore.Mvc.IActionResult Index()" on controller "HouseRentingSystem.Controllers.HomeController" ("HouseRentingSystem").
2023-10-09 23:22:28.286 +02:00 [Information] Executing action method "HouseRentingSystem.Controllers.HomeController.Index (HouseRentingSystem)" - Validation state: Valid
2023-10-09 23:22:28.291 +02:00 [Information] Executed action method "HouseRentingSystem.Controllers.HomeController.Index (HouseRentingSystem)", returned result "Microsoft.AspNetCore.Mvc.ViewResult" in 0.5003ms.
2023-10-09 23:22:28.301 +02:00 [Information] Executing ViewResult, running view "Index".
2023-10-09 23:22:28.478 +02:00 [Information] Executed ViewResult - view "Index" executed in 179.8746ms.
2023-10-09 23:22:28.483 +02:00 [Information] Executed action "HouseRentingSystem.Controllers.HomeController.Index (HouseRentingSystem)" in 257.0778ms
2023-10-09 23:22:28.484 +02:00 [Information] Executed endpoint '"HouseRentingSystem.Controllers.HomeController.Index (HouseRentingSystem)"'
2023-10-09 23:22:28.511 +02:00 [Information] Request finished HTTP/2 GET https://localhost:7205/ - - - 200 - text/html;+charset=utf-8 364.4621ms
2023-10-09 23:22:28.530 +02:00 [Information] Request starting HTTP/2 GET https://localhost:7205/_framework/aspnetcore-browser-refresh.js - -
2023-10-09 23:22:28.536 +02:00 [Information] Request finished HTTP/2 GET https://localhost:7205/_framework/aspnetcore-browser-refresh.js - - - 200 12368 application/javascript;+charset=utf-8 5.8237ms
2023-10-09 23:22:28.539 +02:00 [Information] Request starting HTTP/2 GET https://localhost:7205/path_to_image_for_Modum - -
2023-10-09 23:22:28.541 +02:00 [Information] Request finished HTTP/2 GET https://localhost:7205/path_to_image_for_Modum - - - 404 0 - 2.4960ms
2023-10-09 23:22:28.544 +02:00 [Information] Request starting HTTP/2 GET https://localhost:7205/_vs/browserLink - -
2023-10-09 23:22:28.556 +02:00 [Information] Request finished HTTP/2 GET https://localhost:7205/_vs/browserLink - - - 200 - text/javascript;+charset=UTF-8 12.9190ms
2023-10-09 23:22:28.672 +02:00 [Information] Request starting HTTP/2 GET https://localhost:7205/path_to_image_for_Modum - -
2023-10-09 23:22:28.674 +02:00 [Information] Request finished HTTP/2 GET https://localhost:7205/path_to_image_for_Modum - - - 404 0 - 2.0272ms
