2023-09-27 14:06:41.122 +02:00 [Information] User profile is available. Using '"/Users/haddelalshahabi/.aspnet/DataProtection-Keys"' as key repository; keys will not be encrypted at rest.
2023-09-27 14:06:41.313 +02:00 [Information] Now listening on: "https://localhost:7205"
2023-09-27 14:06:41.313 +02:00 [Information] Now listening on: "http://localhost:5112"
2023-09-27 14:06:41.315 +02:00 [Information] Application started. Press Ctrl+C to shut down.
2023-09-27 14:06:41.316 +02:00 [Information] Hosting environment: "Development"
2023-09-27 14:06:41.316 +02:00 [Information] Content root path: "/Users/haddelalshahabi/WebapplikasjonerProjects/HouseRentingSystem/HouseRentingSystem"
2023-09-27 14:06:42.604 +02:00 [Information] Request starting HTTP/1.1 GET https://localhost:7205/ - -
2023-09-27 14:06:42.621 +02:00 [Information] Executing endpoint '"HouseRentingSystem.Controllers.HomeController.Index (HouseRentingSystem)"'
2023-09-27 14:06:42.627 +02:00 [Information] Route matched with "{action = \"Index\", controller = \"Home\"}". Executing controller action with signature "Microsoft.AspNetCore.Mvc.IActionResult Index()" on controller "HouseRentingSystem.Controllers.HomeController" ("HouseRentingSystem").
2023-09-27 14:06:42.632 +02:00 [Information] Executing ViewResult, running view "Index".
2023-09-27 14:06:42.670 +02:00 [Information] Executed ViewResult - view "Index" executed in 38.9965ms.
2023-09-27 14:06:42.671 +02:00 [Information] Executed action "HouseRentingSystem.Controllers.HomeController.Index (HouseRentingSystem)" in 43.7997ms
2023-09-27 14:06:42.671 +02:00 [Information] Executed endpoint '"HouseRentingSystem.Controllers.HomeController.Index (HouseRentingSystem)"'
2023-09-27 14:06:42.673 +02:00 [Information] Request finished HTTP/1.1 GET https://localhost:7205/ - - - 200 - text/html;+charset=utf-8 71.2265ms
2023-09-27 14:06:42.704 +02:00 [Information] Request starting HTTP/1.1 GET https://localhost:7205/lib/jquery-validate/jquery.validate.js - -
2023-09-27 14:06:42.705 +02:00 [Information] Request starting HTTP/1.1 GET https://localhost:7205/lib/jquery/jquery.js - -
2023-09-27 14:06:42.714 +02:00 [Information] The file "/lib/jquery-validate/jquery.validate.js" was not modified
2023-09-27 14:06:42.715 +02:00 [Information] The file "/lib/jquery/jquery.js" was not modified
2023-09-27 14:06:42.715 +02:00 [Information] Request finished HTTP/1.1 GET https://localhost:7205/lib/jquery-validate/jquery.validate.js - - - 304 - text/javascript 10.4282ms
2023-09-27 14:06:42.715 +02:00 [Information] Request finished HTTP/1.1 GET https://localhost:7205/lib/jquery/jquery.js - - - 304 - text/javascript 9.4729ms
2023-09-27 14:06:42.866 +02:00 [Information] Request starting HTTP/1.1 GET https://localhost:7205/lib/bootstrap/js/bootstrap.js - -
2023-09-27 14:06:42.892 +02:00 [Information] Request starting HTTP/1.1 GET https://localhost:7205/lib/jquery-validation-unobtrusive/jquery.validate.unobtrusive.js - -
2023-09-27 14:06:42.923 +02:00 [Information] The file "/lib/jquery-validation-unobtrusive/jquery.validate.unobtrusive.js" was not modified
2023-09-27 14:06:42.923 +02:00 [Information] The file "/lib/bootstrap/js/bootstrap.js" was not modified
2023-09-27 14:06:42.923 +02:00 [Information] Request finished HTTP/1.1 GET https://localhost:7205/lib/jquery-validation-unobtrusive/jquery.validate.unobtrusive.js - - - 304 - text/javascript 30.8486ms
2023-09-27 14:06:42.923 +02:00 [Information] Request finished HTTP/1.1 GET https://localhost:7205/lib/bootstrap/js/bootstrap.js - - - 304 - text/javascript 82.8074ms
2023-09-27 14:06:44.870 +02:00 [Information] Request starting HTTP/1.1 GET https://localhost:7205/Item/Table - -
2023-09-27 14:06:44.872 +02:00 [Information] Executing endpoint '"MyShop.Controllers.ItemController.Table (HouseRentingSystem)"'
2023-09-27 14:06:44.878 +02:00 [Information] Route matched with "{action = \"Table\", controller = \"Item\"}". Executing controller action with signature "System.Threading.Tasks.Task`1[Microsoft.AspNetCore.Mvc.IActionResult] Table()" on controller "MyShop.Controllers.ItemController" ("HouseRentingSystem").
2023-09-27 14:06:44.938 +02:00 [Information] Executing ViewResult, running view "Table".
2023-09-27 14:06:44.946 +02:00 [Information] Executed ViewResult - view "Table" executed in 9.0957ms.
2023-09-27 14:06:44.947 +02:00 [Information] Executed action "MyShop.Controllers.ItemController.Table (HouseRentingSystem)" in 68.5625ms
2023-09-27 14:06:44.947 +02:00 [Information] Executed endpoint '"MyShop.Controllers.ItemController.Table (HouseRentingSystem)"'
2023-09-27 14:06:44.949 +02:00 [Information] Request finished HTTP/1.1 GET https://localhost:7205/Item/Table - - - 200 - text/html;+charset=utf-8 78.8736ms
2023-09-27 14:06:48.768 +02:00 [Information] Request starting HTTP/1.1 GET https://localhost:7205/Item/Grid - -
2023-09-27 14:06:48.771 +02:00 [Information] Executing endpoint '"MyShop.Controllers.ItemController.Grid (HouseRentingSystem)"'
2023-09-27 14:06:48.774 +02:00 [Information] Route matched with "{action = \"Grid\", controller = \"Item\"}". Executing controller action with signature "System.Threading.Tasks.Task`1[Microsoft.AspNetCore.Mvc.IActionResult] Grid()" on controller "MyShop.Controllers.ItemController" ("HouseRentingSystem").
2023-09-27 14:06:48.825 +02:00 [Information] Executing ViewResult, running view "Grid".
2023-09-27 14:06:48.832 +02:00 [Information] Executed ViewResult - view "Grid" executed in 6.9932ms.
2023-09-27 14:06:48.832 +02:00 [Information] Executed action "MyShop.Controllers.ItemController.Grid (HouseRentingSystem)" in 57.463ms
2023-09-27 14:06:48.832 +02:00 [Information] Executed endpoint '"MyShop.Controllers.ItemController.Grid (HouseRentingSystem)"'
2023-09-27 14:06:48.832 +02:00 [Information] Request finished HTTP/1.1 GET https://localhost:7205/Item/Grid - - - 200 - text/html;+charset=utf-8 63.9496ms
2023-09-27 14:06:49.950 +02:00 [Information] Request starting HTTP/1.1 GET https://localhost:7205/Item/Table - -
2023-09-27 14:06:49.950 +02:00 [Information] Executing endpoint '"MyShop.Controllers.ItemController.Table (HouseRentingSystem)"'
2023-09-27 14:06:49.951 +02:00 [Information] Route matched with "{action = \"Table\", controller = \"Item\"}". Executing controller action with signature "System.Threading.Tasks.Task`1[Microsoft.AspNetCore.Mvc.IActionResult] Table()" on controller "MyShop.Controllers.ItemController" ("HouseRentingSystem").
2023-09-27 14:06:49.957 +02:00 [Information] Executing ViewResult, running view "Table".
2023-09-27 14:06:49.962 +02:00 [Information] Executed ViewResult - view "Table" executed in 4.5086ms.
2023-09-27 14:06:49.962 +02:00 [Information] Executed action "MyShop.Controllers.ItemController.Table (HouseRentingSystem)" in 10.999ms
2023-09-27 14:06:49.962 +02:00 [Information] Executed endpoint '"MyShop.Controllers.ItemController.Table (HouseRentingSystem)"'
2023-09-27 14:06:49.962 +02:00 [Information] Request finished HTTP/1.1 GET https://localhost:7205/Item/Table - - - 200 - text/html;+charset=utf-8 11.9542ms
2023-09-27 14:07:10.636 +02:00 [Information] Request starting HTTP/1.1 GET https://localhost:7205/Item/Grid - -
2023-09-27 14:07:10.637 +02:00 [Information] Executing endpoint '"MyShop.Controllers.ItemController.Grid (HouseRentingSystem)"'
2023-09-27 14:07:10.637 +02:00 [Information] Route matched with "{action = \"Grid\", controller = \"Item\"}". Executing controller action with signature "System.Threading.Tasks.Task`1[Microsoft.AspNetCore.Mvc.IActionResult] Grid()" on controller "MyShop.Controllers.ItemController" ("HouseRentingSystem").
2023-09-27 14:07:10.641 +02:00 [Information] Executing ViewResult, running view "Grid".
2023-09-27 14:07:10.642 +02:00 [Information] Executed ViewResult - view "Grid" executed in 1.5835ms.
2023-09-27 14:07:10.642 +02:00 [Information] Executed action "MyShop.Controllers.ItemController.Grid (HouseRentingSystem)" in 5.5657ms
2023-09-27 14:07:10.642 +02:00 [Information] Executed endpoint '"MyShop.Controllers.ItemController.Grid (HouseRentingSystem)"'
2023-09-27 14:07:10.643 +02:00 [Information] Request finished HTTP/1.1 GET https://localhost:7205/Item/Grid - - - 200 - text/html;+charset=utf-8 6.2770ms
2023-09-27 14:07:11.915 +02:00 [Information] Request starting HTTP/1.1 GET https://localhost:7205/Item/Table - -
2023-09-27 14:07:11.915 +02:00 [Information] Executing endpoint '"MyShop.Controllers.ItemController.Table (HouseRentingSystem)"'
2023-09-27 14:07:11.915 +02:00 [Information] Route matched with "{action = \"Table\", controller = \"Item\"}". Executing controller action with signature "System.Threading.Tasks.Task`1[Microsoft.AspNetCore.Mvc.IActionResult] Table()" on controller "MyShop.Controllers.ItemController" ("HouseRentingSystem").
2023-09-27 14:07:11.918 +02:00 [Information] Executing ViewResult, running view "Table".
2023-09-27 14:07:11.920 +02:00 [Information] Executed ViewResult - view "Table" executed in 1.2938ms.
2023-09-27 14:07:11.920 +02:00 [Information] Executed action "MyShop.Controllers.ItemController.Table (HouseRentingSystem)" in 4.2986ms
2023-09-27 14:07:11.920 +02:00 [Information] Executed endpoint '"MyShop.Controllers.ItemController.Table (HouseRentingSystem)"'
2023-09-27 14:07:11.920 +02:00 [Information] Request finished HTTP/1.1 GET https://localhost:7205/Item/Table - - - 200 - text/html;+charset=utf-8 4.8266ms
2023-09-27 14:07:13.653 +02:00 [Information] Request starting HTTP/1.1 GET https://localhost:7205/Item/Grid - -
2023-09-27 14:07:13.653 +02:00 [Information] Executing endpoint '"MyShop.Controllers.ItemController.Grid (HouseRentingSystem)"'
2023-09-27 14:07:13.653 +02:00 [Information] Route matched with "{action = \"Grid\", controller = \"Item\"}". Executing controller action with signature "System.Threading.Tasks.Task`1[Microsoft.AspNetCore.Mvc.IActionResult] Grid()" on controller "MyShop.Controllers.ItemController" ("HouseRentingSystem").
2023-09-27 14:07:13.657 +02:00 [Information] Executing ViewResult, running view "Grid".
2023-09-27 14:07:13.658 +02:00 [Information] Executed ViewResult - view "Grid" executed in 1.2587ms.
2023-09-27 14:07:13.658 +02:00 [Information] Executed action "MyShop.Controllers.ItemController.Grid (HouseRentingSystem)" in 4.7859ms
2023-09-27 14:07:13.658 +02:00 [Information] Executed endpoint '"MyShop.Controllers.ItemController.Grid (HouseRentingSystem)"'
2023-09-27 14:07:13.658 +02:00 [Information] Request finished HTTP/1.1 GET https://localhost:7205/Item/Grid - - - 200 - text/html;+charset=utf-8 5.4802ms
2023-09-27 14:07:25.234 +02:00 [Information] Request starting HTTP/1.1 GET https://localhost:7205/Item/Table - -
2023-09-27 14:07:25.235 +02:00 [Information] Executing endpoint '"MyShop.Controllers.ItemController.Table (HouseRentingSystem)"'
2023-09-27 14:07:25.235 +02:00 [Information] Route matched with "{action = \"Table\", controller = \"Item\"}". Executing controller action with signature "System.Threading.Tasks.Task`1[Microsoft.AspNetCore.Mvc.IActionResult] Table()" on controller "MyShop.Controllers.ItemController" ("HouseRentingSystem").
2023-09-27 14:07:25.238 +02:00 [Information] Executing ViewResult, running view "Table".
2023-09-27 14:07:25.240 +02:00 [Information] Executed ViewResult - view "Table" executed in 2.0805ms.
2023-09-27 14:07:25.240 +02:00 [Information] Executed action "MyShop.Controllers.ItemController.Table (HouseRentingSystem)" in 5.3283ms
2023-09-27 14:07:25.240 +02:00 [Information] Executed endpoint '"MyShop.Controllers.ItemController.Table (HouseRentingSystem)"'
2023-09-27 14:07:25.240 +02:00 [Information] Request finished HTTP/1.1 GET https://localhost:7205/Item/Table - - - 200 - text/html;+charset=utf-8 6.0436ms
2023-09-27 14:07:28.787 +02:00 [Information] Request starting HTTP/1.1 GET https://localhost:7205/Item/Grid - -
2023-09-27 14:07:28.787 +02:00 [Information] Executing endpoint '"MyShop.Controllers.ItemController.Grid (HouseRentingSystem)"'
2023-09-27 14:07:28.787 +02:00 [Information] Route matched with "{action = \"Grid\", controller = \"Item\"}". Executing controller action with signature "System.Threading.Tasks.Task`1[Microsoft.AspNetCore.Mvc.IActionResult] Grid()" on controller "MyShop.Controllers.ItemController" ("HouseRentingSystem").
2023-09-27 14:07:28.791 +02:00 [Information] Executing ViewResult, running view "Grid".
2023-09-27 14:07:28.792 +02:00 [Information] Executed ViewResult - view "Grid" executed in 1.2432ms.
2023-09-27 14:07:28.792 +02:00 [Information] Executed action "MyShop.Controllers.ItemController.Grid (HouseRentingSystem)" in 4.9912ms
2023-09-27 14:07:28.792 +02:00 [Information] Executed endpoint '"MyShop.Controllers.ItemController.Grid (HouseRentingSystem)"'
2023-09-27 14:07:28.793 +02:00 [Information] Request finished HTTP/1.1 GET https://localhost:7205/Item/Grid - - - 200 - text/html;+charset=utf-8 5.8425ms
2023-09-27 14:07:36.169 +02:00 [Information] Request starting HTTP/1.1 GET https://localhost:7205/ - -
2023-09-27 14:07:36.170 +02:00 [Information] Executing endpoint '"HouseRentingSystem.Controllers.HomeController.Index (HouseRentingSystem)"'
2023-09-27 14:07:36.170 +02:00 [Information] Route matched with "{action = \"Index\", controller = \"Home\"}". Executing controller action with signature "Microsoft.AspNetCore.Mvc.IActionResult Index()" on controller "HouseRentingSystem.Controllers.HomeController" ("HouseRentingSystem").
2023-09-27 14:07:36.170 +02:00 [Information] Executing ViewResult, running view "Index".
2023-09-27 14:07:36.171 +02:00 [Information] Executed ViewResult - view "Index" executed in 1.0472ms.
2023-09-27 14:07:36.171 +02:00 [Information] Executed action "HouseRentingSystem.Controllers.HomeController.Index (HouseRentingSystem)" in 1.3741ms
2023-09-27 14:07:36.171 +02:00 [Information] Executed endpoint '"HouseRentingSystem.Controllers.HomeController.Index (HouseRentingSystem)"'
2023-09-27 14:07:36.171 +02:00 [Information] Request finished HTTP/1.1 GET https://localhost:7205/ - - - 200 - text/html;+charset=utf-8 2.4707ms
