2023-10-03 09:43:14.965 +02:00 [Information] User profile is available. Using '"C:\Users\unnis\AppData\Local\ASP.NET\DataProtection-Keys"' as key repository and Windows DPAPI to encrypt keys at rest.
2023-10-03 09:43:15.571 +02:00 [Information] Now listening on: "https://localhost:7205"
2023-10-03 09:43:15.572 +02:00 [Information] Now listening on: "http://localhost:5112"
2023-10-03 09:43:15.581 +02:00 [Information] Application started. Press Ctrl+C to shut down.
2023-10-03 09:43:15.584 +02:00 [Information] Hosting environment: "Development"
2023-10-03 09:43:15.586 +02:00 [Information] Content root path: "C:\Users\unnis\OneDrive - OsloMet\5.semester\ITPE3200 Webappplikasjoner\Projects\HouseRentingSystem\HouseRentingSystem\"
2023-10-03 09:43:16.642 +02:00 [Information] Request starting HTTP/2 GET https://localhost:7205/ - -
2023-10-03 09:43:16.779 +02:00 [Information] Executing endpoint '"HouseRentingSystem.Controllers.HomeController.Index (HouseRentingSystem)"'
2023-10-03 09:43:16.804 +02:00 [Information] Route matched with "{action = \"Index\", controller = \"Home\"}". Executing controller action with signature "Microsoft.AspNetCore.Mvc.IActionResult Index()" on controller "HouseRentingSystem.Controllers.HomeController" ("HouseRentingSystem").
2023-10-03 09:43:16.973 +02:00 [Information] Executing action method "HouseRentingSystem.Controllers.HomeController.Index (HouseRentingSystem)" - Validation state: Valid
2023-10-03 09:43:16.981 +02:00 [Information] Executed action method "HouseRentingSystem.Controllers.HomeController.Index (HouseRentingSystem)", returned result "Microsoft.AspNetCore.Mvc.ViewResult" in 1.005ms.
2023-10-03 09:43:16.996 +02:00 [Information] Executing ViewResult, running view "Index".
2023-10-03 09:43:17.331 +02:00 [Information] Executed ViewResult - view "Index" executed in 339.4502ms.
2023-10-03 09:43:17.338 +02:00 [Information] Executed action "HouseRentingSystem.Controllers.HomeController.Index (HouseRentingSystem)" in 533.3363ms
2023-10-03 09:43:17.339 +02:00 [Information] Executed endpoint '"HouseRentingSystem.Controllers.HomeController.Index (HouseRentingSystem)"'
2023-10-03 09:43:17.390 +02:00 [Information] Request finished HTTP/2 GET https://localhost:7205/ - - - 200 - text/html;+charset=utf-8 753.2109ms
2023-10-03 09:43:17.395 +02:00 [Information] Request starting HTTP/2 GET https://localhost:7205/lib/jquery-validation-unobtrusive/jquery.validate.unobtrusive.js - -
2023-10-03 09:43:17.395 +02:00 [Information] Request starting HTTP/2 GET https://localhost:7205/lib/jquery-validate/jquery.validate.js - -
2023-10-03 09:43:17.395 +02:00 [Information] Request starting HTTP/2 GET https://localhost:7205/lib/jquery/jquery.js - -
2023-10-03 09:43:17.395 +02:00 [Information] Request starting HTTP/2 GET https://localhost:7205/lib/bootstrap/js/bootstrap.js - -
2023-10-03 09:43:17.421 +02:00 [Information] The file "/lib/bootstrap/js/bootstrap.js" was not modified
2023-10-03 09:43:17.421 +02:00 [Information] The file "/lib/jquery-validate/jquery.validate.js" was not modified
2023-10-03 09:43:17.421 +02:00 [Information] The file "/lib/jquery-validation-unobtrusive/jquery.validate.unobtrusive.js" was not modified
2023-10-03 09:43:17.421 +02:00 [Information] The file "/lib/jquery/jquery.js" was not modified
2023-10-03 09:43:17.422 +02:00 [Information] Request finished HTTP/2 GET https://localhost:7205/lib/jquery-validate/jquery.validate.js - - - 304 - application/javascript 26.8867ms
2023-10-03 09:43:17.422 +02:00 [Information] Request finished HTTP/2 GET https://localhost:7205/lib/jquery/jquery.js - - - 304 - application/javascript 26.8866ms
2023-10-03 09:43:17.422 +02:00 [Information] Request finished HTTP/2 GET https://localhost:7205/lib/jquery-validation-unobtrusive/jquery.validate.unobtrusive.js - - - 304 - application/javascript 26.8866ms
2023-10-03 09:43:17.422 +02:00 [Information] Request finished HTTP/2 GET https://localhost:7205/lib/bootstrap/js/bootstrap.js - - - 304 - application/javascript 26.8866ms
2023-10-03 09:43:17.443 +02:00 [Information] Request starting HTTP/2 GET https://localhost:7205/_framework/aspnetcore-browser-refresh.js - -
2023-10-03 09:43:17.449 +02:00 [Information] Request finished HTTP/2 GET https://localhost:7205/_framework/aspnetcore-browser-refresh.js - - - 200 12368 application/javascript;+charset=utf-8 5.9255ms
2023-10-03 09:43:17.458 +02:00 [Information] Request starting HTTP/2 GET https://localhost:7205/images/6.jpg - -
2023-10-03 09:43:17.459 +02:00 [Information] The file "/images/6.jpg" was not modified
2023-10-03 09:43:17.459 +02:00 [Information] Request finished HTTP/2 GET https://localhost:7205/images/6.jpg - - - 304 - image/jpeg 1.7094ms
2023-10-03 09:43:17.466 +02:00 [Information] Request starting HTTP/2 GET https://localhost:7205/images/7.jpg - -
2023-10-03 09:43:17.466 +02:00 [Information] The file "/images/7.jpg" was not modified
2023-10-03 09:43:17.467 +02:00 [Information] Request finished HTTP/2 GET https://localhost:7205/images/7.jpg - - - 304 - image/jpeg 0.7225ms
2023-10-03 09:43:17.473 +02:00 [Information] Request starting HTTP/2 GET https://localhost:7205/images/8.jpg - -
2023-10-03 09:43:17.473 +02:00 [Information] The file "/images/8.jpg" was not modified
2023-10-03 09:43:17.474 +02:00 [Information] Request finished HTTP/2 GET https://localhost:7205/images/8.jpg - - - 304 - image/jpeg 0.6010ms
2023-10-03 09:43:17.479 +02:00 [Information] Request starting HTTP/2 GET https://localhost:7205/_vs/browserLink - -
2023-10-03 09:43:17.509 +02:00 [Information] Request finished HTTP/2 GET https://localhost:7205/_vs/browserLink - - - 200 - text/javascript;+charset=UTF-8 30.3115ms
