2023-10-10 17:32:03.611 +02:00 [Information] User profile is available. Using '"C:\Users\berry\AppData\Local\ASP.NET\DataProtection-Keys"' as key repository and Windows DPAPI to encrypt keys at rest.
2023-10-10 17:32:03.783 +02:00 [Information] Now listening on: "https://localhost:7205"
2023-10-10 17:32:03.785 +02:00 [Information] Now listening on: "http://localhost:5112"
2023-10-10 17:32:03.792 +02:00 [Information] Application started. Press Ctrl+C to shut down.
2023-10-10 17:32:03.795 +02:00 [Information] Hosting environment: "Development"
2023-10-10 17:32:03.798 +02:00 [Information] Content root path: "C:\Users\berry\OneDrive - OsloMet\Webappikasjon\Project\HouseRentingSystem\"
2023-10-10 17:32:04.435 +02:00 [Information] Request starting HTTP/2 GET https://localhost:7205/ - -
2023-10-10 17:32:04.506 +02:00 [Information] Executing endpoint '"HouseRentingSystem.Controllers.HomeController.Index (HouseRentingSystem)"'
2023-10-10 17:32:04.524 +02:00 [Information] Route matched with "{action = \"Index\", controller = \"Home\"}". Executing controller action with signature "Microsoft.AspNetCore.Mvc.IActionResult Index()" on controller "HouseRentingSystem.Controllers.HomeController" ("HouseRentingSystem").
2023-10-10 17:32:04.579 +02:00 [Information] Executing action method "HouseRentingSystem.Controllers.HomeController.Index (HouseRentingSystem)" - Validation state: Valid
2023-10-10 17:32:04.587 +02:00 [Information] Executed action method "HouseRentingSystem.Controllers.HomeController.Index (HouseRentingSystem)", returned result "Microsoft.AspNetCore.Mvc.ViewResult" in 0.7813ms.
2023-10-10 17:32:04.598 +02:00 [Information] Executing ViewResult, running view "Index".
2023-10-10 17:32:04.768 +02:00 [Information] Executed ViewResult - view "Index" executed in 170.0228ms.
2023-10-10 17:32:04.773 +02:00 [Information] Executed action "HouseRentingSystem.Controllers.HomeController.Index (HouseRentingSystem)" in 248.7511ms
2023-10-10 17:32:04.773 +02:00 [Information] Executed endpoint '"HouseRentingSystem.Controllers.HomeController.Index (HouseRentingSystem)"'
2023-10-10 17:32:04.802 +02:00 [Information] Request finished HTTP/2 GET https://localhost:7205/ - - - 200 - text/html;+charset=utf-8 373.2977ms
2023-10-10 17:32:04.816 +02:00 [Information] Request starting HTTP/2 GET https://localhost:7205/path_to_image_for_Modum - -
2023-10-10 17:32:04.816 +02:00 [Information] Request starting HTTP/2 GET https://localhost:7205/_vs/browserLink - -
2023-10-10 17:32:04.817 +02:00 [Information] Request starting HTTP/2 GET https://localhost:7205/_framework/aspnetcore-browser-refresh.js - -
2023-10-10 17:32:04.819 +02:00 [Information] Request finished HTTP/2 GET https://localhost:7205/path_to_image_for_Modum - - - 404 0 - 2.9308ms
2023-10-10 17:32:04.828 +02:00 [Information] Request finished HTTP/2 GET https://localhost:7205/_framework/aspnetcore-browser-refresh.js - - - 200 12368 application/javascript;+charset=utf-8 11.2348ms
2023-10-10 17:32:04.837 +02:00 [Information] Request finished HTTP/2 GET https://localhost:7205/_vs/browserLink - - - 200 - text/javascript;+charset=UTF-8 21.0399ms
