2023-10-10 13:30:08.966 +02:00 [Information] User profile is available. Using '"C:\Users\berry\AppData\Local\ASP.NET\DataProtection-Keys"' as key repository and Windows DPAPI to encrypt keys at rest.
2023-10-10 13:30:09.127 +02:00 [Information] Now listening on: "https://localhost:7205"
2023-10-10 13:30:09.128 +02:00 [Information] Now listening on: "http://localhost:5112"
2023-10-10 13:30:09.135 +02:00 [Information] Application started. Press Ctrl+C to shut down.
2023-10-10 13:30:09.137 +02:00 [Information] Hosting environment: "Development"
2023-10-10 13:30:09.138 +02:00 [Information] Content root path: "C:\Users\berry\OneDrive - OsloMet\Webappikasjon\Project\HouseRentingSystem\"
2023-10-10 13:30:09.612 +02:00 [Information] Request starting HTTP/2 GET https://localhost:7205/ - -
2023-10-10 13:30:09.670 +02:00 [Information] Executing endpoint '"HouseRentingSystem.Controllers.HomeController.Index (HouseRentingSystem)"'
2023-10-10 13:30:09.682 +02:00 [Information] Route matched with "{action = \"Index\", controller = \"Home\"}". Executing controller action with signature "Microsoft.AspNetCore.Mvc.IActionResult Index()" on controller "HouseRentingSystem.Controllers.HomeController" ("HouseRentingSystem").
2023-10-10 13:30:09.734 +02:00 [Information] Executing action method "HouseRentingSystem.Controllers.HomeController.Index (HouseRentingSystem)" - Validation state: Valid
2023-10-10 13:30:09.740 +02:00 [Information] Executed action method "HouseRentingSystem.Controllers.HomeController.Index (HouseRentingSystem)", returned result "Microsoft.AspNetCore.Mvc.ViewResult" in 0.5993ms.
2023-10-10 13:30:09.749 +02:00 [Information] Executing ViewResult, running view "Index".
2023-10-10 13:30:09.901 +02:00 [Information] Executed ViewResult - view "Index" executed in 153.1324ms.
2023-10-10 13:30:09.905 +02:00 [Information] Executed action "HouseRentingSystem.Controllers.HomeController.Index (HouseRentingSystem)" in 222.582ms
2023-10-10 13:30:09.905 +02:00 [Information] Executed endpoint '"HouseRentingSystem.Controllers.HomeController.Index (HouseRentingSystem)"'
2023-10-10 13:30:09.934 +02:00 [Information] Request finished HTTP/2 GET https://localhost:7205/ - - - 200 - text/html;+charset=utf-8 326.4804ms
2023-10-10 13:30:09.948 +02:00 [Information] Request starting HTTP/2 GET https://localhost:7205/_framework/aspnetcore-browser-refresh.js - -
2023-10-10 13:30:09.951 +02:00 [Information] Request finished HTTP/2 GET https://localhost:7205/_framework/aspnetcore-browser-refresh.js - - - 200 12368 application/javascript;+charset=utf-8 2.9629ms
2023-10-10 13:30:09.954 +02:00 [Information] Request starting HTTP/2 GET https://localhost:7205/path_to_image_for_Modum - -
2023-10-10 13:30:09.956 +02:00 [Information] Request finished HTTP/2 GET https://localhost:7205/path_to_image_for_Modum - - - 404 0 - 2.2434ms
2023-10-10 13:30:09.958 +02:00 [Information] Request starting HTTP/2 GET https://localhost:7205/_vs/browserLink - -
2023-10-10 13:30:09.976 +02:00 [Information] Request finished HTTP/2 GET https://localhost:7205/_vs/browserLink - - - 200 - text/javascript;+charset=UTF-8 18.1833ms
2023-10-10 13:30:10.098 +02:00 [Information] Request starting HTTP/2 GET https://localhost:7205/path_to_image_for_Modum - -
2023-10-10 13:30:10.100 +02:00 [Information] Request finished HTTP/2 GET https://localhost:7205/path_to_image_for_Modum - - - 404 0 - 1.7035ms
