2023-10-03 19:47:36.541 +02:00 [Information] User profile is available. Using '"C:\Users\unnis\AppData\Local\ASP.NET\DataProtection-Keys"' as key repository and Windows DPAPI to encrypt keys at rest.
2023-10-03 19:47:37.166 +02:00 [Information] Now listening on: "https://localhost:7205"
2023-10-03 19:47:37.169 +02:00 [Information] Now listening on: "http://localhost:5112"
2023-10-03 19:47:37.180 +02:00 [Information] Application started. Press Ctrl+C to shut down.
2023-10-03 19:47:37.184 +02:00 [Information] Hosting environment: "Development"
2023-10-03 19:47:37.186 +02:00 [Information] Content root path: "C:\Users\unnis\OneDrive - OsloMet\5.semester\ITPE3200 Webappplikasjoner\Projects\HouseRentingSystem\HouseRentingSystem\"
2023-10-03 19:47:37.544 +02:00 [Information] Request starting HTTP/2 GET https://localhost:7205/ - -
2023-10-03 19:47:37.636 +02:00 [Information] Executing endpoint '"HouseRentingSystem.Controllers.HomeController.Index (HouseRentingSystem)"'
2023-10-03 19:47:37.656 +02:00 [Information] Route matched with "{action = \"Index\", controller = \"Home\"}". Executing controller action with signature "Microsoft.AspNetCore.Mvc.IActionResult Index()" on controller "HouseRentingSystem.Controllers.HomeController" ("HouseRentingSystem").
2023-10-03 19:47:37.715 +02:00 [Information] Executing action method "HouseRentingSystem.Controllers.HomeController.Index (HouseRentingSystem)" - Validation state: Valid
2023-10-03 19:47:37.722 +02:00 [Information] Executed action method "HouseRentingSystem.Controllers.HomeController.Index (HouseRentingSystem)", returned result "Microsoft.AspNetCore.Mvc.ViewResult" in 0.7032ms.
2023-10-03 19:47:37.731 +02:00 [Information] Executing ViewResult, running view "Index".
2023-10-03 19:47:37.930 +02:00 [Information] Executed ViewResult - view "Index" executed in 198.0601ms.
2023-10-03 19:47:37.939 +02:00 [Information] Executed action "HouseRentingSystem.Controllers.HomeController.Index (HouseRentingSystem)" in 282.2282ms
2023-10-03 19:47:37.940 +02:00 [Information] Executed endpoint '"HouseRentingSystem.Controllers.HomeController.Index (HouseRentingSystem)"'
2023-10-03 19:47:37.976 +02:00 [Information] Request finished HTTP/2 GET https://localhost:7205/ - - - 200 - text/html;+charset=utf-8 437.9005ms
2023-10-03 19:47:38.004 +02:00 [Information] Request starting HTTP/2 GET https://localhost:7205/_framework/aspnetcore-browser-refresh.js - -
2023-10-03 19:47:38.010 +02:00 [Information] Request finished HTTP/2 GET https://localhost:7205/_framework/aspnetcore-browser-refresh.js - - - 200 12368 application/javascript;+charset=utf-8 5.7092ms
2023-10-03 19:47:38.028 +02:00 [Information] Request starting HTTP/2 GET https://localhost:7205/_vs/browserLink - -
2023-10-03 19:47:38.047 +02:00 [Information] Request finished HTTP/2 GET https://localhost:7205/_vs/browserLink - - - 200 - text/javascript;+charset=UTF-8 19.1531ms
2023-10-03 20:02:51.780 +02:00 [Information] Request starting HTTP/2 GET https://localhost:7205/_framework/clear-browser-cache - -
2023-10-03 20:02:51.789 +02:00 [Information] Request finished HTTP/2 GET https://localhost:7205/_framework/clear-browser-cache - - - 200 0 - 9.0398ms
