2023-09-27 22:00:02.782 +02:00 [Information] User profile is available. Using '"C:\Users\unnis\AppData\Local\ASP.NET\DataProtection-Keys"' as key repository and Windows DPAPI to encrypt keys at rest.
2023-09-27 22:00:02.982 +02:00 [Information] Now listening on: "https://localhost:7205"
2023-09-27 22:00:02.983 +02:00 [Information] Now listening on: "http://localhost:5112"
2023-09-27 22:00:02.991 +02:00 [Information] Application started. Press Ctrl+C to shut down.
2023-09-27 22:00:02.993 +02:00 [Information] Hosting environment: "Development"
2023-09-27 22:00:02.995 +02:00 [Information] Content root path: "C:\Users\unnis\OneDrive - OsloMet\5.semester\ITPE3200 Webappplikasjoner\Projects\HouseRentingSystem\HouseRentingSystem\"
2023-09-27 22:00:03.439 +02:00 [Information] Request starting HTTP/2 GET https://localhost:7205/ - -
2023-09-27 22:00:03.517 +02:00 [Information] Executing endpoint '"HouseRentingSystem.Controllers.HomeController.Index (HouseRentingSystem)"'
2023-09-27 22:00:03.535 +02:00 [Information] Route matched with "{action = \"Index\", controller = \"Home\"}". Executing controller action with signature "Microsoft.AspNetCore.Mvc.IActionResult Index()" on controller "HouseRentingSystem.Controllers.HomeController" ("HouseRentingSystem").
2023-09-27 22:00:03.595 +02:00 [Information] Executing action method "HouseRentingSystem.Controllers.HomeController.Index (HouseRentingSystem)" - Validation state: Valid
2023-09-27 22:00:03.603 +02:00 [Information] Executed action method "HouseRentingSystem.Controllers.HomeController.Index (HouseRentingSystem)", returned result "Microsoft.AspNetCore.Mvc.ViewResult" in 0.8764ms.
2023-09-27 22:00:03.615 +02:00 [Information] Executing ViewResult, running view "Index".
2023-09-27 22:00:03.800 +02:00 [Information] Executed ViewResult - view "Index" executed in 186.478ms.
2023-09-27 22:00:03.808 +02:00 [Information] Executed action "HouseRentingSystem.Controllers.HomeController.Index (HouseRentingSystem)" in 272.1291ms
2023-09-27 22:00:03.809 +02:00 [Information] Executed endpoint '"HouseRentingSystem.Controllers.HomeController.Index (HouseRentingSystem)"'
2023-09-27 22:00:03.838 +02:00 [Information] Request finished HTTP/2 GET https://localhost:7205/ - - - 200 - text/html;+charset=utf-8 403.2208ms
2023-09-27 22:00:03.865 +02:00 [Information] Request starting HTTP/2 GET https://localhost:7205/_framework/aspnetcore-browser-refresh.js - -
2023-09-27 22:00:03.869 +02:00 [Information] Request starting HTTP/2 GET https://localhost:7205/_vs/browserLink - -
2023-09-27 22:00:03.872 +02:00 [Information] Request finished HTTP/2 GET https://localhost:7205/_framework/aspnetcore-browser-refresh.js - - - 200 12368 application/javascript;+charset=utf-8 6.1752ms
2023-09-27 22:00:03.891 +02:00 [Information] Request finished HTTP/2 GET https://localhost:7205/_vs/browserLink - - - 200 - text/javascript;+charset=UTF-8 21.5209ms
