2023-09-27 20:18:40.693 +02:00 [Information] User profile is available. Using '"C:\Users\unnis\AppData\Local\ASP.NET\DataProtection-Keys"' as key repository and Windows DPAPI to encrypt keys at rest.
2023-09-27 20:18:40.964 +02:00 [Information] Now listening on: "https://localhost:7205"
2023-09-27 20:18:40.966 +02:00 [Information] Now listening on: "http://localhost:5112"
2023-09-27 20:18:40.976 +02:00 [Information] Application started. Press Ctrl+C to shut down.
2023-09-27 20:18:40.979 +02:00 [Information] Hosting environment: "Development"
2023-09-27 20:18:40.980 +02:00 [Information] Content root path: "C:\Users\unnis\OneDrive - OsloMet\5.semester\ITPE3200 Webappplikasjoner\Projects\HouseRentingSystem\HouseRentingSystem\"
2023-09-27 20:18:41.909 +02:00 [Information] Request starting HTTP/2 GET https://localhost:7205/ - -
2023-09-27 20:18:42.012 +02:00 [Information] Executing endpoint '"HouseRentingSystem.Controllers.HomeController.Index (HouseRentingSystem)"'
2023-09-27 20:18:42.034 +02:00 [Information] Route matched with "{action = \"Index\", controller = \"Home\"}". Executing controller action with signature "Microsoft.AspNetCore.Mvc.IActionResult Index()" on controller "HouseRentingSystem.Controllers.HomeController" ("HouseRentingSystem").
2023-09-27 20:18:42.110 +02:00 [Information] Executing action method "HouseRentingSystem.Controllers.HomeController.Index (HouseRentingSystem)" - Validation state: Valid
2023-09-27 20:18:42.116 +02:00 [Information] Executed action method "HouseRentingSystem.Controllers.HomeController.Index (HouseRentingSystem)", returned result "Microsoft.AspNetCore.Mvc.ViewResult" in 0.806ms.
2023-09-27 20:18:42.129 +02:00 [Information] Executing ViewResult, running view "Index".
2023-09-27 20:18:42.344 +02:00 [Information] Executed ViewResult - view "Index" executed in 217.8038ms.
2023-09-27 20:18:42.351 +02:00 [Information] Executed action "HouseRentingSystem.Controllers.HomeController.Index (HouseRentingSystem)" in 316.6851ms
2023-09-27 20:18:42.352 +02:00 [Information] Executed endpoint '"HouseRentingSystem.Controllers.HomeController.Index (HouseRentingSystem)"'
2023-09-27 20:18:42.392 +02:00 [Information] Request finished HTTP/2 GET https://localhost:7205/ - - - 200 - text/html;+charset=utf-8 488.6116ms
2023-09-27 20:18:42.392 +02:00 [Information] Request starting HTTP/2 GET https://localhost:7205/lib/jquery-validate/jquery.validate.js - -
2023-09-27 20:18:42.393 +02:00 [Information] Request starting HTTP/2 GET https://localhost:7205/lib/jquery/jquery.js - -
2023-09-27 20:18:42.393 +02:00 [Information] Request starting HTTP/2 GET https://localhost:7205/lib/bootstrap/js/bootstrap.js - -
2023-09-27 20:18:42.393 +02:00 [Information] Request starting HTTP/2 GET https://localhost:7205/lib/jquery-validation-unobtrusive/jquery.validate.unobtrusive.js - -
2023-09-27 20:18:42.461 +02:00 [Information] The file "/lib/jquery-validation-unobtrusive/jquery.validate.unobtrusive.js" was not modified
2023-09-27 20:18:42.461 +02:00 [Information] The file "/lib/jquery-validate/jquery.validate.js" was not modified
2023-09-27 20:18:42.461 +02:00 [Information] The file "/lib/bootstrap/js/bootstrap.js" was not modified
2023-09-27 20:18:42.461 +02:00 [Information] The file "/lib/jquery/jquery.js" was not modified
2023-09-27 20:18:42.462 +02:00 [Information] Request finished HTTP/2 GET https://localhost:7205/lib/jquery/jquery.js - - - 304 - application/javascript 69.6014ms
2023-09-27 20:18:42.462 +02:00 [Information] Request finished HTTP/2 GET https://localhost:7205/lib/jquery-validate/jquery.validate.js - - - 304 - application/javascript 69.6114ms
2023-09-27 20:18:42.462 +02:00 [Information] Request finished HTTP/2 GET https://localhost:7205/lib/bootstrap/js/bootstrap.js - - - 304 - application/javascript 69.5415ms
2023-09-27 20:18:42.463 +02:00 [Information] Request finished HTTP/2 GET https://localhost:7205/lib/jquery-validation-unobtrusive/jquery.validate.unobtrusive.js - - - 304 - application/javascript 70.2257ms
2023-09-27 20:18:42.508 +02:00 [Information] Request starting HTTP/2 GET https://localhost:7205/_framework/aspnetcore-browser-refresh.js - -
2023-09-27 20:18:42.513 +02:00 [Information] Request finished HTTP/2 GET https://localhost:7205/_framework/aspnetcore-browser-refresh.js - - - 200 12368 application/javascript;+charset=utf-8 5.1396ms
2023-09-27 20:18:42.521 +02:00 [Information] Request starting HTTP/2 GET https://localhost:7205/images/6.jpg - -
2023-09-27 20:18:42.522 +02:00 [Information] The file "/images/6.jpg" was not modified
2023-09-27 20:18:42.523 +02:00 [Information] Request finished HTTP/2 GET https://localhost:7205/images/6.jpg - - - 304 - image/jpeg 1.8230ms
2023-09-27 20:18:42.529 +02:00 [Information] Request starting HTTP/2 GET https://localhost:7205/images/7.jpg - -
2023-09-27 20:18:42.530 +02:00 [Information] The file "/images/7.jpg" was not modified
2023-09-27 20:18:42.530 +02:00 [Information] Request finished HTTP/2 GET https://localhost:7205/images/7.jpg - - - 304 - image/jpeg 0.5004ms
2023-09-27 20:18:42.536 +02:00 [Information] Request starting HTTP/2 GET https://localhost:7205/images/8.jpg - -
2023-09-27 20:18:42.536 +02:00 [Information] The file "/images/8.jpg" was not modified
2023-09-27 20:18:42.536 +02:00 [Information] Request finished HTTP/2 GET https://localhost:7205/images/8.jpg - - - 304 - image/jpeg 0.5015ms
2023-09-27 20:18:42.543 +02:00 [Information] Request starting HTTP/2 GET https://localhost:7205/_vs/browserLink - -
2023-09-27 20:18:42.563 +02:00 [Information] Request finished HTTP/2 GET https://localhost:7205/_vs/browserLink - - - 200 - text/javascript;+charset=UTF-8 19.8767ms
