2023-09-27 22:01:56.652 +02:00 [Information] User profile is available. Using '"C:\Users\unnis\AppData\Local\ASP.NET\DataProtection-Keys"' as key repository and Windows DPAPI to encrypt keys at rest.
2023-09-27 22:01:56.883 +02:00 [Information] Now listening on: "https://localhost:7205"
2023-09-27 22:01:56.885 +02:00 [Information] Now listening on: "http://localhost:5112"
2023-09-27 22:01:56.898 +02:00 [Information] Application started. Press Ctrl+C to shut down.
2023-09-27 22:01:56.902 +02:00 [Information] Hosting environment: "Development"
2023-09-27 22:01:56.905 +02:00 [Information] Content root path: "C:\Users\unnis\OneDrive - OsloMet\5.semester\ITPE3200 Webappplikasjoner\Projects\HouseRentingSystem\HouseRentingSystem\"
2023-09-27 22:01:57.639 +02:00 [Information] Request starting HTTP/2 GET https://localhost:7205/ - -
2023-09-27 22:01:57.727 +02:00 [Information] Executing endpoint '"HouseRentingSystem.Controllers.HomeController.Index (HouseRentingSystem)"'
2023-09-27 22:01:57.744 +02:00 [Information] Route matched with "{action = \"Index\", controller = \"Home\"}". Executing controller action with signature "Microsoft.AspNetCore.Mvc.IActionResult Index()" on controller "HouseRentingSystem.Controllers.HomeController" ("HouseRentingSystem").
2023-09-27 22:01:57.807 +02:00 [Information] Executing action method "HouseRentingSystem.Controllers.HomeController.Index (HouseRentingSystem)" - Validation state: Valid
2023-09-27 22:01:57.813 +02:00 [Information] Executed action method "HouseRentingSystem.Controllers.HomeController.Index (HouseRentingSystem)", returned result "Microsoft.AspNetCore.Mvc.ViewResult" in 0.6488ms.
2023-09-27 22:01:57.824 +02:00 [Information] Executing ViewResult, running view "Index".
2023-09-27 22:01:58.003 +02:00 [Information] Executed ViewResult - view "Index" executed in 180.6073ms.
2023-09-27 22:01:58.010 +02:00 [Information] Executed action "HouseRentingSystem.Controllers.HomeController.Index (HouseRentingSystem)" in 266.0042ms
2023-09-27 22:01:58.011 +02:00 [Information] Executed endpoint '"HouseRentingSystem.Controllers.HomeController.Index (HouseRentingSystem)"'
2023-09-27 22:01:58.041 +02:00 [Information] Request finished HTTP/2 GET https://localhost:7205/ - - - 200 - text/html;+charset=utf-8 407.6079ms
2023-09-27 22:01:58.065 +02:00 [Information] Request starting HTTP/2 GET https://localhost:7205/_framework/aspnetcore-browser-refresh.js - -
2023-09-27 22:01:58.070 +02:00 [Information] Request starting HTTP/2 GET https://localhost:7205/_vs/browserLink - -
2023-09-27 22:01:58.072 +02:00 [Information] Request finished HTTP/2 GET https://localhost:7205/_framework/aspnetcore-browser-refresh.js - - - 200 12368 application/javascript;+charset=utf-8 7.1794ms
2023-09-27 22:01:58.092 +02:00 [Information] Request finished HTTP/2 GET https://localhost:7205/_vs/browserLink - - - 200 - text/javascript;+charset=UTF-8 21.7182ms
