2023-09-27 14:37:53.828 +02:00 [Information] User profile is available. Using '"C:\Users\unnis\AppData\Local\ASP.NET\DataProtection-Keys"' as key repository and Windows DPAPI to encrypt keys at rest.
2023-09-27 14:37:54.025 +02:00 [Information] Now listening on: "https://localhost:7205"
2023-09-27 14:37:54.027 +02:00 [Information] Now listening on: "http://localhost:5112"
2023-09-27 14:37:54.037 +02:00 [Information] Application started. Press Ctrl+C to shut down.
2023-09-27 14:37:54.039 +02:00 [Information] Hosting environment: "Development"
2023-09-27 14:37:54.041 +02:00 [Information] Content root path: "C:\Users\unnis\OneDrive - OsloMet\5.semester\ITPE3200 Webappplikasjoner\Projects\HouseRentingSystem\HouseRentingSystem\"
2023-09-27 14:37:54.794 +02:00 [Information] Request starting HTTP/2 GET https://localhost:7205/ - -
2023-09-27 14:37:54.875 +02:00 [Information] Executing endpoint '"HouseRentingSystem.Controllers.HomeController.Index (HouseRentingSystem)"'
2023-09-27 14:37:54.897 +02:00 [Information] Route matched with "{action = \"Index\", controller = \"Home\"}". Executing controller action with signature "Microsoft.AspNetCore.Mvc.IActionResult Index()" on controller "HouseRentingSystem.Controllers.HomeController" ("HouseRentingSystem").
2023-09-27 14:37:54.977 +02:00 [Information] Executing action method "HouseRentingSystem.Controllers.HomeController.Index (HouseRentingSystem)" - Validation state: Valid
2023-09-27 14:37:54.984 +02:00 [Information] Executed action method "HouseRentingSystem.Controllers.HomeController.Index (HouseRentingSystem)", returned result "Microsoft.AspNetCore.Mvc.ViewResult" in 0.8619ms.
2023-09-27 14:37:54.994 +02:00 [Information] Executing ViewResult, running view "Index".
2023-09-27 14:37:55.178 +02:00 [Information] Executed ViewResult - view "Index" executed in 185.1636ms.
2023-09-27 14:37:55.185 +02:00 [Information] Executed action "HouseRentingSystem.Controllers.HomeController.Index (HouseRentingSystem)" in 286.6725ms
2023-09-27 14:37:55.186 +02:00 [Information] Executed endpoint '"HouseRentingSystem.Controllers.HomeController.Index (HouseRentingSystem)"'
2023-09-27 14:37:55.217 +02:00 [Information] Request finished HTTP/2 GET https://localhost:7205/ - - - 200 - text/html;+charset=utf-8 427.5317ms
2023-09-27 14:37:55.252 +02:00 [Information] Request starting HTTP/2 GET https://localhost:7205/_framework/aspnetcore-browser-refresh.js - -
2023-09-27 14:37:55.256 +02:00 [Information] Request finished HTTP/2 GET https://localhost:7205/_framework/aspnetcore-browser-refresh.js - - - 200 12368 application/javascript;+charset=utf-8 4.6350ms
2023-09-27 14:37:55.269 +02:00 [Information] Request starting HTTP/2 GET https://localhost:7205/_vs/browserLink - -
2023-09-27 14:37:55.309 +02:00 [Information] Request finished HTTP/2 GET https://localhost:7205/_vs/browserLink - - - 200 - text/javascript;+charset=UTF-8 39.1915ms
