2023-09-25 14:56:36.958 +02:00 [Information] User profile is available. Using '"C:\Users\zakar\AppData\Local\ASP.NET\DataProtection-Keys"' as key repository and Windows DPAPI to encrypt keys at rest.
2023-09-25 14:56:37.536 +02:00 [Information] Now listening on: "https://localhost:7205"
2023-09-25 14:56:37.538 +02:00 [Information] Now listening on: "http://localhost:5112"
2023-09-25 14:56:37.547 +02:00 [Information] Application started. Press Ctrl+C to shut down.
2023-09-25 14:56:37.550 +02:00 [Information] Hosting environment: "Development"
2023-09-25 14:56:37.551 +02:00 [Information] Content root path: "C:\Users\zakar\OneDrive\Dokumenter\Webapplikasjon\House Renting System\HouseRentingSystem\"
2023-09-25 14:56:38.652 +02:00 [Information] Request starting HTTP/2 GET https://localhost:7205/ - -
2023-09-25 14:56:38.787 +02:00 [Information] Executing endpoint '"HouseRentingSystem.Controllers.HomeController.Index (HouseRentingSystem)"'
2023-09-25 14:56:38.810 +02:00 [Information] Route matched with "{action = \"Index\", controller = \"Home\"}". Executing controller action with signature "Microsoft.AspNetCore.Mvc.IActionResult Index()" on controller "HouseRentingSystem.Controllers.HomeController" ("HouseRentingSystem").
2023-09-25 14:56:38.970 +02:00 [Information] Executing action method "HouseRentingSystem.Controllers.HomeController.Index (HouseRentingSystem)" - Validation state: Valid
2023-09-25 14:56:38.976 +02:00 [Information] Executed action method "HouseRentingSystem.Controllers.HomeController.Index (HouseRentingSystem)", returned result "Microsoft.AspNetCore.Mvc.ViewResult" in 0.9164ms.
2023-09-25 14:56:38.991 +02:00 [Information] Executing ViewResult, running view "Index".
2023-09-25 14:56:39.425 +02:00 [Information] Executed ViewResult - view "Index" executed in 438.487ms.
2023-09-25 14:56:39.432 +02:00 [Information] Executed action "HouseRentingSystem.Controllers.HomeController.Index (HouseRentingSystem)" in 621.1659ms
2023-09-25 14:56:39.433 +02:00 [Information] Executed endpoint '"HouseRentingSystem.Controllers.HomeController.Index (HouseRentingSystem)"'
2023-09-25 14:56:39.478 +02:00 [Information] Request starting HTTP/2 GET https://localhost:7205/lib/bootstrap/js/bootstrap.js - -
2023-09-25 14:56:39.478 +02:00 [Information] Request starting HTTP/2 GET https://localhost:7205/lib/jquery/jquery.js - -
2023-09-25 14:56:39.482 +02:00 [Information] Request finished HTTP/2 GET https://localhost:7205/ - - - 200 - text/html;+charset=utf-8 835.6246ms
2023-09-25 14:56:39.566 +02:00 [Information] Sending file. Request path: '"/lib/bootstrap/js/bootstrap.js"'. Physical path: '"C:\Users\zakar\OneDrive\Dokumenter\Webapplikasjon\House Renting System\HouseRentingSystem\wwwroot\lib\bootstrap\js\bootstrap.js"'
2023-09-25 14:56:39.566 +02:00 [Information] Sending file. Request path: '"/lib/jquery/jquery.js"'. Physical path: '"C:\Users\zakar\OneDrive\Dokumenter\Webapplikasjon\House Renting System\HouseRentingSystem\wwwroot\lib\jquery\jquery.js"'
2023-09-25 14:56:39.567 +02:00 [Information] Request finished HTTP/2 GET https://localhost:7205/lib/jquery/jquery.js - - - 200 296030 application/javascript 89.2475ms
2023-09-25 14:56:39.567 +02:00 [Information] Request finished HTTP/2 GET https://localhost:7205/lib/bootstrap/js/bootstrap.js - - - 200 149807 application/javascript 89.2471ms
2023-09-25 14:56:39.575 +02:00 [Information] Request starting HTTP/2 GET https://localhost:7205/images/6.jpg - -
2023-09-25 14:56:39.575 +02:00 [Information] Request starting HTTP/2 GET https://localhost:7205/_framework/aspnetcore-browser-refresh.js - -
2023-09-25 14:56:39.580 +02:00 [Information] Request finished HTTP/2 GET https://localhost:7205/_framework/aspnetcore-browser-refresh.js - - - 200 12368 application/javascript;+charset=utf-8 4.9204ms
2023-09-25 14:56:39.583 +02:00 [Information] Request starting HTTP/2 GET https://localhost:7205/_vs/browserLink - -
2023-09-25 14:56:39.583 +02:00 [Information] Request starting HTTP/2 GET https://localhost:7205/images/8.jpg - -
2023-09-25 14:56:39.583 +02:00 [Information] Request starting HTTP/2 GET https://localhost:7205/images/7.jpg - -
2023-09-25 14:56:39.687 +02:00 [Information] Sending file. Request path: '"/images/8.jpg"'. Physical path: '"C:\Users\zakar\OneDrive\Dokumenter\Webapplikasjon\House Renting System\HouseRentingSystem\wwwroot\images\8.jpg"'
2023-09-25 14:56:39.693 +02:00 [Information] Sending file. Request path: '"/images/6.jpg"'. Physical path: '"C:\Users\zakar\OneDrive\Dokumenter\Webapplikasjon\House Renting System\HouseRentingSystem\wwwroot\images\6.jpg"'
2023-09-25 14:56:39.702 +02:00 [Information] Request finished HTTP/2 GET https://localhost:7205/images/6.jpg - - - 200 185314 image/jpeg 118.5635ms
2023-09-25 14:56:39.702 +02:00 [Information] Request finished HTTP/2 GET https://localhost:7205/images/8.jpg - - - 200 45956 image/jpeg 109.3498ms
2023-09-25 14:56:39.707 +02:00 [Information] Sending file. Request path: '"/images/7.jpg"'. Physical path: '"C:\Users\zakar\OneDrive\Dokumenter\Webapplikasjon\House Renting System\HouseRentingSystem\wwwroot\images\7.jpg"'
2023-09-25 14:56:39.707 +02:00 [Information] Request finished HTTP/2 GET https://localhost:7205/images/7.jpg - - - 200 154286 image/jpeg 123.4784ms
2023-09-25 14:56:39.743 +02:00 [Information] Request finished HTTP/2 GET https://localhost:7205/_vs/browserLink - - - 200 - text/javascript;+charset=UTF-8 160.3321ms
