2023-10-10 13:37:49.996 +02:00 [Information] User profile is available. Using '"C:\Users\berry\AppData\Local\ASP.NET\DataProtection-Keys"' as key repository and Windows DPAPI to encrypt keys at rest.
2023-10-10 13:37:50.157 +02:00 [Information] Now listening on: "https://localhost:7205"
2023-10-10 13:37:50.159 +02:00 [Information] Now listening on: "http://localhost:5112"
2023-10-10 13:37:50.165 +02:00 [Information] Application started. Press Ctrl+C to shut down.
2023-10-10 13:37:50.167 +02:00 [Information] Hosting environment: "Development"
2023-10-10 13:37:50.169 +02:00 [Information] Content root path: "C:\Users\berry\OneDrive - OsloMet\Webappikasjon\Project\HouseRentingSystem\"
2023-10-10 13:37:50.577 +02:00 [Information] Request starting HTTP/2 GET https://localhost:7205/ - -
2023-10-10 13:37:50.630 +02:00 [Information] Executing endpoint '"HouseRentingSystem.Controllers.HomeController.Index (HouseRentingSystem)"'
2023-10-10 13:37:50.644 +02:00 [Information] Route matched with "{action = \"Index\", controller = \"Home\"}". Executing controller action with signature "Microsoft.AspNetCore.Mvc.IActionResult Index()" on controller "HouseRentingSystem.Controllers.HomeController" ("HouseRentingSystem").
2023-10-10 13:37:50.700 +02:00 [Information] Executing action method "HouseRentingSystem.Controllers.HomeController.Index (HouseRentingSystem)" - Validation state: Valid
2023-10-10 13:37:50.706 +02:00 [Information] Executed action method "HouseRentingSystem.Controllers.HomeController.Index (HouseRentingSystem)", returned result "Microsoft.AspNetCore.Mvc.ViewResult" in 1.1027ms.
2023-10-10 13:37:50.714 +02:00 [Information] Executing ViewResult, running view "Index".
2023-10-10 13:37:50.887 +02:00 [Information] Executed ViewResult - view "Index" executed in 173.3464ms.
2023-10-10 13:37:50.891 +02:00 [Information] Executed action "HouseRentingSystem.Controllers.HomeController.Index (HouseRentingSystem)" in 245.9683ms
2023-10-10 13:37:50.891 +02:00 [Information] Executed endpoint '"HouseRentingSystem.Controllers.HomeController.Index (HouseRentingSystem)"'
2023-10-10 13:37:50.919 +02:00 [Information] Request finished HTTP/2 GET https://localhost:7205/ - - - 200 - text/html;+charset=utf-8 345.8977ms
2023-10-10 13:37:50.932 +02:00 [Information] Request starting HTTP/2 GET https://localhost:7205/_framework/aspnetcore-browser-refresh.js - -
2023-10-10 13:37:50.935 +02:00 [Information] Request finished HTTP/2 GET https://localhost:7205/_framework/aspnetcore-browser-refresh.js - - - 200 12368 application/javascript;+charset=utf-8 3.1138ms
2023-10-10 13:37:50.938 +02:00 [Information] Request starting HTTP/2 GET https://localhost:7205/path_to_image_for_Modum - -
2023-10-10 13:37:50.940 +02:00 [Information] Request finished HTTP/2 GET https://localhost:7205/path_to_image_for_Modum - - - 404 0 - 2.0765ms
2023-10-10 13:37:50.942 +02:00 [Information] Request starting HTTP/2 GET https://localhost:7205/_vs/browserLink - -
2023-10-10 13:37:50.958 +02:00 [Information] Request finished HTTP/2 GET https://localhost:7205/_vs/browserLink - - - 200 - text/javascript;+charset=UTF-8 15.9214ms
2023-10-10 13:37:51.120 +02:00 [Information] Request starting HTTP/2 GET https://localhost:7205/path_to_image_for_Modum - -
2023-10-10 13:37:51.121 +02:00 [Information] Request finished HTTP/2 GET https://localhost:7205/path_to_image_for_Modum - - - 404 0 - 1.4896ms
