2023-09-27 12:49:32.906 +02:00 [Information] User profile is available. Using '"C:\Users\unnis\AppData\Local\ASP.NET\DataProtection-Keys"' as key repository and Windows DPAPI to encrypt keys at rest.
2023-09-27 12:49:33.100 +02:00 [Information] Now listening on: "https://localhost:7205"
2023-09-27 12:49:33.102 +02:00 [Information] Now listening on: "http://localhost:5112"
2023-09-27 12:49:33.111 +02:00 [Information] Application started. Press Ctrl+C to shut down.
2023-09-27 12:49:33.113 +02:00 [Information] Hosting environment: "Development"
2023-09-27 12:49:33.115 +02:00 [Information] Content root path: "C:\Users\unnis\OneDrive - OsloMet\5.semester\ITPE3200 Webappplikasjoner\Projects\HouseRentingSystem\HouseRentingSystem\"
2023-09-27 12:49:33.873 +02:00 [Information] Request starting HTTP/2 GET https://localhost:7205/ - -
2023-09-27 12:49:33.984 +02:00 [Information] Executing endpoint '"HouseRentingSystem.Controllers.HomeController.Index (HouseRentingSystem)"'
2023-09-27 12:49:34.001 +02:00 [Information] Route matched with "{action = \"Index\", controller = \"Home\"}". Executing controller action with signature "Microsoft.AspNetCore.Mvc.IActionResult Index()" on controller "HouseRentingSystem.Controllers.HomeController" ("HouseRentingSystem").
2023-09-27 12:49:34.129 +02:00 [Information] Executing action method "HouseRentingSystem.Controllers.HomeController.Index (HouseRentingSystem)" - Validation state: Valid
2023-09-27 12:49:34.134 +02:00 [Information] Executed action method "HouseRentingSystem.Controllers.HomeController.Index (HouseRentingSystem)", returned result "Microsoft.AspNetCore.Mvc.ViewResult" in 0.602ms.
2023-09-27 12:49:34.143 +02:00 [Information] Executing ViewResult, running view "Index".
2023-09-27 12:49:34.424 +02:00 [Information] Executed ViewResult - view "Index" executed in 280.9029ms.
2023-09-27 12:49:34.430 +02:00 [Information] Executed action "HouseRentingSystem.Controllers.HomeController.Index (HouseRentingSystem)" in 427.9066ms
2023-09-27 12:49:34.431 +02:00 [Information] Executed endpoint '"HouseRentingSystem.Controllers.HomeController.Index (HouseRentingSystem)"'
2023-09-27 12:49:34.458 +02:00 [Information] Request finished HTTP/2 GET https://localhost:7205/ - - - 200 - text/html;+charset=utf-8 587.7192ms
2023-09-27 12:49:34.477 +02:00 [Information] Request starting HTTP/2 GET https://localhost:7205/_framework/aspnetcore-browser-refresh.js - -
2023-09-27 12:49:34.481 +02:00 [Information] Request starting HTTP/2 GET https://localhost:7205/_vs/browserLink - -
2023-09-27 12:49:34.483 +02:00 [Information] Request finished HTTP/2 GET https://localhost:7205/_framework/aspnetcore-browser-refresh.js - - - 200 12368 application/javascript;+charset=utf-8 5.3933ms
2023-09-27 12:49:34.507 +02:00 [Information] Request finished HTTP/2 GET https://localhost:7205/_vs/browserLink - - - 200 - text/javascript;+charset=UTF-8 26.0802ms
