2023-09-25 15:14:07.460 +02:00 [Information] User profile is available. Using '"C:\Users\zakar\AppData\Local\ASP.NET\DataProtection-Keys"' as key repository and Windows DPAPI to encrypt keys at rest.
2023-09-25 15:14:07.653 +02:00 [Information] Now listening on: "https://localhost:7205"
2023-09-25 15:14:07.655 +02:00 [Information] Now listening on: "http://localhost:5112"
2023-09-25 15:14:07.663 +02:00 [Information] Application started. Press Ctrl+C to shut down.
2023-09-25 15:14:07.666 +02:00 [Information] Hosting environment: "Development"
2023-09-25 15:14:07.667 +02:00 [Information] Content root path: "C:\Users\zakar\OneDrive\Dokumenter\Webapplikasjon\House Renting System\HouseRentingSystem\"
2023-09-25 15:14:08.159 +02:00 [Information] Request starting HTTP/2 GET https://localhost:7205/ - -
2023-09-25 15:14:08.232 +02:00 [Information] Executing endpoint '"HouseRentingSystem.Controllers.HomeController.Index (HouseRentingSystem)"'
2023-09-25 15:14:08.248 +02:00 [Information] Route matched with "{action = \"Index\", controller = \"Home\"}". Executing controller action with signature "Microsoft.AspNetCore.Mvc.IActionResult Index()" on controller "HouseRentingSystem.Controllers.HomeController" ("HouseRentingSystem").
2023-09-25 15:14:08.320 +02:00 [Information] Executing action method "HouseRentingSystem.Controllers.HomeController.Index (HouseRentingSystem)" - Validation state: Valid
2023-09-25 15:14:08.327 +02:00 [Information] Executed action method "HouseRentingSystem.Controllers.HomeController.Index (HouseRentingSystem)", returned result "Microsoft.AspNetCore.Mvc.ViewResult" in 0.7379ms.
2023-09-25 15:14:08.338 +02:00 [Information] Executing ViewResult, running view "Index".
2023-09-25 15:14:08.553 +02:00 [Information] Executed ViewResult - view "Index" executed in 216.1204ms.
2023-09-25 15:14:08.560 +02:00 [Information] Executed action "HouseRentingSystem.Controllers.HomeController.Index (HouseRentingSystem)" in 310.4358ms
2023-09-25 15:14:08.560 +02:00 [Information] Executed endpoint '"HouseRentingSystem.Controllers.HomeController.Index (HouseRentingSystem)"'
2023-09-25 15:14:08.591 +02:00 [Information] Request starting HTTP/2 GET https://localhost:7205/lib/jquery/jquery.js - -
2023-09-25 15:14:08.591 +02:00 [Information] Request starting HTTP/2 GET https://localhost:7205/lib/bootstrap/js/bootstrap.js - -
2023-09-25 15:14:08.591 +02:00 [Information] Request finished HTTP/2 GET https://localhost:7205/ - - - 200 - text/html;+charset=utf-8 438.5291ms
2023-09-25 15:14:08.754 +02:00 [Information] Sending file. Request path: '"/lib/bootstrap/js/bootstrap.js"'. Physical path: '"C:\Users\zakar\OneDrive\Dokumenter\Webapplikasjon\House Renting System\HouseRentingSystem\wwwroot\lib\bootstrap\js\bootstrap.js"'
2023-09-25 15:14:08.754 +02:00 [Information] Sending file. Request path: '"/lib/jquery/jquery.js"'. Physical path: '"C:\Users\zakar\OneDrive\Dokumenter\Webapplikasjon\House Renting System\HouseRentingSystem\wwwroot\lib\jquery\jquery.js"'
2023-09-25 15:14:08.754 +02:00 [Information] Request finished HTTP/2 GET https://localhost:7205/lib/bootstrap/js/bootstrap.js - - - 200 145302 application/javascript 163.6890ms
2023-09-25 15:14:08.755 +02:00 [Information] Request finished HTTP/2 GET https://localhost:7205/lib/jquery/jquery.js - - - 200 284996 application/javascript 163.6892ms
2023-09-25 15:14:08.763 +02:00 [Information] Request starting HTTP/2 GET https://localhost:7205/_framework/aspnetcore-browser-refresh.js - -
2023-09-25 15:14:08.763 +02:00 [Information] Request starting HTTP/2 GET https://localhost:7205/images/6.jpg - -
2023-09-25 15:14:08.765 +02:00 [Information] The file "/images/6.jpg" was not modified
2023-09-25 15:14:08.765 +02:00 [Information] Request finished HTTP/2 GET https://localhost:7205/images/6.jpg - - - 304 - image/jpeg 2.1205ms
2023-09-25 15:14:08.768 +02:00 [Information] Request finished HTTP/2 GET https://localhost:7205/_framework/aspnetcore-browser-refresh.js - - - 200 12368 application/javascript;+charset=utf-8 4.8973ms
2023-09-25 15:14:08.772 +02:00 [Information] Request starting HTTP/2 GET https://localhost:7205/images/7.jpg - -
2023-09-25 15:14:08.772 +02:00 [Information] Request starting HTTP/2 GET https://localhost:7205/images/8.jpg - -
2023-09-25 15:14:08.772 +02:00 [Information] The file "/images/8.jpg" was not modified
2023-09-25 15:14:08.772 +02:00 [Information] The file "/images/7.jpg" was not modified
2023-09-25 15:14:08.772 +02:00 [Information] Request starting HTTP/2 GET https://localhost:7205/_vs/browserLink - -
2023-09-25 15:14:08.773 +02:00 [Information] Request finished HTTP/2 GET https://localhost:7205/images/7.jpg - - - 304 - image/jpeg 0.9420ms
2023-09-25 15:14:08.773 +02:00 [Information] Request finished HTTP/2 GET https://localhost:7205/images/8.jpg - - - 304 - image/jpeg 0.9387ms
2023-09-25 15:14:08.794 +02:00 [Information] Request finished HTTP/2 GET https://localhost:7205/_vs/browserLink - - - 200 - text/javascript;+charset=UTF-8 22.0260ms
2023-09-25 15:14:13.263 +02:00 [Information] Request starting HTTP/2 GET https://localhost:7205/Item/Table - -
2023-09-25 15:14:13.265 +02:00 [Information] Executing endpoint '"MyShop.Controllers.ItemController.Table (HouseRentingSystem)"'
2023-09-25 15:14:13.298 +02:00 [Information] Route matched with "{action = \"Table\", controller = \"Item\"}". Executing controller action with signature "System.Threading.Tasks.Task`1[Microsoft.AspNetCore.Mvc.IActionResult] Table()" on controller "MyShop.Controllers.ItemController" ("HouseRentingSystem").
2023-09-25 15:14:13.330 +02:00 [Information] Executing action method "MyShop.Controllers.ItemController.Table (HouseRentingSystem)" - Validation state: Valid
2023-09-25 15:14:13.457 +02:00 [Information] Executed action method "MyShop.Controllers.ItemController.Table (HouseRentingSystem)", returned result "Microsoft.AspNetCore.Mvc.ViewResult" in 125.9696ms.
2023-09-25 15:14:13.458 +02:00 [Information] Executing ViewResult, running view "Table".
2023-09-25 15:14:13.482 +02:00 [Information] Executed ViewResult - view "Table" executed in 24.8502ms.
2023-09-25 15:14:13.482 +02:00 [Information] Executed action "MyShop.Controllers.ItemController.Table (HouseRentingSystem)" in 184.3481ms
2023-09-25 15:14:13.482 +02:00 [Information] Executed endpoint '"MyShop.Controllers.ItemController.Table (HouseRentingSystem)"'
2023-09-25 15:14:13.491 +02:00 [Information] Request starting HTTP/2 GET https://localhost:7205/lib/jquery/jquery.js - -
2023-09-25 15:14:13.491 +02:00 [Information] Request starting HTTP/2 GET https://localhost:7205/lib/bootstrap/js/bootstrap.js - -
2023-09-25 15:14:13.492 +02:00 [Information] The file "/lib/bootstrap/js/bootstrap.js" was not modified
2023-09-25 15:14:13.492 +02:00 [Information] The file "/lib/jquery/jquery.js" was not modified
2023-09-25 15:14:13.492 +02:00 [Information] Request finished HTTP/2 GET https://localhost:7205/lib/bootstrap/js/bootstrap.js - - - 304 - application/javascript 1.3108ms
2023-09-25 15:14:13.492 +02:00 [Information] Request finished HTTP/2 GET https://localhost:7205/lib/jquery/jquery.js - - - 304 - application/javascript 1.2491ms
2023-09-25 15:14:13.498 +02:00 [Information] Request starting HTTP/2 GET https://localhost:7205/_framework/aspnetcore-browser-refresh.js - -
2023-09-25 15:14:13.499 +02:00 [Information] Request finished HTTP/2 GET https://localhost:7205/_framework/aspnetcore-browser-refresh.js - - - 200 12368 application/javascript;+charset=utf-8 0.4301ms
2023-09-25 15:14:13.504 +02:00 [Information] Request starting HTTP/2 GET https://localhost:7205/images/1.jpg - -
2023-09-25 15:14:13.507 +02:00 [Information] Request finished HTTP/2 GET https://localhost:7205/Item/Table - - - 200 - text/html;+charset=utf-8 244.2379ms
2023-09-25 15:14:13.514 +02:00 [Information] Request starting HTTP/2 GET https://localhost:7205/images/2.jpg - -
2023-09-25 15:14:13.514 +02:00 [Information] Request starting HTTP/2 GET https://localhost:7205/images/3.jpg - -
2023-09-25 15:14:13.530 +02:00 [Information] Request starting HTTP/2 GET https://localhost:7205/images/5.jpg - -
2023-09-25 15:14:13.539 +02:00 [Information] Sending file. Request path: '"/images/3.jpg"'. Physical path: '"C:\Users\zakar\OneDrive\Dokumenter\Webapplikasjon\House Renting System\HouseRentingSystem\wwwroot\images\3.jpg"'
2023-09-25 15:14:13.539 +02:00 [Information] Request starting HTTP/2 GET https://localhost:7205/images/4.jpg - -
2023-09-25 15:14:13.595 +02:00 [Information] Request finished HTTP/2 GET https://localhost:7205/images/3.jpg - - - 200 50664 image/jpeg 71.8197ms
2023-09-25 15:14:13.624 +02:00 [Information] Request starting HTTP/2 GET https://localhost:7205/_vs/browserLink - -
2023-09-25 15:14:13.690 +02:00 [Information] Sending file. Request path: '"/images/1.jpg"'. Physical path: '"C:\Users\zakar\OneDrive\Dokumenter\Webapplikasjon\House Renting System\HouseRentingSystem\wwwroot\images\1.jpg"'
2023-09-25 15:14:13.691 +02:00 [Information] Sending file. Request path: '"/images/2.jpg"'. Physical path: '"C:\Users\zakar\OneDrive\Dokumenter\Webapplikasjon\House Renting System\HouseRentingSystem\wwwroot\images\2.jpg"'
2023-09-25 15:14:13.691 +02:00 [Information] Request finished HTTP/2 GET https://localhost:7205/images/1.jpg - - - 200 80254 image/jpeg 186.9710ms
2023-09-25 15:14:13.691 +02:00 [Information] Sending file. Request path: '"/images/4.jpg"'. Physical path: '"C:\Users\zakar\OneDrive\Dokumenter\Webapplikasjon\House Renting System\HouseRentingSystem\wwwroot\images\4.jpg"'
2023-09-25 15:14:13.691 +02:00 [Information] Request finished HTTP/2 GET https://localhost:7205/images/2.jpg - - - 200 123598 image/jpeg 177.3550ms
2023-09-25 15:14:13.691 +02:00 [Information] Sending file. Request path: '"/images/5.jpg"'. Physical path: '"C:\Users\zakar\OneDrive\Dokumenter\Webapplikasjon\House Renting System\HouseRentingSystem\wwwroot\images\5.jpg"'
2023-09-25 15:14:13.691 +02:00 [Information] Request finished HTTP/2 GET https://localhost:7205/images/4.jpg - - - 200 51000 image/jpeg 152.3071ms
2023-09-25 15:14:13.691 +02:00 [Information] Request finished HTTP/2 GET https://localhost:7205/images/5.jpg - - - 200 94884 image/jpeg 161.3016ms
2023-09-25 15:14:13.692 +02:00 [Information] Request finished HTTP/2 GET https://localhost:7205/_vs/browserLink - - - 200 - text/javascript;+charset=UTF-8 73.2753ms
2023-09-25 15:14:14.516 +02:00 [Information] Request starting HTTP/2 GET https://localhost:7205/Customer/Table - -
2023-09-25 15:14:14.517 +02:00 [Information] Executing endpoint '"HouseRentingSystem.Controllers.CustomerController.Table (HouseRentingSystem)"'
2023-09-25 15:14:14.522 +02:00 [Information] Route matched with "{action = \"Table\", controller = \"Customer\"}". Executing controller action with signature "System.Threading.Tasks.Task`1[Microsoft.AspNetCore.Mvc.IActionResult] Table()" on controller "HouseRentingSystem.Controllers.CustomerController" ("HouseRentingSystem").
2023-09-25 15:14:14.539 +02:00 [Information] Executing action method "HouseRentingSystem.Controllers.CustomerController.Table (HouseRentingSystem)" - Validation state: Valid
2023-09-25 15:14:14.611 +02:00 [Information] Executed action method "HouseRentingSystem.Controllers.CustomerController.Table (HouseRentingSystem)", returned result "Microsoft.AspNetCore.Mvc.ViewResult" in 72.7547ms.
2023-09-25 15:14:14.612 +02:00 [Information] Executing ViewResult, running view "Table".
2023-09-25 15:14:14.680 +02:00 [Information] Executed ViewResult - view "Table" executed in 67.9669ms.
2023-09-25 15:14:14.680 +02:00 [Information] Executed action "HouseRentingSystem.Controllers.CustomerController.Table (HouseRentingSystem)" in 157.4452ms
2023-09-25 15:14:14.680 +02:00 [Information] Executed endpoint '"HouseRentingSystem.Controllers.CustomerController.Table (HouseRentingSystem)"'
2023-09-25 15:14:14.683 +02:00 [Information] Request finished HTTP/2 GET https://localhost:7205/Customer/Table - - - 200 - text/html;+charset=utf-8 167.1611ms
2023-09-25 15:14:14.687 +02:00 [Information] Request starting HTTP/2 GET https://localhost:7205/lib/bootstrap/js/bootstrap.js - -
2023-09-25 15:14:14.687 +02:00 [Information] Request starting HTTP/2 GET https://localhost:7205/_framework/aspnetcore-browser-refresh.js - -
2023-09-25 15:14:14.687 +02:00 [Information] Request starting HTTP/2 GET https://localhost:7205/lib/jquery/jquery.js - -
2023-09-25 15:14:14.687 +02:00 [Information] Request finished HTTP/2 GET https://localhost:7205/_framework/aspnetcore-browser-refresh.js - - - 200 12368 application/javascript;+charset=utf-8 0.7450ms
2023-09-25 15:14:14.687 +02:00 [Information] The file "/lib/jquery/jquery.js" was not modified
2023-09-25 15:14:14.687 +02:00 [Information] The file "/lib/bootstrap/js/bootstrap.js" was not modified
2023-09-25 15:14:14.688 +02:00 [Information] Request finished HTTP/2 GET https://localhost:7205/lib/jquery/jquery.js - - - 304 - application/javascript 1.0072ms
2023-09-25 15:14:14.688 +02:00 [Information] Request finished HTTP/2 GET https://localhost:7205/lib/bootstrap/js/bootstrap.js - - - 304 - application/javascript 1.1035ms
2023-09-25 15:14:14.691 +02:00 [Information] Request starting HTTP/2 GET https://localhost:7205/_vs/browserLink - -
2023-09-25 15:14:14.697 +02:00 [Information] Request finished HTTP/2 GET https://localhost:7205/_vs/browserLink - - - 200 - text/javascript;+charset=UTF-8 5.2646ms
2023-09-25 15:14:15.425 +02:00 [Information] Request starting HTTP/2 GET https://localhost:7205/Order/Table - -
2023-09-25 15:14:15.427 +02:00 [Information] Executing endpoint '"MyShop.Controllers.OrderController.Table (HouseRentingSystem)"'
2023-09-25 15:14:15.431 +02:00 [Information] Route matched with "{action = \"Table\", controller = \"Order\"}". Executing controller action with signature "System.Threading.Tasks.Task`1[Microsoft.AspNetCore.Mvc.IActionResult] Table()" on controller "MyShop.Controllers.OrderController" ("HouseRentingSystem").
2023-09-25 15:14:15.452 +02:00 [Information] Executing action method "MyShop.Controllers.OrderController.Table (HouseRentingSystem)" - Validation state: Valid
2023-09-25 15:14:15.462 +02:00 [Information] Executed action method "MyShop.Controllers.OrderController.Table (HouseRentingSystem)", returned result "Microsoft.AspNetCore.Mvc.ViewResult" in 9.8946ms.
2023-09-25 15:14:15.463 +02:00 [Information] Executing ViewResult, running view "Table".
2023-09-25 15:14:15.548 +02:00 [Information] Executed ViewResult - view "Table" executed in 85.6768ms.
2023-09-25 15:14:15.549 +02:00 [Information] Executed action "MyShop.Controllers.OrderController.Table (HouseRentingSystem)" in 117.7272ms
2023-09-25 15:14:15.549 +02:00 [Information] Executed endpoint '"MyShop.Controllers.OrderController.Table (HouseRentingSystem)"'
2023-09-25 15:14:15.555 +02:00 [Information] Request finished HTTP/2 GET https://localhost:7205/Order/Table - - - 200 - text/html;+charset=utf-8 130.0229ms
2023-09-25 15:14:15.559 +02:00 [Information] Request starting HTTP/2 GET https://localhost:7205/lib/jquery/jquery.js - -
2023-09-25 15:14:15.559 +02:00 [Information] Request starting HTTP/2 GET https://localhost:7205/lib/bootstrap/js/bootstrap.js - -
2023-09-25 15:14:15.559 +02:00 [Information] Request starting HTTP/2 GET https://localhost:7205/_framework/aspnetcore-browser-refresh.js - -
2023-09-25 15:14:15.560 +02:00 [Information] Request finished HTTP/2 GET https://localhost:7205/_framework/aspnetcore-browser-refresh.js - - - 200 12368 application/javascript;+charset=utf-8 0.3983ms
2023-09-25 15:14:15.560 +02:00 [Information] The file "/lib/jquery/jquery.js" was not modified
2023-09-25 15:14:15.560 +02:00 [Information] The file "/lib/bootstrap/js/bootstrap.js" was not modified
2023-09-25 15:14:15.560 +02:00 [Information] Request finished HTTP/2 GET https://localhost:7205/lib/bootstrap/js/bootstrap.js - - - 304 - application/javascript 1.4171ms
2023-09-25 15:14:15.560 +02:00 [Information] Request finished HTTP/2 GET https://localhost:7205/lib/jquery/jquery.js - - - 304 - application/javascript 1.4970ms
2023-09-25 15:14:15.564 +02:00 [Information] Request starting HTTP/2 GET https://localhost:7205/_vs/browserLink - -
2023-09-25 15:14:15.584 +02:00 [Information] Request finished HTTP/2 GET https://localhost:7205/_vs/browserLink - - - 200 - text/javascript;+charset=UTF-8 19.4553ms
2023-09-25 15:14:20.324 +02:00 [Information] Request starting HTTP/2 GET https://localhost:7205/Item/Table - -
2023-09-25 15:14:20.327 +02:00 [Information] Executing endpoint '"MyShop.Controllers.ItemController.Table (HouseRentingSystem)"'
2023-09-25 15:14:20.328 +02:00 [Information] Route matched with "{action = \"Table\", controller = \"Item\"}". Executing controller action with signature "System.Threading.Tasks.Task`1[Microsoft.AspNetCore.Mvc.IActionResult] Table()" on controller "MyShop.Controllers.ItemController" ("HouseRentingSystem").
2023-09-25 15:14:20.348 +02:00 [Information] Executing action method "MyShop.Controllers.ItemController.Table (HouseRentingSystem)" - Validation state: Valid
2023-09-25 15:14:20.354 +02:00 [Information] Executed action method "MyShop.Controllers.ItemController.Table (HouseRentingSystem)", returned result "Microsoft.AspNetCore.Mvc.ViewResult" in 5.8512ms.
2023-09-25 15:14:20.354 +02:00 [Information] Executing ViewResult, running view "Table".
2023-09-25 15:14:20.375 +02:00 [Information] Executed ViewResult - view "Table" executed in 21.2056ms.
2023-09-25 15:14:20.376 +02:00 [Information] Executed action "MyShop.Controllers.ItemController.Table (HouseRentingSystem)" in 47.8447ms
2023-09-25 15:14:20.376 +02:00 [Information] Executed endpoint '"MyShop.Controllers.ItemController.Table (HouseRentingSystem)"'
2023-09-25 15:14:20.379 +02:00 [Information] Request finished HTTP/2 GET https://localhost:7205/Item/Table - - - 200 - text/html;+charset=utf-8 55.3575ms
2023-09-25 15:14:20.384 +02:00 [Information] Request starting HTTP/2 GET https://localhost:7205/lib/jquery/jquery.js - -
2023-09-25 15:14:20.384 +02:00 [Information] Request starting HTTP/2 GET https://localhost:7205/lib/bootstrap/js/bootstrap.js - -
2023-09-25 15:14:20.384 +02:00 [Information] The file "/lib/jquery/jquery.js" was not modified
2023-09-25 15:14:20.384 +02:00 [Information] The file "/lib/bootstrap/js/bootstrap.js" was not modified
2023-09-25 15:14:20.385 +02:00 [Information] Request finished HTTP/2 GET https://localhost:7205/lib/jquery/jquery.js - - - 304 - application/javascript 1.1660ms
2023-09-25 15:14:20.385 +02:00 [Information] Request finished HTTP/2 GET https://localhost:7205/lib/bootstrap/js/bootstrap.js - - - 304 - application/javascript 1.4596ms
2023-09-25 15:14:20.393 +02:00 [Information] Request starting HTTP/2 GET https://localhost:7205/_vs/browserLink - -
2023-09-25 15:14:20.393 +02:00 [Information] Request starting HTTP/2 GET https://localhost:7205/_framework/aspnetcore-browser-refresh.js - -
2023-09-25 15:14:20.394 +02:00 [Information] Request finished HTTP/2 GET https://localhost:7205/_framework/aspnetcore-browser-refresh.js - - - 200 12368 application/javascript;+charset=utf-8 0.9809ms
2023-09-25 15:14:20.411 +02:00 [Information] Request finished HTTP/2 GET https://localhost:7205/_vs/browserLink - - - 200 - text/javascript;+charset=UTF-8 17.7359ms
2023-09-25 15:14:27.813 +02:00 [Information] Request starting HTTP/2 GET https://localhost:7205/ - -
2023-09-25 15:14:27.814 +02:00 [Information] Executing endpoint '"HouseRentingSystem.Controllers.HomeController.Index (HouseRentingSystem)"'
2023-09-25 15:14:27.815 +02:00 [Information] Route matched with "{action = \"Index\", controller = \"Home\"}". Executing controller action with signature "Microsoft.AspNetCore.Mvc.IActionResult Index()" on controller "HouseRentingSystem.Controllers.HomeController" ("HouseRentingSystem").
2023-09-25 15:14:27.837 +02:00 [Information] Executing action method "HouseRentingSystem.Controllers.HomeController.Index (HouseRentingSystem)" - Validation state: Valid
2023-09-25 15:14:27.837 +02:00 [Information] Executed action method "HouseRentingSystem.Controllers.HomeController.Index (HouseRentingSystem)", returned result "Microsoft.AspNetCore.Mvc.ViewResult" in 0.0276ms.
2023-09-25 15:14:27.838 +02:00 [Information] Executing ViewResult, running view "Index".
2023-09-25 15:14:27.847 +02:00 [Information] Executed ViewResult - view "Index" executed in 9.1864ms.
2023-09-25 15:14:27.847 +02:00 [Information] Executed action "HouseRentingSystem.Controllers.HomeController.Index (HouseRentingSystem)" in 32.4555ms
2023-09-25 15:14:27.847 +02:00 [Information] Executed endpoint '"HouseRentingSystem.Controllers.HomeController.Index (HouseRentingSystem)"'
2023-09-25 15:14:27.850 +02:00 [Information] Request finished HTTP/2 GET https://localhost:7205/ - - - 200 - text/html;+charset=utf-8 36.7618ms
2023-09-25 15:14:27.857 +02:00 [Information] Request starting HTTP/2 GET https://localhost:7205/lib/bootstrap/js/bootstrap.js - -
2023-09-25 15:14:27.857 +02:00 [Information] Request starting HTTP/2 GET https://localhost:7205/lib/jquery/jquery.js - -
2023-09-25 15:14:27.858 +02:00 [Information] The file "/lib/bootstrap/js/bootstrap.js" was not modified
2023-09-25 15:14:27.858 +02:00 [Information] The file "/lib/jquery/jquery.js" was not modified
2023-09-25 15:14:27.858 +02:00 [Information] Request finished HTTP/2 GET https://localhost:7205/lib/bootstrap/js/bootstrap.js - - - 304 - application/javascript 1.2906ms
2023-09-25 15:14:27.858 +02:00 [Information] Request finished HTTP/2 GET https://localhost:7205/lib/jquery/jquery.js - - - 304 - application/javascript 0.8652ms
2023-09-25 15:14:27.863 +02:00 [Information] Request starting HTTP/2 GET https://localhost:7205/_framework/aspnetcore-browser-refresh.js - -
2023-09-25 15:14:27.864 +02:00 [Information] Request starting HTTP/2 GET https://localhost:7205/_vs/browserLink - -
2023-09-25 15:14:27.864 +02:00 [Information] Request finished HTTP/2 GET https://localhost:7205/_framework/aspnetcore-browser-refresh.js - - - 200 12368 application/javascript;+charset=utf-8 1.4254ms
2023-09-25 15:14:27.871 +02:00 [Information] Request finished HTTP/2 GET https://localhost:7205/_vs/browserLink - - - 200 - text/javascript;+charset=UTF-8 6.8690ms
2023-09-25 15:15:25.027 +02:00 [Information] Request starting HTTP/2 GET https://localhost:7205/Item/Table - -
2023-09-25 15:15:25.053 +02:00 [Information] Executing endpoint '"MyShop.Controllers.ItemController.Table (HouseRentingSystem)"'
2023-09-25 15:15:25.054 +02:00 [Information] Route matched with "{action = \"Table\", controller = \"Item\"}". Executing controller action with signature "System.Threading.Tasks.Task`1[Microsoft.AspNetCore.Mvc.IActionResult] Table()" on controller "MyShop.Controllers.ItemController" ("HouseRentingSystem").
2023-09-25 15:15:25.080 +02:00 [Information] Executing action method "MyShop.Controllers.ItemController.Table (HouseRentingSystem)" - Validation state: Valid
2023-09-25 15:15:25.085 +02:00 [Information] Executed action method "MyShop.Controllers.ItemController.Table (HouseRentingSystem)", returned result "Microsoft.AspNetCore.Mvc.ViewResult" in 5.0881ms.
2023-09-25 15:15:25.085 +02:00 [Information] Executing ViewResult, running view "Table".
2023-09-25 15:15:25.102 +02:00 [Information] Executed ViewResult - view "Table" executed in 16.4934ms.
2023-09-25 15:15:25.102 +02:00 [Information] Executed action "MyShop.Controllers.ItemController.Table (HouseRentingSystem)" in 47.9444ms
2023-09-25 15:15:25.102 +02:00 [Information] Executed endpoint '"MyShop.Controllers.ItemController.Table (HouseRentingSystem)"'
2023-09-25 15:15:25.104 +02:00 [Information] Request finished HTTP/2 GET https://localhost:7205/Item/Table - - - 200 - text/html;+charset=utf-8 77.0424ms
2023-09-25 15:15:25.113 +02:00 [Information] Request starting HTTP/2 GET https://localhost:7205/lib/bootstrap/js/bootstrap.js - -
2023-09-25 15:15:25.114 +02:00 [Information] Request starting HTTP/2 GET https://localhost:7205/lib/jquery/jquery.js - -
2023-09-25 15:15:25.114 +02:00 [Information] The file "/lib/jquery/jquery.js" was not modified
2023-09-25 15:15:25.114 +02:00 [Information] The file "/lib/bootstrap/js/bootstrap.js" was not modified
2023-09-25 15:15:25.114 +02:00 [Information] Request finished HTTP/2 GET https://localhost:7205/lib/jquery/jquery.js - - - 304 - application/javascript 0.6841ms
2023-09-25 15:15:25.114 +02:00 [Information] Request finished HTTP/2 GET https://localhost:7205/lib/bootstrap/js/bootstrap.js - - - 304 - application/javascript 1.1622ms
2023-09-25 15:15:25.117 +02:00 [Information] Request starting HTTP/2 GET https://localhost:7205/_framework/aspnetcore-browser-refresh.js - -
2023-09-25 15:15:25.118 +02:00 [Information] Request finished HTTP/2 GET https://localhost:7205/_framework/aspnetcore-browser-refresh.js - - - 200 12368 application/javascript;+charset=utf-8 0.4530ms
2023-09-25 15:15:25.125 +02:00 [Information] Request starting HTTP/2 GET https://localhost:7205/_vs/browserLink - -
2023-09-25 15:15:25.130 +02:00 [Information] Request finished HTTP/2 GET https://localhost:7205/_vs/browserLink - - - 200 - text/javascript;+charset=UTF-8 5.8105ms
2023-09-25 15:15:28.671 +02:00 [Information] Request starting HTTP/2 GET https://localhost:7205/Item/Create - -
2023-09-25 15:15:28.672 +02:00 [Information] Executing endpoint '"MyShop.Controllers.ItemController.Create (HouseRentingSystem)"'
2023-09-25 15:15:28.673 +02:00 [Information] Route matched with "{action = \"Create\", controller = \"Item\"}". Executing controller action with signature "Microsoft.AspNetCore.Mvc.IActionResult Create()" on controller "MyShop.Controllers.ItemController" ("HouseRentingSystem").
2023-09-25 15:15:28.692 +02:00 [Information] Executing action method "MyShop.Controllers.ItemController.Create (HouseRentingSystem)" - Validation state: Valid
2023-09-25 15:15:28.692 +02:00 [Information] Executed action method "MyShop.Controllers.ItemController.Create (HouseRentingSystem)", returned result "Microsoft.AspNetCore.Mvc.ViewResult" in 0.2512ms.
2023-09-25 15:15:28.693 +02:00 [Information] Executing ViewResult, running view "Create".
2023-09-25 15:15:28.780 +02:00 [Information] Executed ViewResult - view "Create" executed in 88.2205ms.
2023-09-25 15:15:28.781 +02:00 [Information] Executed action "MyShop.Controllers.ItemController.Create (HouseRentingSystem)" in 107.3648ms
2023-09-25 15:15:28.781 +02:00 [Information] Executed endpoint '"MyShop.Controllers.ItemController.Create (HouseRentingSystem)"'
2023-09-25 15:15:28.783 +02:00 [Information] Request finished HTTP/2 GET https://localhost:7205/Item/Create - - - 200 - text/html;+charset=utf-8 112.9295ms
2023-09-25 15:15:28.789 +02:00 [Information] Request starting HTTP/2 GET https://localhost:7205/_vs/browserLink - -
2023-09-25 15:15:28.789 +02:00 [Information] Request starting HTTP/2 GET https://localhost:7205/_framework/aspnetcore-browser-refresh.js - -
2023-09-25 15:15:28.790 +02:00 [Information] Request finished HTTP/2 GET https://localhost:7205/_framework/aspnetcore-browser-refresh.js - - - 200 12368 application/javascript;+charset=utf-8 0.6597ms
2023-09-25 15:15:28.794 +02:00 [Information] Request finished HTTP/2 GET https://localhost:7205/_vs/browserLink - - - 200 - text/javascript;+charset=UTF-8 5.1029ms
2023-09-25 15:15:31.288 +02:00 [Information] Request starting HTTP/2 POST https://localhost:7205/Item/Create application/x-www-form-urlencoded 218
2023-09-25 15:15:31.289 +02:00 [Information] Executing endpoint '"MyShop.Controllers.ItemController.Create (HouseRentingSystem)"'
2023-09-25 15:15:31.324 +02:00 [Information] Route matched with "{action = \"Create\", controller = \"Item\"}". Executing controller action with signature "System.Threading.Tasks.Task`1[Microsoft.AspNetCore.Mvc.IActionResult] Create(HouseRentingSystem.Models.Item)" on controller "MyShop.Controllers.ItemController" ("HouseRentingSystem").
2023-09-25 15:15:31.388 +02:00 [Information] Executing action method "MyShop.Controllers.ItemController.Create (HouseRentingSystem)" - Validation state: Invalid
2023-09-25 15:15:31.415 +02:00 [Warning] [ItemController] Item creation failed Item { ItemId: 0, Name: null, Price: 0, Description: null, ImageUrl: null, OrderItems: null }
2023-09-25 15:15:31.416 +02:00 [Information] Executed action method "MyShop.Controllers.ItemController.Create (HouseRentingSystem)", returned result "Microsoft.AspNetCore.Mvc.ViewResult" in 27.8263ms.
2023-09-25 15:15:31.416 +02:00 [Information] Executing ViewResult, running view "Create".
2023-09-25 15:15:31.427 +02:00 [Information] Executed ViewResult - view "Create" executed in 10.9096ms.
2023-09-25 15:15:31.427 +02:00 [Information] Executed action "MyShop.Controllers.ItemController.Create (HouseRentingSystem)" in 102.7364ms
2023-09-25 15:15:31.427 +02:00 [Information] Executed endpoint '"MyShop.Controllers.ItemController.Create (HouseRentingSystem)"'
2023-09-25 15:15:31.431 +02:00 [Information] Request finished HTTP/2 POST https://localhost:7205/Item/Create application/x-www-form-urlencoded 218 - 200 - text/html;+charset=utf-8 142.6510ms
2023-09-25 15:15:31.435 +02:00 [Information] Request starting HTTP/2 GET https://localhost:7205/_vs/browserLink - -
2023-09-25 15:15:31.435 +02:00 [Information] Request starting HTTP/2 GET https://localhost:7205/_framework/aspnetcore-browser-refresh.js - -
2023-09-25 15:15:31.436 +02:00 [Information] Request finished HTTP/2 GET https://localhost:7205/_framework/aspnetcore-browser-refresh.js - - - 200 12368 application/javascript;+charset=utf-8 0.6566ms
2023-09-25 15:15:31.440 +02:00 [Information] Request finished HTTP/2 GET https://localhost:7205/_vs/browserLink - - - 200 - text/javascript;+charset=UTF-8 5.0460ms
2023-09-25 15:15:37.828 +02:00 [Information] Request starting HTTP/2 POST https://localhost:7205/Item/Create application/x-www-form-urlencoded 218
2023-09-25 15:15:37.829 +02:00 [Information] Executing endpoint '"MyShop.Controllers.ItemController.Create (HouseRentingSystem)"'
2023-09-25 15:15:37.830 +02:00 [Information] Route matched with "{action = \"Create\", controller = \"Item\"}". Executing controller action with signature "System.Threading.Tasks.Task`1[Microsoft.AspNetCore.Mvc.IActionResult] Create(HouseRentingSystem.Models.Item)" on controller "MyShop.Controllers.ItemController" ("HouseRentingSystem").
2023-09-25 15:15:37.847 +02:00 [Information] Executing action method "MyShop.Controllers.ItemController.Create (HouseRentingSystem)" - Validation state: Invalid
2023-09-25 15:15:37.850 +02:00 [Warning] [ItemController] Item creation failed Item { ItemId: 0, Name: null, Price: 0, Description: null, ImageUrl: null, OrderItems: null }
2023-09-25 15:15:37.850 +02:00 [Information] Executed action method "MyShop.Controllers.ItemController.Create (HouseRentingSystem)", returned result "Microsoft.AspNetCore.Mvc.ViewResult" in 2.9565ms.
2023-09-25 15:15:37.850 +02:00 [Information] Executing ViewResult, running view "Create".
2023-09-25 15:15:37.858 +02:00 [Information] Executed ViewResult - view "Create" executed in 8.0296ms.
2023-09-25 15:15:37.858 +02:00 [Information] Executed action "MyShop.Controllers.ItemController.Create (HouseRentingSystem)" in 28.8391ms
2023-09-25 15:15:37.859 +02:00 [Information] Executed endpoint '"MyShop.Controllers.ItemController.Create (HouseRentingSystem)"'
2023-09-25 15:15:37.861 +02:00 [Information] Request finished HTTP/2 POST https://localhost:7205/Item/Create application/x-www-form-urlencoded 218 - 200 - text/html;+charset=utf-8 33.2353ms
2023-09-25 15:15:37.867 +02:00 [Information] Request starting HTTP/2 GET https://localhost:7205/lib/bootstrap/js/bootstrap.js - -
2023-09-25 15:15:37.867 +02:00 [Information] Request starting HTTP/2 GET https://localhost:7205/_framework/aspnetcore-browser-refresh.js - -
2023-09-25 15:15:37.867 +02:00 [Information] Request starting HTTP/2 GET https://localhost:7205/lib/jquery/jquery.js - -
2023-09-25 15:15:37.867 +02:00 [Information] Request finished HTTP/2 GET https://localhost:7205/_framework/aspnetcore-browser-refresh.js - - - 200 12368 application/javascript;+charset=utf-8 0.6292ms
2023-09-25 15:15:37.867 +02:00 [Information] The file "/lib/bootstrap/js/bootstrap.js" was not modified
2023-09-25 15:15:37.867 +02:00 [Information] The file "/lib/jquery/jquery.js" was not modified
2023-09-25 15:15:37.868 +02:00 [Information] Request finished HTTP/2 GET https://localhost:7205/lib/bootstrap/js/bootstrap.js - - - 304 - application/javascript 1.1010ms
2023-09-25 15:15:37.868 +02:00 [Information] Request finished HTTP/2 GET https://localhost:7205/lib/jquery/jquery.js - - - 304 - application/javascript 0.7293ms
2023-09-25 15:15:37.871 +02:00 [Information] Request starting HTTP/2 GET https://localhost:7205/_vs/browserLink - -
2023-09-25 15:15:37.893 +02:00 [Information] Request finished HTTP/2 GET https://localhost:7205/_vs/browserLink - - - 200 - text/javascript;+charset=UTF-8 21.8932ms
