2023-10-10 13:27:38.509 +02:00 [Information] User profile is available. Using '"C:\Users\berry\AppData\Local\ASP.NET\DataProtection-Keys"' as key repository and Windows DPAPI to encrypt keys at rest.
2023-10-10 13:27:38.662 +02:00 [Information] Now listening on: "https://localhost:7205"
2023-10-10 13:27:38.664 +02:00 [Information] Now listening on: "http://localhost:5112"
2023-10-10 13:27:38.670 +02:00 [Information] Application started. Press Ctrl+C to shut down.
2023-10-10 13:27:38.672 +02:00 [Information] Hosting environment: "Development"
2023-10-10 13:27:38.674 +02:00 [Information] Content root path: "C:\Users\berry\OneDrive - OsloMet\Webappikasjon\Project\HouseRentingSystem\"
2023-10-10 13:27:39.349 +02:00 [Information] Request starting HTTP/2 GET https://localhost:7205/ - -
2023-10-10 13:27:39.400 +02:00 [Information] Executing endpoint '"HouseRentingSystem.Controllers.HomeController.Index (HouseRentingSystem)"'
2023-10-10 13:27:39.411 +02:00 [Information] Route matched with "{action = \"Index\", controller = \"Home\"}". Executing controller action with signature "Microsoft.AspNetCore.Mvc.IActionResult Index()" on controller "HouseRentingSystem.Controllers.HomeController" ("HouseRentingSystem").
2023-10-10 13:27:39.462 +02:00 [Information] Executing action method "HouseRentingSystem.Controllers.HomeController.Index (HouseRentingSystem)" - Validation state: Valid
2023-10-10 13:27:39.469 +02:00 [Information] Executed action method "HouseRentingSystem.Controllers.HomeController.Index (HouseRentingSystem)", returned result "Microsoft.AspNetCore.Mvc.ViewResult" in 1.2102ms.
2023-10-10 13:27:39.476 +02:00 [Information] Executing ViewResult, running view "Index".
2023-10-10 13:27:39.638 +02:00 [Information] Executed ViewResult - view "Index" executed in 161.7188ms.
2023-10-10 13:27:39.643 +02:00 [Information] Executed action "HouseRentingSystem.Controllers.HomeController.Index (HouseRentingSystem)" in 232.0179ms
2023-10-10 13:27:39.644 +02:00 [Information] Executed endpoint '"HouseRentingSystem.Controllers.HomeController.Index (HouseRentingSystem)"'
2023-10-10 13:27:39.670 +02:00 [Information] Request finished HTTP/2 GET https://localhost:7205/ - - - 200 - text/html;+charset=utf-8 325.9624ms
2023-10-10 13:27:39.685 +02:00 [Information] Request starting HTTP/2 GET https://localhost:7205/path_to_image_for_Modum - -
2023-10-10 13:27:39.685 +02:00 [Information] Request starting HTTP/2 GET https://localhost:7205/_framework/aspnetcore-browser-refresh.js - -
2023-10-10 13:27:39.688 +02:00 [Information] Request finished HTTP/2 GET https://localhost:7205/path_to_image_for_Modum - - - 404 0 - 3.1452ms
2023-10-10 13:27:39.690 +02:00 [Information] Request starting HTTP/2 GET https://localhost:7205/_vs/browserLink - -
2023-10-10 13:27:39.690 +02:00 [Information] Request finished HTTP/2 GET https://localhost:7205/_framework/aspnetcore-browser-refresh.js - - - 200 12368 application/javascript;+charset=utf-8 5.3134ms
2023-10-10 13:27:39.710 +02:00 [Information] Request finished HTTP/2 GET https://localhost:7205/_vs/browserLink - - - 200 - text/javascript;+charset=UTF-8 20.3385ms
