2023-10-03 11:41:52.348 +02:00 [Information] User profile is available. Using '"C:\Users\unnis\AppData\Local\ASP.NET\DataProtection-Keys"' as key repository and Windows DPAPI to encrypt keys at rest.
2023-10-03 11:41:52.545 +02:00 [Information] Now listening on: "https://localhost:7205"
2023-10-03 11:41:52.546 +02:00 [Information] Now listening on: "http://localhost:5112"
2023-10-03 11:41:52.555 +02:00 [Information] Application started. Press Ctrl+C to shut down.
2023-10-03 11:41:52.557 +02:00 [Information] Hosting environment: "Development"
2023-10-03 11:41:52.559 +02:00 [Information] Content root path: "C:\Users\unnis\OneDrive - OsloMet\5.semester\ITPE3200 Webappplikasjoner\Projects\HouseRentingSystem\HouseRentingSystem\"
2023-10-03 11:41:53.451 +02:00 [Information] Request starting HTTP/2 GET https://localhost:7205/ - -
2023-10-03 11:41:53.527 +02:00 [Information] Executing endpoint '"HouseRentingSystem.Controllers.HomeController.Index (HouseRentingSystem)"'
2023-10-03 11:41:53.542 +02:00 [Information] Route matched with "{action = \"Index\", controller = \"Home\"}". Executing controller action with signature "Microsoft.AspNetCore.Mvc.IActionResult Index()" on controller "HouseRentingSystem.Controllers.HomeController" ("HouseRentingSystem").
2023-10-03 11:41:53.604 +02:00 [Information] Executing action method "HouseRentingSystem.Controllers.HomeController.Index (HouseRentingSystem)" - Validation state: Valid
2023-10-03 11:41:53.610 +02:00 [Information] Executed action method "HouseRentingSystem.Controllers.HomeController.Index (HouseRentingSystem)", returned result "Microsoft.AspNetCore.Mvc.ViewResult" in 0.6928ms.
2023-10-03 11:41:53.619 +02:00 [Information] Executing ViewResult, running view "Index".
2023-10-03 11:41:53.781 +02:00 [Information] Executed ViewResult - view "Index" executed in 161.8639ms.
2023-10-03 11:41:53.787 +02:00 [Information] Executed action "HouseRentingSystem.Controllers.HomeController.Index (HouseRentingSystem)" in 244.8275ms
2023-10-03 11:41:53.788 +02:00 [Information] Executed endpoint '"HouseRentingSystem.Controllers.HomeController.Index (HouseRentingSystem)"'
2023-10-03 11:41:53.816 +02:00 [Information] Request finished HTTP/2 GET https://localhost:7205/ - - - 200 - text/html;+charset=utf-8 368.9674ms
2023-10-03 11:41:53.838 +02:00 [Information] Request starting HTTP/2 GET https://localhost:7205/_framework/aspnetcore-browser-refresh.js - -
2023-10-03 11:41:53.843 +02:00 [Information] Request finished HTTP/2 GET https://localhost:7205/_framework/aspnetcore-browser-refresh.js - - - 200 12368 application/javascript;+charset=utf-8 4.2006ms
2023-10-03 11:41:53.857 +02:00 [Information] Request starting HTTP/2 GET https://localhost:7205/_vs/browserLink - -
2023-10-03 11:41:53.874 +02:00 [Information] Request finished HTTP/2 GET https://localhost:7205/_vs/browserLink - - - 200 - text/javascript;+charset=UTF-8 17.1950ms
