2023-09-27 11:22:16.779 +02:00 [Information] User profile is available. Using '"/Users/haddelalshahabi/.aspnet/DataProtection-Keys"' as key repository; keys will not be encrypted at rest.
2023-09-27 11:22:17.085 +02:00 [Information] Now listening on: "https://localhost:7205"
2023-09-27 11:22:17.085 +02:00 [Information] Now listening on: "http://localhost:5112"
2023-09-27 11:22:17.088 +02:00 [Information] Application started. Press Ctrl+C to shut down.
2023-09-27 11:22:17.088 +02:00 [Information] Hosting environment: "Development"
2023-09-27 11:22:17.089 +02:00 [Information] Content root path: "/Users/haddelalshahabi/WebapplikasjonerProjects/HouseRentingSystem/HouseRentingSystem"
2023-09-27 11:22:18.197 +02:00 [Information] Request starting HTTP/1.1 GET https://localhost:7205/ - -
2023-09-27 11:22:18.211 +02:00 [Information] Executing endpoint '"HouseRentingSystem.Controllers.HomeController.Index (HouseRentingSystem)"'
2023-09-27 11:22:18.215 +02:00 [Information] Route matched with "{action = \"Index\", controller = \"Home\"}". Executing controller action with signature "Microsoft.AspNetCore.Mvc.IActionResult Index()" on controller "HouseRentingSystem.Controllers.HomeController" ("HouseRentingSystem").
2023-09-27 11:22:18.220 +02:00 [Information] Executing ViewResult, running view "Index".
2023-09-27 11:22:18.252 +02:00 [Information] Executed ViewResult - view "Index" executed in 33.3323ms.
2023-09-27 11:22:18.253 +02:00 [Information] Executed action "HouseRentingSystem.Controllers.HomeController.Index (HouseRentingSystem)" in 37.5866ms
2023-09-27 11:22:18.253 +02:00 [Information] Executed endpoint '"HouseRentingSystem.Controllers.HomeController.Index (HouseRentingSystem)"'
2023-09-27 11:22:18.255 +02:00 [Information] Request finished HTTP/1.1 GET https://localhost:7205/ - - - 200 - text/html;+charset=utf-8 58.7525ms
2023-09-27 11:22:22.375 +02:00 [Information] Request starting HTTP/1.1 GET https://localhost:7205/Item/Table - -
2023-09-27 11:22:22.380 +02:00 [Information] Executing endpoint '"MyShop.Controllers.ItemController.Table (HouseRentingSystem)"'
2023-09-27 11:22:22.388 +02:00 [Information] Route matched with "{action = \"Table\", controller = \"Item\"}". Executing controller action with signature "System.Threading.Tasks.Task`1[Microsoft.AspNetCore.Mvc.IActionResult] Table()" on controller "MyShop.Controllers.ItemController" ("HouseRentingSystem").
2023-09-27 11:22:22.446 +02:00 [Information] Executing ViewResult, running view "Table".
2023-09-27 11:22:22.454 +02:00 [Information] Executed ViewResult - view "Table" executed in 8.7795ms.
2023-09-27 11:22:22.454 +02:00 [Information] Executed action "MyShop.Controllers.ItemController.Table (HouseRentingSystem)" in 66.2256ms
2023-09-27 11:22:22.454 +02:00 [Information] Executed endpoint '"MyShop.Controllers.ItemController.Table (HouseRentingSystem)"'
2023-09-27 11:22:22.456 +02:00 [Information] Request finished HTTP/1.1 GET https://localhost:7205/Item/Table - - - 200 - text/html;+charset=utf-8 81.1672ms
2023-09-27 11:22:24.336 +02:00 [Information] Request starting HTTP/1.1 GET https://localhost:7205/Item/Create - -
2023-09-27 11:22:24.340 +02:00 [Information] Executing endpoint '"MyShop.Controllers.ItemController.Create (HouseRentingSystem)"'
2023-09-27 11:22:24.341 +02:00 [Information] Route matched with "{action = \"Create\", controller = \"Item\"}". Executing controller action with signature "Microsoft.AspNetCore.Mvc.IActionResult Create()" on controller "MyShop.Controllers.ItemController" ("HouseRentingSystem").
2023-09-27 11:22:24.343 +02:00 [Information] Executing ViewResult, running view "Create".
2023-09-27 11:22:24.396 +02:00 [Information] Executed ViewResult - view "Create" executed in 53.5299ms.
2023-09-27 11:22:24.396 +02:00 [Information] Executed action "MyShop.Controllers.ItemController.Create (HouseRentingSystem)" in 54.5786ms
2023-09-27 11:22:24.396 +02:00 [Information] Executed endpoint '"MyShop.Controllers.ItemController.Create (HouseRentingSystem)"'
2023-09-27 11:22:24.396 +02:00 [Information] Request finished HTTP/1.1 GET https://localhost:7205/Item/Create - - - 200 - text/html;+charset=utf-8 60.2382ms
2023-09-27 11:22:31.237 +02:00 [Information] Request starting HTTP/1.1 POST https://localhost:7205/Item/Create application/x-www-form-urlencoded 218
2023-09-27 11:22:31.237 +02:00 [Information] Executing endpoint '"MyShop.Controllers.ItemController.Create (HouseRentingSystem)"'
2023-09-27 11:22:31.253 +02:00 [Information] Route matched with "{action = \"Create\", controller = \"Item\"}". Executing controller action with signature "System.Threading.Tasks.Task`1[Microsoft.AspNetCore.Mvc.IActionResult] Create(HouseRentingSystem.Models.Item)" on controller "MyShop.Controllers.ItemController" ("HouseRentingSystem").
2023-09-27 11:22:31.277 +02:00 [Warning] [ItemController] Item creation failed Item { ItemId: 0, Name: null, Price: 0, Description: null, ImageUrl: null, OrderItems: null }
2023-09-27 11:22:31.278 +02:00 [Information] Executing ViewResult, running view "Create".
2023-09-27 11:22:31.281 +02:00 [Information] Executed ViewResult - view "Create" executed in 3.0255ms.
2023-09-27 11:22:31.281 +02:00 [Information] Executed action "MyShop.Controllers.ItemController.Create (HouseRentingSystem)" in 28.0165ms
2023-09-27 11:22:31.281 +02:00 [Information] Executed endpoint '"MyShop.Controllers.ItemController.Create (HouseRentingSystem)"'
2023-09-27 11:22:31.281 +02:00 [Information] Request finished HTTP/1.1 POST https://localhost:7205/Item/Create application/x-www-form-urlencoded 218 - 200 - text/html;+charset=utf-8 43.7596ms
