2023-09-27 14:38:51.037 +02:00 [Information] User profile is available. Using '"C:\Users\unnis\AppData\Local\ASP.NET\DataProtection-Keys"' as key repository and Windows DPAPI to encrypt keys at rest.
2023-09-27 14:38:51.220 +02:00 [Information] Now listening on: "https://localhost:7205"
2023-09-27 14:38:51.224 +02:00 [Information] Now listening on: "http://localhost:5112"
2023-09-27 14:38:51.233 +02:00 [Information] Application started. Press Ctrl+C to shut down.
2023-09-27 14:38:51.236 +02:00 [Information] Hosting environment: "Development"
2023-09-27 14:38:51.238 +02:00 [Information] Content root path: "C:\Users\unnis\OneDrive - OsloMet\5.semester\ITPE3200 Webappplikasjoner\Projects\HouseRentingSystem\HouseRentingSystem\"
2023-09-27 14:38:51.717 +02:00 [Information] Request starting HTTP/2 GET https://localhost:7205/ - -
2023-09-27 14:38:51.794 +02:00 [Information] Executing endpoint '"HouseRentingSystem.Controllers.HomeController.Index (HouseRentingSystem)"'
2023-09-27 14:38:51.812 +02:00 [Information] Route matched with "{action = \"Index\", controller = \"Home\"}". Executing controller action with signature "Microsoft.AspNetCore.Mvc.IActionResult Index()" on controller "HouseRentingSystem.Controllers.HomeController" ("HouseRentingSystem").
2023-09-27 14:38:51.876 +02:00 [Information] Executing action method "HouseRentingSystem.Controllers.HomeController.Index (HouseRentingSystem)" - Validation state: Valid
2023-09-27 14:38:51.883 +02:00 [Information] Executed action method "HouseRentingSystem.Controllers.HomeController.Index (HouseRentingSystem)", returned result "Microsoft.AspNetCore.Mvc.ViewResult" in 0.7013ms.
2023-09-27 14:38:51.894 +02:00 [Information] Executing ViewResult, running view "Index".
2023-09-27 14:38:52.074 +02:00 [Information] Executed ViewResult - view "Index" executed in 181.6319ms.
2023-09-27 14:38:52.082 +02:00 [Information] Executed action "HouseRentingSystem.Controllers.HomeController.Index (HouseRentingSystem)" in 269.5092ms
2023-09-27 14:38:52.083 +02:00 [Information] Executed endpoint '"HouseRentingSystem.Controllers.HomeController.Index (HouseRentingSystem)"'
2023-09-27 14:38:52.122 +02:00 [Information] Request finished HTTP/2 GET https://localhost:7205/ - - - 200 - text/html;+charset=utf-8 409.3233ms
2023-09-27 14:38:52.151 +02:00 [Information] Request starting HTTP/2 GET https://localhost:7205/_framework/aspnetcore-browser-refresh.js - -
2023-09-27 14:38:52.166 +02:00 [Information] Request starting HTTP/2 GET https://localhost:7205/_vs/browserLink - -
2023-09-27 14:38:52.169 +02:00 [Information] Request finished HTTP/2 GET https://localhost:7205/_framework/aspnetcore-browser-refresh.js - - - 200 12368 application/javascript;+charset=utf-8 17.9484ms
2023-09-27 14:38:52.188 +02:00 [Information] Request finished HTTP/2 GET https://localhost:7205/_vs/browserLink - - - 200 - text/javascript;+charset=UTF-8 21.1845ms
