2023-10-09 20:53:56.385 +02:00 [Information] User profile is available. Using '"C:\Users\berry\AppData\Local\ASP.NET\DataProtection-Keys"' as key repository and Windows DPAPI to encrypt keys at rest.
2023-10-09 20:53:56.585 +02:00 [Information] Now listening on: "https://localhost:7205"
2023-10-09 20:53:56.586 +02:00 [Information] Now listening on: "http://localhost:5112"
2023-10-09 20:53:56.598 +02:00 [Information] Application started. Press Ctrl+C to shut down.
2023-10-09 20:53:56.602 +02:00 [Information] Hosting environment: "Development"
2023-10-09 20:53:56.605 +02:00 [Information] Content root path: "C:\Users\berry\OneDrive - OsloMet\Webappikasjon\Project\HouseRentingSystem\"
2023-10-09 20:53:57.398 +02:00 [Information] Request starting HTTP/2 GET https://localhost:7205/ - -
2023-10-09 20:53:57.462 +02:00 [Information] Executing endpoint '"HouseRentingSystem.Controllers.HomeController.Index (HouseRentingSystem)"'
2023-10-09 20:53:57.476 +02:00 [Information] Route matched with "{action = \"Index\", controller = \"Home\"}". Executing controller action with signature "Microsoft.AspNetCore.Mvc.IActionResult Index()" on controller "HouseRentingSystem.Controllers.HomeController" ("HouseRentingSystem").
2023-10-09 20:53:57.527 +02:00 [Information] Executing action method "HouseRentingSystem.Controllers.HomeController.Index (HouseRentingSystem)" - Validation state: Valid
2023-10-09 20:53:57.533 +02:00 [Information] Executed action method "HouseRentingSystem.Controllers.HomeController.Index (HouseRentingSystem)", returned result "Microsoft.AspNetCore.Mvc.ViewResult" in 0.7593ms.
2023-10-09 20:53:57.542 +02:00 [Information] Executing ViewResult, running view "Index".
2023-10-09 20:53:57.711 +02:00 [Information] Executed ViewResult - view "Index" executed in 168.6237ms.
2023-10-09 20:53:57.715 +02:00 [Information] Executed action "HouseRentingSystem.Controllers.HomeController.Index (HouseRentingSystem)" in 238.4591ms
2023-10-09 20:53:57.716 +02:00 [Information] Executed endpoint '"HouseRentingSystem.Controllers.HomeController.Index (HouseRentingSystem)"'
2023-10-09 20:53:57.750 +02:00 [Information] Request finished HTTP/2 GET https://localhost:7205/ - - - 200 - text/html;+charset=utf-8 356.6592ms
2023-10-09 20:53:57.762 +02:00 [Information] Request starting HTTP/2 GET https://localhost:7205/_framework/aspnetcore-browser-refresh.js - -
2023-10-09 20:53:57.766 +02:00 [Information] Request finished HTTP/2 GET https://localhost:7205/_framework/aspnetcore-browser-refresh.js - - - 200 12368 application/javascript;+charset=utf-8 4.2154ms
2023-10-09 20:53:57.769 +02:00 [Information] Request starting HTTP/2 GET https://localhost:7205/path_to_kupler_logo - -
2023-10-09 20:53:57.771 +02:00 [Information] Request finished HTTP/2 GET https://localhost:7205/path_to_kupler_logo - - - 404 0 - 2.4117ms
2023-10-09 20:53:57.773 +02:00 [Information] Request starting HTTP/2 GET https://localhost:7205/path_to_skiloype_logo - -
2023-10-09 20:53:57.774 +02:00 [Information] Request finished HTTP/2 GET https://localhost:7205/path_to_skiloype_logo - - - 404 0 - 0.6362ms
2023-10-09 20:53:57.776 +02:00 [Information] Request starting HTTP/2 GET https://localhost:7205/path_to_herskapshus_logo - -
2023-10-09 20:53:57.776 +02:00 [Information] Request finished HTTP/2 GET https://localhost:7205/path_to_herskapshus_logo - - - 404 0 - 0.1528ms
2023-10-09 20:53:57.778 +02:00 [Information] Request starting HTTP/2 GET https://localhost:7205/path_to_image_for_Modum - -
2023-10-09 20:53:57.778 +02:00 [Information] Request finished HTTP/2 GET https://localhost:7205/path_to_image_for_Modum - - - 404 0 - 0.3981ms
2023-10-09 20:53:57.780 +02:00 [Information] Request starting HTTP/2 GET https://localhost:7205/path_to_image_for_Oslo - -
2023-10-09 20:53:57.780 +02:00 [Information] Request finished HTTP/2 GET https://localhost:7205/path_to_image_for_Oslo - - - 404 0 - 0.3451ms
2023-10-09 20:53:57.782 +02:00 [Information] Request starting HTTP/2 GET https://localhost:7205/_vs/browserLink - -
2023-10-09 20:53:57.800 +02:00 [Information] Request finished HTTP/2 GET https://localhost:7205/_vs/browserLink - - - 200 - text/javascript;+charset=UTF-8 18.0012ms
2023-10-09 20:53:57.922 +02:00 [Information] Request starting HTTP/2 GET https://localhost:7205/path_to_image_for_Oslo - -
2023-10-09 20:53:57.922 +02:00 [Information] Request finished HTTP/2 GET https://localhost:7205/path_to_image_for_Oslo - - - 404 0 - 0.7475ms
