2023-10-09 21:44:13.462 +02:00 [Information] User profile is available. Using '"C:\Users\berry\AppData\Local\ASP.NET\DataProtection-Keys"' as key repository and Windows DPAPI to encrypt keys at rest.
2023-10-09 21:44:13.642 +02:00 [Information] Now listening on: "https://localhost:7205"
2023-10-09 21:44:13.645 +02:00 [Information] Now listening on: "http://localhost:5112"
2023-10-09 21:44:13.652 +02:00 [Information] Application started. Press Ctrl+C to shut down.
2023-10-09 21:44:13.655 +02:00 [Information] Hosting environment: "Development"
2023-10-09 21:44:13.657 +02:00 [Information] Content root path: "C:\Users\berry\OneDrive - OsloMet\Webappikasjon\Project\HouseRentingSystem\"
2023-10-09 21:44:14.354 +02:00 [Information] Request starting HTTP/2 GET https://localhost:7205/ - -
2023-10-09 21:44:14.431 +02:00 [Information] Executing endpoint '"HouseRentingSystem.Controllers.HomeController.Index (HouseRentingSystem)"'
2023-10-09 21:44:14.445 +02:00 [Information] Route matched with "{action = \"Index\", controller = \"Home\"}". Executing controller action with signature "Microsoft.AspNetCore.Mvc.IActionResult Index()" on controller "HouseRentingSystem.Controllers.HomeController" ("HouseRentingSystem").
2023-10-09 21:44:14.507 +02:00 [Information] Executing action method "HouseRentingSystem.Controllers.HomeController.Index (HouseRentingSystem)" - Validation state: Valid
2023-10-09 21:44:14.514 +02:00 [Information] Executed action method "HouseRentingSystem.Controllers.HomeController.Index (HouseRentingSystem)", returned result "Microsoft.AspNetCore.Mvc.ViewResult" in 0.875ms.
2023-10-09 21:44:14.524 +02:00 [Information] Executing ViewResult, running view "Index".
2023-10-09 21:44:14.686 +02:00 [Information] Executed ViewResult - view "Index" executed in 163.8918ms.
2023-10-09 21:44:14.691 +02:00 [Information] Executed action "HouseRentingSystem.Controllers.HomeController.Index (HouseRentingSystem)" in 245.9193ms
2023-10-09 21:44:14.692 +02:00 [Information] Executed endpoint '"HouseRentingSystem.Controllers.HomeController.Index (HouseRentingSystem)"'
2023-10-09 21:44:14.722 +02:00 [Information] Request finished HTTP/2 GET https://localhost:7205/ - - - 200 - text/html;+charset=utf-8 371.5503ms
2023-10-09 21:44:14.741 +02:00 [Information] Request starting HTTP/2 GET https://localhost:7205/_framework/aspnetcore-browser-refresh.js - -
2023-10-09 21:44:14.748 +02:00 [Information] Request finished HTTP/2 GET https://localhost:7205/_framework/aspnetcore-browser-refresh.js - - - 200 12368 application/javascript;+charset=utf-8 6.0199ms
2023-10-09 21:44:14.750 +02:00 [Information] Request starting HTTP/2 GET https://localhost:7205/path_to_image_for_Modum - -
2023-10-09 21:44:14.753 +02:00 [Information] Request finished HTTP/2 GET https://localhost:7205/path_to_image_for_Modum - - - 404 0 - 2.2986ms
2023-10-09 21:44:14.755 +02:00 [Information] Request starting HTTP/2 GET https://localhost:7205/path_to_image_for_Oslo - -
2023-10-09 21:44:14.756 +02:00 [Information] Request finished HTTP/2 GET https://localhost:7205/path_to_image_for_Oslo - - - 404 0 - 1.0016ms
2023-10-09 21:44:14.758 +02:00 [Information] Request starting HTTP/2 GET https://localhost:7205/_vs/browserLink - -
2023-10-09 21:44:14.778 +02:00 [Information] Request finished HTTP/2 GET https://localhost:7205/_vs/browserLink - - - 200 - text/javascript;+charset=UTF-8 19.8665ms
2023-10-09 21:44:15.023 +02:00 [Information] Request starting HTTP/2 GET https://localhost:7205/path_to_image_for_Oslo - -
2023-10-09 21:44:15.024 +02:00 [Information] Request finished HTTP/2 GET https://localhost:7205/path_to_image_for_Oslo - - - 404 0 - 0.8454ms
