2023-10-10 14:26:46.297 +02:00 [Information] User profile is available. Using '"C:\Users\berry\AppData\Local\ASP.NET\DataProtection-Keys"' as key repository and Windows DPAPI to encrypt keys at rest.
2023-10-10 14:26:46.467 +02:00 [Information] Now listening on: "https://localhost:7205"
2023-10-10 14:26:46.468 +02:00 [Information] Now listening on: "http://localhost:5112"
2023-10-10 14:26:46.476 +02:00 [Information] Application started. Press Ctrl+C to shut down.
2023-10-10 14:26:46.478 +02:00 [Information] Hosting environment: "Development"
2023-10-10 14:26:46.479 +02:00 [Information] Content root path: "C:\Users\berry\OneDrive - OsloMet\Webappikasjon\Project\HouseRentingSystem\"
2023-10-10 14:26:47.125 +02:00 [Information] Request starting HTTP/2 GET https://localhost:7205/ - -
2023-10-10 14:26:47.189 +02:00 [Information] Executing endpoint '"HouseRentingSystem.Controllers.HomeController.Index (HouseRentingSystem)"'
2023-10-10 14:26:47.201 +02:00 [Information] Route matched with "{action = \"Index\", controller = \"Home\"}". Executing controller action with signature "Microsoft.AspNetCore.Mvc.IActionResult Index()" on controller "HouseRentingSystem.Controllers.HomeController" ("HouseRentingSystem").
2023-10-10 14:26:47.253 +02:00 [Information] Executing action method "HouseRentingSystem.Controllers.HomeController.Index (HouseRentingSystem)" - Validation state: Valid
2023-10-10 14:26:47.258 +02:00 [Information] Executed action method "HouseRentingSystem.Controllers.HomeController.Index (HouseRentingSystem)", returned result "Microsoft.AspNetCore.Mvc.ViewResult" in 0.5099ms.
2023-10-10 14:26:47.267 +02:00 [Information] Executing ViewResult, running view "Index".
2023-10-10 14:26:47.425 +02:00 [Information] Executed ViewResult - view "Index" executed in 159.0674ms.
2023-10-10 14:26:47.429 +02:00 [Information] Executed action "HouseRentingSystem.Controllers.HomeController.Index (HouseRentingSystem)" in 227.2794ms
2023-10-10 14:26:47.430 +02:00 [Information] Executed endpoint '"HouseRentingSystem.Controllers.HomeController.Index (HouseRentingSystem)"'
2023-10-10 14:26:47.461 +02:00 [Information] Request finished HTTP/2 GET https://localhost:7205/ - - - 200 - text/html;+charset=utf-8 339.2209ms
2023-10-10 14:26:47.474 +02:00 [Information] Request starting HTTP/2 GET https://localhost:7205/_framework/aspnetcore-browser-refresh.js - -
2023-10-10 14:26:47.478 +02:00 [Information] Request finished HTTP/2 GET https://localhost:7205/_framework/aspnetcore-browser-refresh.js - - - 200 12368 application/javascript;+charset=utf-8 3.7475ms
2023-10-10 14:26:47.485 +02:00 [Information] Request starting HTTP/2 GET https://localhost:7205/path_to_image_for_Modum - -
2023-10-10 14:26:47.488 +02:00 [Information] Request finished HTTP/2 GET https://localhost:7205/path_to_image_for_Modum - - - 404 0 - 2.7950ms
2023-10-10 14:26:47.490 +02:00 [Information] Request starting HTTP/2 GET https://localhost:7205/_vs/browserLink - -
2023-10-10 14:26:47.508 +02:00 [Information] Request finished HTTP/2 GET https://localhost:7205/_vs/browserLink - - - 200 - text/javascript;+charset=UTF-8 17.8055ms
2023-10-10 14:26:47.668 +02:00 [Information] Request starting HTTP/2 GET https://localhost:7205/path_to_image_for_Modum - -
2023-10-10 14:26:47.670 +02:00 [Information] Request finished HTTP/2 GET https://localhost:7205/path_to_image_for_Modum - - - 404 0 - 1.8036ms
