2023-10-09 21:09:00.361 +02:00 [Information] User profile is available. Using '"C:\Users\berry\AppData\Local\ASP.NET\DataProtection-Keys"' as key repository and Windows DPAPI to encrypt keys at rest.
2023-10-09 21:09:00.539 +02:00 [Information] Now listening on: "https://localhost:7205"
2023-10-09 21:09:00.541 +02:00 [Information] Now listening on: "http://localhost:5112"
2023-10-09 21:09:00.548 +02:00 [Information] Application started. Press Ctrl+C to shut down.
2023-10-09 21:09:00.550 +02:00 [Information] Hosting environment: "Development"
2023-10-09 21:09:00.551 +02:00 [Information] Content root path: "C:\Users\berry\OneDrive - OsloMet\Webappikasjon\Project\HouseRentingSystem\"
2023-10-09 21:09:01.013 +02:00 [Information] Request starting HTTP/2 GET https://localhost:7205/ - -
2023-10-09 21:09:01.071 +02:00 [Information] Executing endpoint '"HouseRentingSystem.Controllers.HomeController.Index (HouseRentingSystem)"'
2023-10-09 21:09:01.085 +02:00 [Information] Route matched with "{action = \"Index\", controller = \"Home\"}". Executing controller action with signature "Microsoft.AspNetCore.Mvc.IActionResult Index()" on controller "HouseRentingSystem.Controllers.HomeController" ("HouseRentingSystem").
2023-10-09 21:09:01.152 +02:00 [Information] Executing action method "HouseRentingSystem.Controllers.HomeController.Index (HouseRentingSystem)" - Validation state: Valid
2023-10-09 21:09:01.157 +02:00 [Information] Executed action method "HouseRentingSystem.Controllers.HomeController.Index (HouseRentingSystem)", returned result "Microsoft.AspNetCore.Mvc.ViewResult" in 0.5803ms.
2023-10-09 21:09:01.165 +02:00 [Information] Executing ViewResult, running view "Index".
2023-10-09 21:09:01.320 +02:00 [Information] Executed ViewResult - view "Index" executed in 156.1338ms.
2023-10-09 21:09:01.325 +02:00 [Information] Executed action "HouseRentingSystem.Controllers.HomeController.Index (HouseRentingSystem)" in 239.1612ms
2023-10-09 21:09:01.325 +02:00 [Information] Executed endpoint '"HouseRentingSystem.Controllers.HomeController.Index (HouseRentingSystem)"'
2023-10-09 21:09:01.355 +02:00 [Information] Request finished HTTP/2 GET https://localhost:7205/ - - - 200 - text/html;+charset=utf-8 347.0051ms
2023-10-09 21:09:01.374 +02:00 [Information] Request starting HTTP/2 GET https://localhost:7205/_framework/aspnetcore-browser-refresh.js - -
2023-10-09 21:09:01.379 +02:00 [Information] Request finished HTTP/2 GET https://localhost:7205/_framework/aspnetcore-browser-refresh.js - - - 200 12368 application/javascript;+charset=utf-8 4.9579ms
2023-10-09 21:09:01.382 +02:00 [Information] Request starting HTTP/2 GET https://localhost:7205/path_to_image_for_Modum - -
2023-10-09 21:09:01.384 +02:00 [Information] Request finished HTTP/2 GET https://localhost:7205/path_to_image_for_Modum - - - 404 0 - 2.4773ms
2023-10-09 21:09:01.386 +02:00 [Information] Request starting HTTP/2 GET https://localhost:7205/path_to_image_for_Oslo - -
2023-10-09 21:09:01.387 +02:00 [Information] Request finished HTTP/2 GET https://localhost:7205/path_to_image_for_Oslo - - - 404 0 - 0.8309ms
2023-10-09 21:09:01.389 +02:00 [Information] Request starting HTTP/2 GET https://localhost:7205/_vs/browserLink - -
2023-10-09 21:09:01.406 +02:00 [Information] Request finished HTTP/2 GET https://localhost:7205/_vs/browserLink - - - 200 - text/javascript;+charset=UTF-8 16.6838ms
2023-10-09 21:09:01.537 +02:00 [Information] Request starting HTTP/2 GET https://localhost:7205/path_to_image_for_Oslo - -
2023-10-09 21:09:01.538 +02:00 [Information] Request finished HTTP/2 GET https://localhost:7205/path_to_image_for_Oslo - - - 404 0 - 0.7602ms
