2023-10-09 23:24:18.004 +02:00 [Information] User profile is available. Using '"C:\Users\berry\AppData\Local\ASP.NET\DataProtection-Keys"' as key repository and Windows DPAPI to encrypt keys at rest.
2023-10-09 23:24:18.177 +02:00 [Information] Now listening on: "https://localhost:7205"
2023-10-09 23:24:18.178 +02:00 [Information] Now listening on: "http://localhost:5112"
2023-10-09 23:24:18.186 +02:00 [Information] Application started. Press Ctrl+C to shut down.
2023-10-09 23:24:18.189 +02:00 [Information] Hosting environment: "Development"
2023-10-09 23:24:18.190 +02:00 [Information] Content root path: "C:\Users\berry\OneDrive - OsloMet\Webappikasjon\Project\HouseRentingSystem\"
2023-10-09 23:24:18.897 +02:00 [Information] Request starting HTTP/2 GET https://localhost:7205/ - -
2023-10-09 23:24:18.964 +02:00 [Information] Executing endpoint '"HouseRentingSystem.Controllers.HomeController.Index (HouseRentingSystem)"'
2023-10-09 23:24:18.980 +02:00 [Information] Route matched with "{action = \"Index\", controller = \"Home\"}". Executing controller action with signature "Microsoft.AspNetCore.Mvc.IActionResult Index()" on controller "HouseRentingSystem.Controllers.HomeController" ("HouseRentingSystem").
2023-10-09 23:24:19.032 +02:00 [Information] Executing action method "HouseRentingSystem.Controllers.HomeController.Index (HouseRentingSystem)" - Validation state: Valid
2023-10-09 23:24:19.037 +02:00 [Information] Executed action method "HouseRentingSystem.Controllers.HomeController.Index (HouseRentingSystem)", returned result "Microsoft.AspNetCore.Mvc.ViewResult" in 0.7061ms.
2023-10-09 23:24:19.048 +02:00 [Information] Executing ViewResult, running view "Index".
2023-10-09 23:24:19.232 +02:00 [Information] Executed ViewResult - view "Index" executed in 186.6715ms.
2023-10-09 23:24:19.237 +02:00 [Information] Executed action "HouseRentingSystem.Controllers.HomeController.Index (HouseRentingSystem)" in 256.296ms
2023-10-09 23:24:19.238 +02:00 [Information] Executed endpoint '"HouseRentingSystem.Controllers.HomeController.Index (HouseRentingSystem)"'
2023-10-09 23:24:19.269 +02:00 [Information] Request finished HTTP/2 GET https://localhost:7205/ - - - 200 - text/html;+charset=utf-8 374.4059ms
2023-10-09 23:24:19.282 +02:00 [Information] Request starting HTTP/2 GET https://localhost:7205/path_to_image_for_Modum - -
2023-10-09 23:24:19.282 +02:00 [Information] Request starting HTTP/2 GET https://localhost:7205/_framework/aspnetcore-browser-refresh.js - -
2023-10-09 23:24:19.286 +02:00 [Information] Request starting HTTP/2 GET https://localhost:7205/_vs/browserLink - -
2023-10-09 23:24:19.286 +02:00 [Information] Request finished HTTP/2 GET https://localhost:7205/path_to_image_for_Modum - - - 404 0 - 4.5468ms
2023-10-09 23:24:19.288 +02:00 [Information] Request finished HTTP/2 GET https://localhost:7205/_framework/aspnetcore-browser-refresh.js - - - 200 12368 application/javascript;+charset=utf-8 6.4478ms
2023-10-09 23:24:19.303 +02:00 [Information] Request finished HTTP/2 GET https://localhost:7205/_vs/browserLink - - - 200 - text/javascript;+charset=UTF-8 16.8253ms
