2023-10-10 17:30:34.371 +02:00 [Information] User profile is available. Using '"C:\Users\berry\AppData\Local\ASP.NET\DataProtection-Keys"' as key repository and Windows DPAPI to encrypt keys at rest.
2023-10-10 17:30:34.564 +02:00 [Information] Now listening on: "https://localhost:7205"
2023-10-10 17:30:34.566 +02:00 [Information] Now listening on: "http://localhost:5112"
2023-10-10 17:30:34.574 +02:00 [Information] Application started. Press Ctrl+C to shut down.
2023-10-10 17:30:34.576 +02:00 [Information] Hosting environment: "Development"
2023-10-10 17:30:34.578 +02:00 [Information] Content root path: "C:\Users\berry\OneDrive - OsloMet\Webappikasjon\Project\HouseRentingSystem\"
2023-10-10 17:30:35.148 +02:00 [Information] Request starting HTTP/2 GET https://localhost:7205/ - -
2023-10-10 17:30:35.226 +02:00 [Information] Executing endpoint '"HouseRentingSystem.Controllers.HomeController.Index (HouseRentingSystem)"'
2023-10-10 17:30:35.245 +02:00 [Information] Route matched with "{action = \"Index\", controller = \"Home\"}". Executing controller action with signature "Microsoft.AspNetCore.Mvc.IActionResult Index()" on controller "HouseRentingSystem.Controllers.HomeController" ("HouseRentingSystem").
2023-10-10 17:30:35.299 +02:00 [Information] Executing action method "HouseRentingSystem.Controllers.HomeController.Index (HouseRentingSystem)" - Validation state: Valid
2023-10-10 17:30:35.303 +02:00 [Information] Executed action method "HouseRentingSystem.Controllers.HomeController.Index (HouseRentingSystem)", returned result "Microsoft.AspNetCore.Mvc.ViewResult" in 0.5039ms.
2023-10-10 17:30:35.310 +02:00 [Information] Executing ViewResult, running view "Index".
2023-10-10 17:30:35.472 +02:00 [Information] Executed ViewResult - view "Index" executed in 161.4259ms.
2023-10-10 17:30:35.477 +02:00 [Information] Executed action "HouseRentingSystem.Controllers.HomeController.Index (HouseRentingSystem)" in 232.1298ms
2023-10-10 17:30:35.478 +02:00 [Information] Executed endpoint '"HouseRentingSystem.Controllers.HomeController.Index (HouseRentingSystem)"'
2023-10-10 17:30:35.503 +02:00 [Information] Request finished HTTP/2 GET https://localhost:7205/ - - - 200 - text/html;+charset=utf-8 358.3122ms
2023-10-10 17:30:35.530 +02:00 [Information] Request starting HTTP/2 GET https://localhost:7205/_framework/aspnetcore-browser-refresh.js - -
2023-10-10 17:30:35.535 +02:00 [Information] Request finished HTTP/2 GET https://localhost:7205/_framework/aspnetcore-browser-refresh.js - - - 200 12368 application/javascript;+charset=utf-8 5.3676ms
2023-10-10 17:30:35.538 +02:00 [Information] Request starting HTTP/2 GET https://localhost:7205/path_to_image_for_Modum - -
2023-10-10 17:30:35.541 +02:00 [Information] Request finished HTTP/2 GET https://localhost:7205/path_to_image_for_Modum - - - 404 0 - 2.5746ms
2023-10-10 17:30:35.543 +02:00 [Information] Request starting HTTP/2 GET https://localhost:7205/_vs/browserLink - -
2023-10-10 17:30:35.555 +02:00 [Information] Request finished HTTP/2 GET https://localhost:7205/_vs/browserLink - - - 200 - text/javascript;+charset=UTF-8 11.5609ms
2023-10-10 17:30:36.116 +02:00 [Information] Request starting HTTP/2 GET https://localhost:7205/path_to_image_for_Modum - -
2023-10-10 17:30:36.118 +02:00 [Information] Request finished HTTP/2 GET https://localhost:7205/path_to_image_for_Modum - - - 404 0 - 1.9778ms
