2023-10-09 23:19:42.757 +02:00 [Information] User profile is available. Using '"C:\Users\berry\AppData\Local\ASP.NET\DataProtection-Keys"' as key repository and Windows DPAPI to encrypt keys at rest.
2023-10-09 23:19:42.939 +02:00 [Information] Now listening on: "https://localhost:7205"
2023-10-09 23:19:42.941 +02:00 [Information] Now listening on: "http://localhost:5112"
2023-10-09 23:19:42.950 +02:00 [Information] Application started. Press Ctrl+C to shut down.
2023-10-09 23:19:42.953 +02:00 [Information] Hosting environment: "Development"
2023-10-09 23:19:42.955 +02:00 [Information] Content root path: "C:\Users\berry\OneDrive - OsloMet\Webappikasjon\Project\HouseRentingSystem\"
2023-10-09 23:19:43.829 +02:00 [Information] Request starting HTTP/2 GET https://localhost:7205/ - -
2023-10-09 23:19:43.897 +02:00 [Information] Executing endpoint '"HouseRentingSystem.Controllers.HomeController.Index (HouseRentingSystem)"'
2023-10-09 23:19:43.919 +02:00 [Information] Route matched with "{action = \"Index\", controller = \"Home\"}". Executing controller action with signature "Microsoft.AspNetCore.Mvc.IActionResult Index()" on controller "HouseRentingSystem.Controllers.HomeController" ("HouseRentingSystem").
2023-10-09 23:19:43.978 +02:00 [Information] Executing action method "HouseRentingSystem.Controllers.HomeController.Index (HouseRentingSystem)" - Validation state: Valid
2023-10-09 23:19:43.982 +02:00 [Information] Executed action method "HouseRentingSystem.Controllers.HomeController.Index (HouseRentingSystem)", returned result "Microsoft.AspNetCore.Mvc.ViewResult" in 0.5035ms.
2023-10-09 23:19:43.992 +02:00 [Information] Executing ViewResult, running view "Index".
2023-10-09 23:19:44.167 +02:00 [Information] Executed ViewResult - view "Index" executed in 176.4818ms.
2023-10-09 23:19:44.174 +02:00 [Information] Executed action "HouseRentingSystem.Controllers.HomeController.Index (HouseRentingSystem)" in 253.1341ms
2023-10-09 23:19:44.174 +02:00 [Information] Executed endpoint '"HouseRentingSystem.Controllers.HomeController.Index (HouseRentingSystem)"'
2023-10-09 23:19:44.202 +02:00 [Information] Request finished HTTP/2 GET https://localhost:7205/ - - - 200 - text/html;+charset=utf-8 375.9587ms
2023-10-09 23:19:44.202 +02:00 [Information] Request starting HTTP/2 GET https://localhost:7205/lib/bootstrap/js/bootstrap.js - -
2023-10-09 23:19:44.202 +02:00 [Information] Request starting HTTP/2 GET https://localhost:7205/lib/jquery/jquery.js - -
2023-10-09 23:19:44.203 +02:00 [Information] Request starting HTTP/2 GET https://localhost:7205/lib/jquery-validation-unobtrusive/jquery.validate.unobtrusive.js - -
2023-10-09 23:19:44.203 +02:00 [Information] Request starting HTTP/2 GET https://localhost:7205/lib/jquery-validate/jquery.validate.js - -
2023-10-09 23:19:44.226 +02:00 [Information] The file "/lib/jquery-validation-unobtrusive/jquery.validate.unobtrusive.js" was not modified
2023-10-09 23:19:44.226 +02:00 [Information] The file "/lib/jquery/jquery.js" was not modified
2023-10-09 23:19:44.226 +02:00 [Information] The file "/lib/bootstrap/js/bootstrap.js" was not modified
2023-10-09 23:19:44.226 +02:00 [Information] The file "/lib/jquery-validate/jquery.validate.js" was not modified
2023-10-09 23:19:44.227 +02:00 [Information] Request finished HTTP/2 GET https://localhost:7205/lib/jquery/jquery.js - - - 304 - application/javascript 24.0989ms
2023-10-09 23:19:44.227 +02:00 [Information] Request finished HTTP/2 GET https://localhost:7205/lib/bootstrap/js/bootstrap.js - - - 304 - application/javascript 24.1409ms
2023-10-09 23:19:44.227 +02:00 [Information] Request finished HTTP/2 GET https://localhost:7205/lib/jquery-validate/jquery.validate.js - - - 304 - application/javascript 24.0707ms
2023-10-09 23:19:44.227 +02:00 [Information] Request finished HTTP/2 GET https://localhost:7205/lib/jquery-validation-unobtrusive/jquery.validate.unobtrusive.js - - - 304 - application/javascript 24.0989ms
2023-10-09 23:19:44.238 +02:00 [Information] Request starting HTTP/2 GET https://localhost:7205/_framework/aspnetcore-browser-refresh.js - -
2023-10-09 23:19:44.244 +02:00 [Information] Request finished HTTP/2 GET https://localhost:7205/_framework/aspnetcore-browser-refresh.js - - - 200 12368 application/javascript;+charset=utf-8 5.1550ms
2023-10-09 23:19:44.247 +02:00 [Information] Request starting HTTP/2 GET https://localhost:7205/path_to_image_for_Modum - -
2023-10-09 23:19:44.248 +02:00 [Information] Request finished HTTP/2 GET https://localhost:7205/path_to_image_for_Modum - - - 404 0 - 0.9795ms
2023-10-09 23:19:44.250 +02:00 [Information] Request starting HTTP/2 GET https://localhost:7205/_vs/browserLink - -
2023-10-09 23:19:44.266 +02:00 [Information] Request finished HTTP/2 GET https://localhost:7205/_vs/browserLink - - - 200 - text/javascript;+charset=UTF-8 16.0394ms
2023-10-09 23:19:44.423 +02:00 [Information] Request starting HTTP/2 GET https://localhost:7205/path_to_image_for_Modum - -
2023-10-09 23:19:44.424 +02:00 [Information] Request finished HTTP/2 GET https://localhost:7205/path_to_image_for_Modum - - - 404 0 - 1.1131ms
