2023-10-09 22:15:32.952 +02:00 [Information] User profile is available. Using '"C:\Users\berry\AppData\Local\ASP.NET\DataProtection-Keys"' as key repository and Windows DPAPI to encrypt keys at rest.
2023-10-09 22:15:33.135 +02:00 [Information] Now listening on: "https://localhost:7205"
2023-10-09 22:15:33.137 +02:00 [Information] Now listening on: "http://localhost:5112"
2023-10-09 22:15:33.144 +02:00 [Information] Application started. Press Ctrl+C to shut down.
2023-10-09 22:15:33.146 +02:00 [Information] Hosting environment: "Development"
2023-10-09 22:15:33.147 +02:00 [Information] Content root path: "C:\Users\berry\OneDrive - OsloMet\Webappikasjon\Project\HouseRentingSystem\"
2023-10-09 22:15:33.801 +02:00 [Information] Request starting HTTP/2 GET https://localhost:7205/ - -
2023-10-09 22:15:33.870 +02:00 [Information] Executing endpoint '"HouseRentingSystem.Controllers.HomeController.Index (HouseRentingSystem)"'
2023-10-09 22:15:33.884 +02:00 [Information] Route matched with "{action = \"Index\", controller = \"Home\"}". Executing controller action with signature "Microsoft.AspNetCore.Mvc.IActionResult Index()" on controller "HouseRentingSystem.Controllers.HomeController" ("HouseRentingSystem").
2023-10-09 22:15:33.939 +02:00 [Information] Executing action method "HouseRentingSystem.Controllers.HomeController.Index (HouseRentingSystem)" - Validation state: Valid
2023-10-09 22:15:33.944 +02:00 [Information] Executed action method "HouseRentingSystem.Controllers.HomeController.Index (HouseRentingSystem)", returned result "Microsoft.AspNetCore.Mvc.ViewResult" in 0.5526ms.
2023-10-09 22:15:33.953 +02:00 [Information] Executing ViewResult, running view "Index".
2023-10-09 22:15:34.114 +02:00 [Information] Executed ViewResult - view "Index" executed in 162.379ms.
2023-10-09 22:15:34.119 +02:00 [Information] Executed action "HouseRentingSystem.Controllers.HomeController.Index (HouseRentingSystem)" in 233.9321ms
2023-10-09 22:15:34.119 +02:00 [Information] Executed endpoint '"HouseRentingSystem.Controllers.HomeController.Index (HouseRentingSystem)"'
2023-10-09 22:15:34.150 +02:00 [Information] Request finished HTTP/2 GET https://localhost:7205/ - - - 200 - text/html;+charset=utf-8 354.2019ms
2023-10-09 22:15:34.161 +02:00 [Information] Request starting HTTP/2 GET https://localhost:7205/path_to_image_for_Modum - -
2023-10-09 22:15:34.161 +02:00 [Information] Request starting HTTP/2 GET https://localhost:7205/_framework/aspnetcore-browser-refresh.js - -
2023-10-09 22:15:34.164 +02:00 [Information] Request starting HTTP/2 GET https://localhost:7205/path_to_image_for_Oslo - -
2023-10-09 22:15:34.177 +02:00 [Information] Request finished HTTP/2 GET https://localhost:7205/path_to_image_for_Modum - - - 404 0 - 15.8343ms
2023-10-09 22:15:34.184 +02:00 [Information] Request starting HTTP/2 GET https://localhost:7205/_vs/browserLink - -
2023-10-09 22:15:34.188 +02:00 [Information] Request finished HTTP/2 GET https://localhost:7205/path_to_image_for_Oslo - - - 404 0 - 23.6490ms
2023-10-09 22:15:34.188 +02:00 [Information] Request finished HTTP/2 GET https://localhost:7205/_framework/aspnetcore-browser-refresh.js - - - 200 12368 application/javascript;+charset=utf-8 27.4877ms
2023-10-09 22:15:34.208 +02:00 [Information] Request finished HTTP/2 GET https://localhost:7205/_vs/browserLink - - - 200 - text/javascript;+charset=UTF-8 23.9999ms
