2023-10-09 19:02:54.384 +02:00 [Information] User profile is available. Using '"C:\Users\berry\AppData\Local\ASP.NET\DataProtection-Keys"' as key repository and Windows DPAPI to encrypt keys at rest.
2023-10-09 19:02:54.547 +02:00 [Information] Now listening on: "https://localhost:7205"
2023-10-09 19:02:54.549 +02:00 [Information] Now listening on: "http://localhost:5112"
2023-10-09 19:02:54.558 +02:00 [Information] Application started. Press Ctrl+C to shut down.
2023-10-09 19:02:54.561 +02:00 [Information] Hosting environment: "Development"
2023-10-09 19:02:54.563 +02:00 [Information] Content root path: "C:\Users\berry\OneDrive - OsloMet\Webappikasjon\Project\HouseRentingSystem\"
2023-10-09 19:02:55.454 +02:00 [Information] Request starting HTTP/2 GET https://localhost:7205/ - -
2023-10-09 19:02:55.523 +02:00 [Information] Executing endpoint '"HouseRentingSystem.Controllers.HomeController.Index (HouseRentingSystem)"'
2023-10-09 19:02:55.536 +02:00 [Information] Route matched with "{action = \"Index\", controller = \"Home\"}". Executing controller action with signature "Microsoft.AspNetCore.Mvc.IActionResult Index()" on controller "HouseRentingSystem.Controllers.HomeController" ("HouseRentingSystem").
2023-10-09 19:02:55.592 +02:00 [Information] Executing action method "HouseRentingSystem.Controllers.HomeController.Index (HouseRentingSystem)" - Validation state: Valid
2023-10-09 19:02:55.598 +02:00 [Information] Executed action method "HouseRentingSystem.Controllers.HomeController.Index (HouseRentingSystem)", returned result "Microsoft.AspNetCore.Mvc.ViewResult" in 0.7985ms.
2023-10-09 19:02:55.609 +02:00 [Information] Executing ViewResult, running view "Index".
2023-10-09 19:02:55.786 +02:00 [Information] Executed ViewResult - view "Index" executed in 177.4573ms.
2023-10-09 19:02:55.791 +02:00 [Information] Executed action "HouseRentingSystem.Controllers.HomeController.Index (HouseRentingSystem)" in 254.1735ms
2023-10-09 19:02:55.791 +02:00 [Information] Executed endpoint '"HouseRentingSystem.Controllers.HomeController.Index (HouseRentingSystem)"'
2023-10-09 19:02:55.822 +02:00 [Information] Request finished HTTP/2 GET https://localhost:7205/ - - - 200 - text/html;+charset=utf-8 372.4592ms
2023-10-09 19:02:55.833 +02:00 [Information] Request starting HTTP/2 GET https://localhost:7205/_framework/aspnetcore-browser-refresh.js - -
2023-10-09 19:02:55.837 +02:00 [Information] Request finished HTTP/2 GET https://localhost:7205/_framework/aspnetcore-browser-refresh.js - - - 200 12368 application/javascript;+charset=utf-8 3.7788ms
2023-10-09 19:02:55.842 +02:00 [Information] Request starting HTTP/2 GET https://localhost:7205/path_to_image_for_Modum - -
2023-10-09 19:02:55.844 +02:00 [Information] Request finished HTTP/2 GET https://localhost:7205/path_to_image_for_Modum - - - 404 0 - 2.2996ms
2023-10-09 19:02:55.846 +02:00 [Information] Request starting HTTP/2 GET https://localhost:7205/path_to_image_for_Oslo - -
2023-10-09 19:02:55.847 +02:00 [Information] Request finished HTTP/2 GET https://localhost:7205/path_to_image_for_Oslo - - - 404 0 - 0.8823ms
2023-10-09 19:02:55.849 +02:00 [Information] Request starting HTTP/2 GET https://localhost:7205/_vs/browserLink - -
2023-10-09 19:02:55.867 +02:00 [Information] Request finished HTTP/2 GET https://localhost:7205/_vs/browserLink - - - 200 - text/javascript;+charset=UTF-8 18.1950ms
