2023-09-27 22:00:50.330 +02:00 [Information] User profile is available. Using '"C:\Users\unnis\AppData\Local\ASP.NET\DataProtection-Keys"' as key repository and Windows DPAPI to encrypt keys at rest.
2023-09-27 22:00:50.560 +02:00 [Information] Now listening on: "https://localhost:7205"
2023-09-27 22:00:50.562 +02:00 [Information] Now listening on: "http://localhost:5112"
2023-09-27 22:00:50.571 +02:00 [Information] Application started. Press Ctrl+C to shut down.
2023-09-27 22:00:50.574 +02:00 [Information] Hosting environment: "Development"
2023-09-27 22:00:50.575 +02:00 [Information] Content root path: "C:\Users\unnis\OneDrive - OsloMet\5.semester\ITPE3200 Webappplikasjoner\Projects\HouseRentingSystem\HouseRentingSystem\"
2023-09-27 22:00:51.243 +02:00 [Information] Request starting HTTP/2 GET https://localhost:7205/ - -
2023-09-27 22:00:51.343 +02:00 [Information] Executing endpoint '"HouseRentingSystem.Controllers.HomeController.Index (HouseRentingSystem)"'
2023-09-27 22:00:51.361 +02:00 [Information] Route matched with "{action = \"Index\", controller = \"Home\"}". Executing controller action with signature "Microsoft.AspNetCore.Mvc.IActionResult Index()" on controller "HouseRentingSystem.Controllers.HomeController" ("HouseRentingSystem").
2023-09-27 22:00:51.425 +02:00 [Information] Executing action method "HouseRentingSystem.Controllers.HomeController.Index (HouseRentingSystem)" - Validation state: Valid
2023-09-27 22:00:51.431 +02:00 [Information] Executed action method "HouseRentingSystem.Controllers.HomeController.Index (HouseRentingSystem)", returned result "Microsoft.AspNetCore.Mvc.ViewResult" in 0.6665ms.
2023-09-27 22:00:51.441 +02:00 [Information] Executing ViewResult, running view "Index".
2023-09-27 22:00:51.620 +02:00 [Information] Executed ViewResult - view "Index" executed in 181.2092ms.
2023-09-27 22:00:51.627 +02:00 [Information] Executed action "HouseRentingSystem.Controllers.HomeController.Index (HouseRentingSystem)" in 265.5557ms
2023-09-27 22:00:51.628 +02:00 [Information] Executed endpoint '"HouseRentingSystem.Controllers.HomeController.Index (HouseRentingSystem)"'
2023-09-27 22:00:51.657 +02:00 [Information] Request finished HTTP/2 GET https://localhost:7205/ - - - 200 - text/html;+charset=utf-8 417.6673ms
2023-09-27 22:00:51.686 +02:00 [Information] Request starting HTTP/2 GET https://localhost:7205/_vs/browserLink - -
2023-09-27 22:00:51.686 +02:00 [Information] Request starting HTTP/2 GET https://localhost:7205/_framework/aspnetcore-browser-refresh.js - -
2023-09-27 22:00:51.700 +02:00 [Information] Request finished HTTP/2 GET https://localhost:7205/_framework/aspnetcore-browser-refresh.js - - - 200 12368 application/javascript;+charset=utf-8 14.3464ms
2023-09-27 22:00:51.709 +02:00 [Information] Request finished HTTP/2 GET https://localhost:7205/_vs/browserLink - - - 200 - text/javascript;+charset=UTF-8 23.3814ms
