2023-09-27 20:37:43.705 +02:00 [Information] User profile is available. Using '"C:\Users\unnis\AppData\Local\ASP.NET\DataProtection-Keys"' as key repository and Windows DPAPI to encrypt keys at rest.
2023-09-27 20:37:43.903 +02:00 [Information] Now listening on: "https://localhost:7205"
2023-09-27 20:37:43.905 +02:00 [Information] Now listening on: "http://localhost:5112"
2023-09-27 20:37:43.915 +02:00 [Information] Application started. Press Ctrl+C to shut down.
2023-09-27 20:37:43.918 +02:00 [Information] Hosting environment: "Development"
2023-09-27 20:37:43.920 +02:00 [Information] Content root path: "C:\Users\unnis\OneDrive - OsloMet\5.semester\ITPE3200 Webappplikasjoner\Projects\HouseRentingSystem\HouseRentingSystem\"
2023-09-27 20:37:44.531 +02:00 [Information] Request starting HTTP/2 GET https://localhost:7205/ - -
2023-09-27 20:37:44.629 +02:00 [Information] Executing endpoint '"HouseRentingSystem.Controllers.HomeController.Index (HouseRentingSystem)"'
2023-09-27 20:37:44.650 +02:00 [Information] Route matched with "{action = \"Index\", controller = \"Home\"}". Executing controller action with signature "Microsoft.AspNetCore.Mvc.IActionResult Index()" on controller "HouseRentingSystem.Controllers.HomeController" ("HouseRentingSystem").
2023-09-27 20:37:44.718 +02:00 [Information] Executing action method "HouseRentingSystem.Controllers.HomeController.Index (HouseRentingSystem)" - Validation state: Valid
2023-09-27 20:37:44.728 +02:00 [Information] Executed action method "HouseRentingSystem.Controllers.HomeController.Index (HouseRentingSystem)", returned result "Microsoft.AspNetCore.Mvc.ViewResult" in 0.84ms.
2023-09-27 20:37:44.740 +02:00 [Information] Executing ViewResult, running view "Index".
2023-09-27 20:37:44.924 +02:00 [Information] Executed ViewResult - view "Index" executed in 186.1785ms.
2023-09-27 20:37:44.931 +02:00 [Information] Executed action "HouseRentingSystem.Controllers.HomeController.Index (HouseRentingSystem)" in 280.3176ms
2023-09-27 20:37:44.931 +02:00 [Information] Executed endpoint '"HouseRentingSystem.Controllers.HomeController.Index (HouseRentingSystem)"'
2023-09-27 20:37:44.961 +02:00 [Information] Request finished HTTP/2 GET https://localhost:7205/ - - - 200 - text/html;+charset=utf-8 437.1322ms
2023-09-27 20:37:44.986 +02:00 [Information] Request starting HTTP/2 GET https://localhost:7205/_vs/browserLink - -
2023-09-27 20:37:44.986 +02:00 [Information] Request starting HTTP/2 GET https://localhost:7205/_framework/aspnetcore-browser-refresh.js - -
2023-09-27 20:37:44.992 +02:00 [Information] Request finished HTTP/2 GET https://localhost:7205/_framework/aspnetcore-browser-refresh.js - - - 200 12368 application/javascript;+charset=utf-8 5.7164ms
2023-09-27 20:37:45.001 +02:00 [Information] Request finished HTTP/2 GET https://localhost:7205/_vs/browserLink - - - 200 - text/javascript;+charset=UTF-8 14.8026ms
2023-09-27 20:38:10.402 +02:00 [Information] Request starting HTTP/2 GET https://localhost:7205/ - -
2023-09-27 20:38:10.404 +02:00 [Information] Executing endpoint '"HouseRentingSystem.Controllers.HomeController.Index (HouseRentingSystem)"'
2023-09-27 20:38:10.404 +02:00 [Information] Route matched with "{action = \"Index\", controller = \"Home\"}". Executing controller action with signature "Microsoft.AspNetCore.Mvc.IActionResult Index()" on controller "HouseRentingSystem.Controllers.HomeController" ("HouseRentingSystem").
2023-09-27 20:38:10.418 +02:00 [Information] Executing action method "HouseRentingSystem.Controllers.HomeController.Index (HouseRentingSystem)" - Validation state: Valid
2023-09-27 20:38:10.418 +02:00 [Information] Executed action method "HouseRentingSystem.Controllers.HomeController.Index (HouseRentingSystem)", returned result "Microsoft.AspNetCore.Mvc.ViewResult" in 0.0531ms.
2023-09-27 20:38:10.418 +02:00 [Information] Executing ViewResult, running view "Index".
2023-09-27 20:38:10.441 +02:00 [Information] Executed ViewResult - view "Index" executed in 22.461ms.
2023-09-27 20:38:10.441 +02:00 [Information] Executed action "HouseRentingSystem.Controllers.HomeController.Index (HouseRentingSystem)" in 36.8953ms
2023-09-27 20:38:10.441 +02:00 [Information] Executed endpoint '"HouseRentingSystem.Controllers.HomeController.Index (HouseRentingSystem)"'
2023-09-27 20:38:10.444 +02:00 [Information] Request finished HTTP/2 GET https://localhost:7205/ - - - 200 - text/html;+charset=utf-8 41.4565ms
2023-09-27 20:38:10.451 +02:00 [Information] Request starting HTTP/2 GET https://localhost:7205/_framework/aspnetcore-browser-refresh.js - -
2023-09-27 20:38:10.451 +02:00 [Information] Request starting HTTP/2 GET https://localhost:7205/_vs/browserLink - -
2023-09-27 20:38:10.452 +02:00 [Information] Request finished HTTP/2 GET https://localhost:7205/_framework/aspnetcore-browser-refresh.js - - - 200 12368 application/javascript;+charset=utf-8 0.5490ms
2023-09-27 20:38:10.462 +02:00 [Information] Request finished HTTP/2 GET https://localhost:7205/_vs/browserLink - - - 200 - text/javascript;+charset=UTF-8 11.2601ms
