2023-10-09 21:02:49.311 +02:00 [Information] User profile is available. Using '"C:\Users\berry\AppData\Local\ASP.NET\DataProtection-Keys"' as key repository and Windows DPAPI to encrypt keys at rest.
2023-10-09 21:02:49.463 +02:00 [Information] Now listening on: "https://localhost:7205"
2023-10-09 21:02:49.465 +02:00 [Information] Now listening on: "http://localhost:5112"
2023-10-09 21:02:49.472 +02:00 [Information] Application started. Press Ctrl+C to shut down.
2023-10-09 21:02:49.475 +02:00 [Information] Hosting environment: "Development"
2023-10-09 21:02:49.477 +02:00 [Information] Content root path: "C:\Users\berry\OneDrive - OsloMet\Webappikasjon\Project\HouseRentingSystem\"
2023-10-09 21:02:49.902 +02:00 [Information] Request starting HTTP/2 GET https://localhost:7205/ - -
2023-10-09 21:02:49.965 +02:00 [Information] Executing endpoint '"HouseRentingSystem.Controllers.HomeController.Index (HouseRentingSystem)"'
2023-10-09 21:02:49.981 +02:00 [Information] Route matched with "{action = \"Index\", controller = \"Home\"}". Executing controller action with signature "Microsoft.AspNetCore.Mvc.IActionResult Index()" on controller "HouseRentingSystem.Controllers.HomeController" ("HouseRentingSystem").
2023-10-09 21:02:50.037 +02:00 [Information] Executing action method "HouseRentingSystem.Controllers.HomeController.Index (HouseRentingSystem)" - Validation state: Valid
2023-10-09 21:02:50.042 +02:00 [Information] Executed action method "HouseRentingSystem.Controllers.HomeController.Index (HouseRentingSystem)", returned result "Microsoft.AspNetCore.Mvc.ViewResult" in 0.4395ms.
2023-10-09 21:02:50.050 +02:00 [Information] Executing ViewResult, running view "Index".
2023-10-09 21:02:50.211 +02:00 [Information] Executed ViewResult - view "Index" executed in 160.3027ms.
2023-10-09 21:02:50.216 +02:00 [Information] Executed action "HouseRentingSystem.Controllers.HomeController.Index (HouseRentingSystem)" in 234.625ms
2023-10-09 21:02:50.216 +02:00 [Information] Executed endpoint '"HouseRentingSystem.Controllers.HomeController.Index (HouseRentingSystem)"'
2023-10-09 21:02:50.242 +02:00 [Information] Request finished HTTP/2 GET https://localhost:7205/ - - - 200 - text/html;+charset=utf-8 343.1070ms
2023-10-09 21:02:50.262 +02:00 [Information] Request starting HTTP/2 GET https://localhost:7205/path_to_image_for_Modum - -
2023-10-09 21:02:50.262 +02:00 [Information] Request starting HTTP/2 GET https://localhost:7205/_framework/aspnetcore-browser-refresh.js - -
2023-10-09 21:02:50.264 +02:00 [Information] Request finished HTTP/2 GET https://localhost:7205/path_to_image_for_Modum - - - 404 0 - 2.7341ms
2023-10-09 21:02:50.266 +02:00 [Information] Request starting HTTP/2 GET https://localhost:7205/_vs/browserLink - -
2023-10-09 21:02:50.266 +02:00 [Information] Request starting HTTP/2 GET https://localhost:7205/path_to_image_for_Oslo - -
2023-10-09 21:02:50.267 +02:00 [Information] Request finished HTTP/2 GET https://localhost:7205/_framework/aspnetcore-browser-refresh.js - - - 200 12368 application/javascript;+charset=utf-8 4.7122ms
2023-10-09 21:02:50.267 +02:00 [Information] Request finished HTTP/2 GET https://localhost:7205/path_to_image_for_Oslo - - - 404 0 - 1.1846ms
2023-10-09 21:02:50.284 +02:00 [Information] Request finished HTTP/2 GET https://localhost:7205/_vs/browserLink - - - 200 - text/javascript;+charset=UTF-8 17.8630ms
