2023-09-27 12:47:49.670 +02:00 [Information] User profile is available. Using '"C:\Users\unnis\AppData\Local\ASP.NET\DataProtection-Keys"' as key repository and Windows DPAPI to encrypt keys at rest.
2023-09-27 12:47:49.851 +02:00 [Information] Now listening on: "https://localhost:7205"
2023-09-27 12:47:49.853 +02:00 [Information] Now listening on: "http://localhost:5112"
2023-09-27 12:47:49.862 +02:00 [Information] Application started. Press Ctrl+C to shut down.
2023-09-27 12:47:49.865 +02:00 [Information] Hosting environment: "Development"
2023-09-27 12:47:49.867 +02:00 [Information] Content root path: "C:\Users\unnis\OneDrive - OsloMet\5.semester\ITPE3200 Webappplikasjoner\Projects\HouseRentingSystem\HouseRentingSystem\"
2023-09-27 12:47:50.477 +02:00 [Information] Request starting HTTP/2 GET https://localhost:7205/ - -
2023-09-27 12:47:50.559 +02:00 [Information] Executing endpoint '"HouseRentingSystem.Controllers.HomeController.Index (HouseRentingSystem)"'
2023-09-27 12:47:50.574 +02:00 [Information] Route matched with "{action = \"Index\", controller = \"Home\"}". Executing controller action with signature "Microsoft.AspNetCore.Mvc.IActionResult Index()" on controller "HouseRentingSystem.Controllers.HomeController" ("HouseRentingSystem").
2023-09-27 12:47:50.633 +02:00 [Information] Executing action method "HouseRentingSystem.Controllers.HomeController.Index (HouseRentingSystem)" - Validation state: Valid
2023-09-27 12:47:50.639 +02:00 [Information] Executed action method "HouseRentingSystem.Controllers.HomeController.Index (HouseRentingSystem)", returned result "Microsoft.AspNetCore.Mvc.ViewResult" in 0.6944ms.
2023-09-27 12:47:50.650 +02:00 [Information] Executing ViewResult, running view "Index".
2023-09-27 12:47:50.835 +02:00 [Information] Executed ViewResult - view "Index" executed in 186.2557ms.
2023-09-27 12:47:50.842 +02:00 [Information] Executed action "HouseRentingSystem.Controllers.HomeController.Index (HouseRentingSystem)" in 266.4295ms
2023-09-27 12:47:50.842 +02:00 [Information] Executed endpoint '"HouseRentingSystem.Controllers.HomeController.Index (HouseRentingSystem)"'
2023-09-27 12:47:50.873 +02:00 [Information] Request finished HTTP/2 GET https://localhost:7205/ - - - 200 - text/html;+charset=utf-8 399.9078ms
2023-09-27 12:47:50.897 +02:00 [Information] Request starting HTTP/2 GET https://localhost:7205/_framework/aspnetcore-browser-refresh.js - -
2023-09-27 12:47:50.898 +02:00 [Information] Request starting HTTP/2 GET https://localhost:7205/_vs/browserLink - -
2023-09-27 12:47:50.902 +02:00 [Information] Request finished HTTP/2 GET https://localhost:7205/_framework/aspnetcore-browser-refresh.js - - - 200 12368 application/javascript;+charset=utf-8 5.4893ms
2023-09-27 12:47:50.913 +02:00 [Information] Request finished HTTP/2 GET https://localhost:7205/_vs/browserLink - - - 200 - text/javascript;+charset=UTF-8 15.0698ms
2023-09-27 12:47:57.957 +02:00 [Information] Request starting HTTP/2 GET https://localhost:7205/ - -
2023-09-27 12:47:57.958 +02:00 [Information] Executing endpoint '"HouseRentingSystem.Controllers.HomeController.Index (HouseRentingSystem)"'
2023-09-27 12:47:57.959 +02:00 [Information] Route matched with "{action = \"Index\", controller = \"Home\"}". Executing controller action with signature "Microsoft.AspNetCore.Mvc.IActionResult Index()" on controller "HouseRentingSystem.Controllers.HomeController" ("HouseRentingSystem").
2023-09-27 12:47:57.969 +02:00 [Information] Executing action method "HouseRentingSystem.Controllers.HomeController.Index (HouseRentingSystem)" - Validation state: Valid
2023-09-27 12:47:57.969 +02:00 [Information] Executed action method "HouseRentingSystem.Controllers.HomeController.Index (HouseRentingSystem)", returned result "Microsoft.AspNetCore.Mvc.ViewResult" in 0.0482ms.
2023-09-27 12:47:57.969 +02:00 [Information] Executing ViewResult, running view "Index".
2023-09-27 12:47:57.981 +02:00 [Information] Executed ViewResult - view "Index" executed in 12.0513ms.
2023-09-27 12:47:57.981 +02:00 [Information] Executed action "HouseRentingSystem.Controllers.HomeController.Index (HouseRentingSystem)" in 22.5554ms
2023-09-27 12:47:57.981 +02:00 [Information] Executed endpoint '"HouseRentingSystem.Controllers.HomeController.Index (HouseRentingSystem)"'
2023-09-27 12:47:57.989 +02:00 [Information] Request finished HTTP/2 GET https://localhost:7205/ - - - 200 - text/html;+charset=utf-8 31.3140ms
2023-09-27 12:47:57.992 +02:00 [Information] Request starting HTTP/2 GET https://localhost:7205/_framework/aspnetcore-browser-refresh.js - -
2023-09-27 12:47:57.993 +02:00 [Information] Request starting HTTP/2 GET https://localhost:7205/_vs/browserLink - -
2023-09-27 12:47:57.993 +02:00 [Information] Request finished HTTP/2 GET https://localhost:7205/_framework/aspnetcore-browser-refresh.js - - - 200 12368 application/javascript;+charset=utf-8 0.6450ms
2023-09-27 12:47:58.002 +02:00 [Information] Request finished HTTP/2 GET https://localhost:7205/_vs/browserLink - - - 200 - text/javascript;+charset=UTF-8 9.6223ms
