2023-09-27 20:39:27.311 +02:00 [Information] User profile is available. Using '"C:\Users\unnis\AppData\Local\ASP.NET\DataProtection-Keys"' as key repository and Windows DPAPI to encrypt keys at rest.
2023-09-27 20:39:27.547 +02:00 [Information] Now listening on: "https://localhost:7205"
2023-09-27 20:39:27.549 +02:00 [Information] Now listening on: "http://localhost:5112"
2023-09-27 20:39:27.558 +02:00 [Information] Application started. Press Ctrl+C to shut down.
2023-09-27 20:39:27.561 +02:00 [Information] Hosting environment: "Development"
2023-09-27 20:39:27.563 +02:00 [Information] Content root path: "C:\Users\unnis\OneDrive - OsloMet\5.semester\ITPE3200 Webappplikasjoner\Projects\HouseRentingSystem\HouseRentingSystem\"
2023-09-27 20:39:28.191 +02:00 [Information] Request starting HTTP/2 GET https://localhost:7205/ - -
2023-09-27 20:39:28.275 +02:00 [Information] Executing endpoint '"HouseRentingSystem.Controllers.HomeController.Index (HouseRentingSystem)"'
2023-09-27 20:39:28.298 +02:00 [Information] Route matched with "{action = \"Index\", controller = \"Home\"}". Executing controller action with signature "Microsoft.AspNetCore.Mvc.IActionResult Index()" on controller "HouseRentingSystem.Controllers.HomeController" ("HouseRentingSystem").
2023-09-27 20:39:28.370 +02:00 [Information] Executing action method "HouseRentingSystem.Controllers.HomeController.Index (HouseRentingSystem)" - Validation state: Valid
2023-09-27 20:39:28.376 +02:00 [Information] Executed action method "HouseRentingSystem.Controllers.HomeController.Index (HouseRentingSystem)", returned result "Microsoft.AspNetCore.Mvc.ViewResult" in 0.7614ms.
2023-09-27 20:39:28.386 +02:00 [Information] Executing ViewResult, running view "Index".
2023-09-27 20:39:28.564 +02:00 [Information] Executed ViewResult - view "Index" executed in 179.5482ms.
2023-09-27 20:39:28.571 +02:00 [Information] Executed action "HouseRentingSystem.Controllers.HomeController.Index (HouseRentingSystem)" in 272.4908ms
2023-09-27 20:39:28.572 +02:00 [Information] Executed endpoint '"HouseRentingSystem.Controllers.HomeController.Index (HouseRentingSystem)"'
2023-09-27 20:39:28.602 +02:00 [Information] Request finished HTTP/2 GET https://localhost:7205/ - - - 200 - text/html;+charset=utf-8 416.7888ms
2023-09-27 20:39:28.623 +02:00 [Information] Request starting HTTP/2 GET https://localhost:7205/_vs/browserLink - -
2023-09-27 20:39:28.623 +02:00 [Information] Request starting HTTP/2 GET https://localhost:7205/_framework/aspnetcore-browser-refresh.js - -
2023-09-27 20:39:28.635 +02:00 [Information] Request finished HTTP/2 GET https://localhost:7205/_framework/aspnetcore-browser-refresh.js - - - 200 12368 application/javascript;+charset=utf-8 12.1675ms
2023-09-27 20:39:28.642 +02:00 [Information] Request finished HTTP/2 GET https://localhost:7205/_vs/browserLink - - - 200 - text/javascript;+charset=UTF-8 19.7270ms
