2023-10-10 14:11:16.205 +02:00 [Information] User profile is available. Using '"C:\Users\berry\AppData\Local\ASP.NET\DataProtection-Keys"' as key repository and Windows DPAPI to encrypt keys at rest.
2023-10-10 14:11:16.377 +02:00 [Information] Now listening on: "https://localhost:7205"
2023-10-10 14:11:16.379 +02:00 [Information] Now listening on: "http://localhost:5112"
2023-10-10 14:11:16.386 +02:00 [Information] Application started. Press Ctrl+C to shut down.
2023-10-10 14:11:16.388 +02:00 [Information] Hosting environment: "Development"
2023-10-10 14:11:16.390 +02:00 [Information] Content root path: "C:\Users\berry\OneDrive - OsloMet\Webappikasjon\Project\HouseRentingSystem\"
2023-10-10 14:11:17.031 +02:00 [Information] Request starting HTTP/2 GET https://localhost:7205/ - -
2023-10-10 14:11:17.085 +02:00 [Information] Executing endpoint '"HouseRentingSystem.Controllers.HomeController.Index (HouseRentingSystem)"'
2023-10-10 14:11:17.104 +02:00 [Information] Route matched with "{action = \"Index\", controller = \"Home\"}". Executing controller action with signature "Microsoft.AspNetCore.Mvc.IActionResult Index()" on controller "HouseRentingSystem.Controllers.HomeController" ("HouseRentingSystem").
2023-10-10 14:11:17.154 +02:00 [Information] Executing action method "HouseRentingSystem.Controllers.HomeController.Index (HouseRentingSystem)" - Validation state: Valid
2023-10-10 14:11:17.160 +02:00 [Information] Executed action method "HouseRentingSystem.Controllers.HomeController.Index (HouseRentingSystem)", returned result "Microsoft.AspNetCore.Mvc.ViewResult" in 0.6851ms.
2023-10-10 14:11:17.170 +02:00 [Information] Executing ViewResult, running view "Index".
2023-10-10 14:11:17.322 +02:00 [Information] Executed ViewResult - view "Index" executed in 154.0118ms.
2023-10-10 14:11:17.326 +02:00 [Information] Executed action "HouseRentingSystem.Controllers.HomeController.Index (HouseRentingSystem)" in 221.1593ms
2023-10-10 14:11:17.326 +02:00 [Information] Executed endpoint '"HouseRentingSystem.Controllers.HomeController.Index (HouseRentingSystem)"'
2023-10-10 14:11:17.352 +02:00 [Information] Request finished HTTP/2 GET https://localhost:7205/ - - - 200 - text/html;+charset=utf-8 323.9346ms
2023-10-10 14:11:17.363 +02:00 [Information] Request starting HTTP/2 GET https://localhost:7205/_framework/aspnetcore-browser-refresh.js - -
2023-10-10 14:11:17.367 +02:00 [Information] Request finished HTTP/2 GET https://localhost:7205/_framework/aspnetcore-browser-refresh.js - - - 200 12368 application/javascript;+charset=utf-8 4.2087ms
2023-10-10 14:11:17.372 +02:00 [Information] Request starting HTTP/2 GET https://localhost:7205/path_to_image_for_Modum - -
2023-10-10 14:11:17.374 +02:00 [Information] Request finished HTTP/2 GET https://localhost:7205/path_to_image_for_Modum - - - 404 0 - 2.4480ms
2023-10-10 14:11:17.377 +02:00 [Information] Request starting HTTP/2 GET https://localhost:7205/_vs/browserLink - -
2023-10-10 14:11:17.389 +02:00 [Information] Request finished HTTP/2 GET https://localhost:7205/_vs/browserLink - - - 200 - text/javascript;+charset=UTF-8 12.2877ms
2023-10-10 14:11:17.574 +02:00 [Information] Request starting HTTP/2 GET https://localhost:7205/path_to_image_for_Modum - -
2023-10-10 14:11:17.575 +02:00 [Information] Request finished HTTP/2 GET https://localhost:7205/path_to_image_for_Modum - - - 404 0 - 1.1944ms
