2023-10-10 16:53:50.903 +02:00 [Information] User profile is available. Using '"C:\Users\berry\AppData\Local\ASP.NET\DataProtection-Keys"' as key repository and Windows DPAPI to encrypt keys at rest.
2023-10-10 16:53:51.182 +02:00 [Information] Now listening on: "https://localhost:7205"
2023-10-10 16:53:51.184 +02:00 [Information] Now listening on: "http://localhost:5112"
2023-10-10 16:53:51.190 +02:00 [Information] Application started. Press Ctrl+C to shut down.
2023-10-10 16:53:51.193 +02:00 [Information] Hosting environment: "Development"
2023-10-10 16:53:51.194 +02:00 [Information] Content root path: "C:\Users\berry\OneDrive - OsloMet\Webappikasjon\Project\HouseRentingSystem\"
2023-10-10 16:53:51.975 +02:00 [Information] Request starting HTTP/2 GET https://localhost:7205/ - -
2023-10-10 16:53:52.062 +02:00 [Information] Executing endpoint '"HouseRentingSystem.Controllers.HomeController.Index (HouseRentingSystem)"'
2023-10-10 16:53:52.081 +02:00 [Information] Route matched with "{action = \"Index\", controller = \"Home\"}". Executing controller action with signature "Microsoft.AspNetCore.Mvc.IActionResult Index()" on controller "HouseRentingSystem.Controllers.HomeController" ("HouseRentingSystem").
2023-10-10 16:53:52.145 +02:00 [Information] Executing action method "HouseRentingSystem.Controllers.HomeController.Index (HouseRentingSystem)" - Validation state: Valid
2023-10-10 16:53:52.151 +02:00 [Information] Executed action method "HouseRentingSystem.Controllers.HomeController.Index (HouseRentingSystem)", returned result "Microsoft.AspNetCore.Mvc.ViewResult" in 0.4431ms.
2023-10-10 16:53:52.161 +02:00 [Information] Executing ViewResult, running view "Index".
2023-10-10 16:53:52.355 +02:00 [Information] Executed ViewResult - view "Index" executed in 195.9956ms.
2023-10-10 16:53:52.359 +02:00 [Information] Executed action "HouseRentingSystem.Controllers.HomeController.Index (HouseRentingSystem)" in 277.4989ms
2023-10-10 16:53:52.359 +02:00 [Information] Executed endpoint '"HouseRentingSystem.Controllers.HomeController.Index (HouseRentingSystem)"'
2023-10-10 16:53:52.396 +02:00 [Information] Request starting HTTP/2 GET https://localhost:7205/lib/jquery/jquery.js - -
2023-10-10 16:53:52.397 +02:00 [Information] Request starting HTTP/2 GET https://localhost:7205/lib/jquery-validate/jquery.validate.js - -
2023-10-10 16:53:52.396 +02:00 [Information] Request starting HTTP/2 GET https://localhost:7205/lib/bootstrap/js/bootstrap.js - -
2023-10-10 16:53:52.397 +02:00 [Information] Request starting HTTP/2 GET https://localhost:7205/lib/jquery-validation-unobtrusive/jquery.validate.unobtrusive.js - -
2023-10-10 16:53:52.409 +02:00 [Information] Request finished HTTP/2 GET https://localhost:7205/ - - - 200 - text/html;+charset=utf-8 436.7742ms
2023-10-10 16:53:52.433 +02:00 [Information] The file "/lib/jquery-validation-unobtrusive/jquery.validate.unobtrusive.js" was not modified
2023-10-10 16:53:52.433 +02:00 [Information] The file "/lib/jquery-validate/jquery.validate.js" was not modified
2023-10-10 16:53:52.433 +02:00 [Information] The file "/lib/jquery/jquery.js" was not modified
2023-10-10 16:53:52.433 +02:00 [Information] The file "/lib/bootstrap/js/bootstrap.js" was not modified
2023-10-10 16:53:52.433 +02:00 [Information] Request finished HTTP/2 GET https://localhost:7205/lib/bootstrap/js/bootstrap.js - - - 304 - application/javascript 36.8882ms
2023-10-10 16:53:52.433 +02:00 [Information] Request finished HTTP/2 GET https://localhost:7205/lib/jquery-validate/jquery.validate.js - - - 304 - application/javascript 36.8130ms
2023-10-10 16:53:52.433 +02:00 [Information] Request finished HTTP/2 GET https://localhost:7205/lib/jquery/jquery.js - - - 304 - application/javascript 36.8880ms
2023-10-10 16:53:52.433 +02:00 [Information] Request finished HTTP/2 GET https://localhost:7205/lib/jquery-validation-unobtrusive/jquery.validate.unobtrusive.js - - - 304 - application/javascript 36.0730ms
2023-10-10 16:53:52.448 +02:00 [Information] Request starting HTTP/2 GET https://localhost:7205/_framework/aspnetcore-browser-refresh.js - -
2023-10-10 16:53:52.454 +02:00 [Information] Request finished HTTP/2 GET https://localhost:7205/_framework/aspnetcore-browser-refresh.js - - - 200 12368 application/javascript;+charset=utf-8 5.6946ms
2023-10-10 16:53:52.456 +02:00 [Information] Request starting HTTP/2 GET https://localhost:7205/path_to_image_for_Modum - -
2023-10-10 16:53:52.458 +02:00 [Information] Request finished HTTP/2 GET https://localhost:7205/path_to_image_for_Modum - - - 404 0 - 1.1132ms
2023-10-10 16:53:52.460 +02:00 [Information] Request starting HTTP/2 GET https://localhost:7205/_vs/browserLink - -
2023-10-10 16:53:52.479 +02:00 [Information] Request finished HTTP/2 GET https://localhost:7205/_vs/browserLink - - - 200 - text/javascript;+charset=UTF-8 19.6277ms
2023-10-10 16:53:52.609 +02:00 [Information] Request starting HTTP/2 GET https://localhost:7205/path_to_image_for_Modum - -
2023-10-10 16:53:52.610 +02:00 [Information] Request finished HTTP/2 GET https://localhost:7205/path_to_image_for_Modum - - - 404 0 - 1.1741ms
