2023-10-09 18:21:49.157 +02:00 [Information] User profile is available. Using '"C:\Users\berry\AppData\Local\ASP.NET\DataProtection-Keys"' as key repository and Windows DPAPI to encrypt keys at rest.
2023-10-09 18:21:49.368 +02:00 [Information] Now listening on: "https://localhost:7205"
2023-10-09 18:21:49.370 +02:00 [Information] Now listening on: "http://localhost:5112"
2023-10-09 18:21:49.377 +02:00 [Information] Application started. Press Ctrl+C to shut down.
2023-10-09 18:21:49.379 +02:00 [Information] Hosting environment: "Development"
2023-10-09 18:21:49.380 +02:00 [Information] Content root path: "C:\Users\berry\OneDrive - OsloMet\Webappikasjon\Project\HouseRentingSystem\"
2023-10-09 18:21:49.972 +02:00 [Information] Request starting HTTP/2 GET https://localhost:7205/ - -
2023-10-09 18:21:50.034 +02:00 [Information] Executing endpoint '"HouseRentingSystem.Controllers.HomeController.Index (HouseRentingSystem)"'
2023-10-09 18:21:50.047 +02:00 [Information] Route matched with "{action = \"Index\", controller = \"Home\"}". Executing controller action with signature "Microsoft.AspNetCore.Mvc.IActionResult Index()" on controller "HouseRentingSystem.Controllers.HomeController" ("HouseRentingSystem").
2023-10-09 18:21:50.100 +02:00 [Information] Executing action method "HouseRentingSystem.Controllers.HomeController.Index (HouseRentingSystem)" - Validation state: Valid
2023-10-09 18:21:50.104 +02:00 [Information] Executed action method "HouseRentingSystem.Controllers.HomeController.Index (HouseRentingSystem)", returned result "Microsoft.AspNetCore.Mvc.ViewResult" in 0.6521ms.
2023-10-09 18:21:50.112 +02:00 [Information] Executing ViewResult, running view "Index".
2023-10-09 18:21:50.267 +02:00 [Information] Executed ViewResult - view "Index" executed in 155.2829ms.
2023-10-09 18:21:50.272 +02:00 [Information] Executed action "HouseRentingSystem.Controllers.HomeController.Index (HouseRentingSystem)" in 224.0057ms
2023-10-09 18:21:50.273 +02:00 [Information] Executed endpoint '"HouseRentingSystem.Controllers.HomeController.Index (HouseRentingSystem)"'
2023-10-09 18:21:50.306 +02:00 [Information] Request starting HTTP/2 GET https://localhost:7205/_framework/aspnetcore-browser-refresh.js - -
2023-10-09 18:21:50.306 +02:00 [Information] Request finished HTTP/2 GET https://localhost:7205/ - - - 200 - text/html;+charset=utf-8 338.4422ms
2023-10-09 18:21:50.315 +02:00 [Information] Request finished HTTP/2 GET https://localhost:7205/_framework/aspnetcore-browser-refresh.js - - - 200 12368 application/javascript;+charset=utf-8 9.8643ms
2023-10-09 18:21:50.322 +02:00 [Information] Request starting HTTP/2 GET https://localhost:7205/_vs/browserLink - -
2023-10-09 18:21:50.340 +02:00 [Information] Request finished HTTP/2 GET https://localhost:7205/_vs/browserLink - - - 200 - text/javascript;+charset=UTF-8 17.7973ms
