2023-10-03 09:56:42.194 +02:00 [Information] User profile is available. Using '"C:\Users\unnis\AppData\Local\ASP.NET\DataProtection-Keys"' as key repository and Windows DPAPI to encrypt keys at rest.
2023-10-03 09:56:42.424 +02:00 [Information] Now listening on: "https://localhost:7205"
2023-10-03 09:56:42.426 +02:00 [Information] Now listening on: "http://localhost:5112"
2023-10-03 09:56:42.435 +02:00 [Information] Application started. Press Ctrl+C to shut down.
2023-10-03 09:56:42.437 +02:00 [Information] Hosting environment: "Development"
2023-10-03 09:56:42.439 +02:00 [Information] Content root path: "C:\Users\unnis\OneDrive - OsloMet\5.semester\ITPE3200 Webappplikasjoner\Projects\HouseRentingSystem\HouseRentingSystem\"
2023-10-03 09:56:42.991 +02:00 [Information] Request starting HTTP/2 GET https://localhost:7205/ - -
2023-10-03 09:56:43.068 +02:00 [Information] Executing endpoint '"HouseRentingSystem.Controllers.HomeController.Index (HouseRentingSystem)"'
2023-10-03 09:56:43.087 +02:00 [Information] Route matched with "{action = \"Index\", controller = \"Home\"}". Executing controller action with signature "Microsoft.AspNetCore.Mvc.IActionResult Index()" on controller "HouseRentingSystem.Controllers.HomeController" ("HouseRentingSystem").
2023-10-03 09:56:43.199 +02:00 [Information] Executing action method "HouseRentingSystem.Controllers.HomeController.Index (HouseRentingSystem)" - Validation state: Valid
2023-10-03 09:56:43.205 +02:00 [Information] Executed action method "HouseRentingSystem.Controllers.HomeController.Index (HouseRentingSystem)", returned result "Microsoft.AspNetCore.Mvc.ViewResult" in 0.8986ms.
2023-10-03 09:56:43.215 +02:00 [Information] Executing ViewResult, running view "Index".
2023-10-03 09:56:43.394 +02:00 [Information] Executed ViewResult - view "Index" executed in 179.8999ms.
2023-10-03 09:56:43.402 +02:00 [Information] Executed action "HouseRentingSystem.Controllers.HomeController.Index (HouseRentingSystem)" in 314.8149ms
2023-10-03 09:56:43.404 +02:00 [Information] Executed endpoint '"HouseRentingSystem.Controllers.HomeController.Index (HouseRentingSystem)"'
2023-10-03 09:56:43.435 +02:00 [Information] Request finished HTTP/2 GET https://localhost:7205/ - - - 200 - text/html;+charset=utf-8 448.2527ms
2023-10-03 09:56:43.465 +02:00 [Information] Request starting HTTP/2 GET https://localhost:7205/_framework/aspnetcore-browser-refresh.js - -
2023-10-03 09:56:43.470 +02:00 [Information] Request starting HTTP/2 GET https://localhost:7205/_vs/browserLink - -
2023-10-03 09:56:43.471 +02:00 [Information] Request finished HTTP/2 GET https://localhost:7205/_framework/aspnetcore-browser-refresh.js - - - 200 12368 application/javascript;+charset=utf-8 6.7111ms
2023-10-03 09:56:43.490 +02:00 [Information] Request finished HTTP/2 GET https://localhost:7205/_vs/browserLink - - - 200 - text/javascript;+charset=UTF-8 20.1479ms
