2023-10-09 22:13:22.778 +02:00 [Information] User profile is available. Using '"C:\Users\berry\AppData\Local\ASP.NET\DataProtection-Keys"' as key repository and Windows DPAPI to encrypt keys at rest.
2023-10-09 22:13:22.951 +02:00 [Information] Now listening on: "https://localhost:7205"
2023-10-09 22:13:22.953 +02:00 [Information] Now listening on: "http://localhost:5112"
2023-10-09 22:13:22.960 +02:00 [Information] Application started. Press Ctrl+C to shut down.
2023-10-09 22:13:22.963 +02:00 [Information] Hosting environment: "Development"
2023-10-09 22:13:22.964 +02:00 [Information] Content root path: "C:\Users\berry\OneDrive - OsloMet\Webappikasjon\Project\HouseRentingSystem\"
2023-10-09 22:13:23.760 +02:00 [Information] Request starting HTTP/2 GET https://localhost:7205/ - -
2023-10-09 22:13:23.820 +02:00 [Information] Executing endpoint '"HouseRentingSystem.Controllers.HomeController.Index (HouseRentingSystem)"'
2023-10-09 22:13:23.836 +02:00 [Information] Route matched with "{action = \"Index\", controller = \"Home\"}". Executing controller action with signature "Microsoft.AspNetCore.Mvc.IActionResult Index()" on controller "HouseRentingSystem.Controllers.HomeController" ("HouseRentingSystem").
2023-10-09 22:13:23.887 +02:00 [Information] Executing action method "HouseRentingSystem.Controllers.HomeController.Index (HouseRentingSystem)" - Validation state: Valid
2023-10-09 22:13:23.892 +02:00 [Information] Executed action method "HouseRentingSystem.Controllers.HomeController.Index (HouseRentingSystem)", returned result "Microsoft.AspNetCore.Mvc.ViewResult" in 0.6966ms.
2023-10-09 22:13:23.901 +02:00 [Information] Executing ViewResult, running view "Index".
2023-10-09 22:13:24.075 +02:00 [Information] Executed ViewResult - view "Index" executed in 175.2513ms.
2023-10-09 22:13:24.082 +02:00 [Information] Executed action "HouseRentingSystem.Controllers.HomeController.Index (HouseRentingSystem)" in 244.9524ms
2023-10-09 22:13:24.083 +02:00 [Information] Executed endpoint '"HouseRentingSystem.Controllers.HomeController.Index (HouseRentingSystem)"'
2023-10-09 22:13:24.110 +02:00 [Information] Request finished HTTP/2 GET https://localhost:7205/ - - - 200 - text/html;+charset=utf-8 354.3206ms
2023-10-09 22:13:24.123 +02:00 [Information] Request starting HTTP/2 GET https://localhost:7205/_framework/aspnetcore-browser-refresh.js - -
2023-10-09 22:13:24.126 +02:00 [Information] Request finished HTTP/2 GET https://localhost:7205/_framework/aspnetcore-browser-refresh.js - - - 200 12368 application/javascript;+charset=utf-8 3.2903ms
2023-10-09 22:13:24.129 +02:00 [Information] Request starting HTTP/2 GET https://localhost:7205/path_to_image_for_Modum - -
2023-10-09 22:13:24.131 +02:00 [Information] Request finished HTTP/2 GET https://localhost:7205/path_to_image_for_Modum - - - 404 0 - 2.7915ms
2023-10-09 22:13:24.134 +02:00 [Information] Request starting HTTP/2 GET https://localhost:7205/path_to_image_for_Oslo - -
2023-10-09 22:13:24.135 +02:00 [Information] Request finished HTTP/2 GET https://localhost:7205/path_to_image_for_Oslo - - - 404 0 - 0.6867ms
2023-10-09 22:13:24.137 +02:00 [Information] Request starting HTTP/2 GET https://localhost:7205/_vs/browserLink - -
2023-10-09 22:13:24.156 +02:00 [Information] Request finished HTTP/2 GET https://localhost:7205/_vs/browserLink - - - 200 - text/javascript;+charset=UTF-8 19.4537ms
2023-10-09 22:13:24.284 +02:00 [Information] Request starting HTTP/2 GET https://localhost:7205/path_to_image_for_Oslo - -
2023-10-09 22:13:24.285 +02:00 [Information] Request finished HTTP/2 GET https://localhost:7205/path_to_image_for_Oslo - - - 404 0 - 1.6428ms
