2023-10-09 19:03:53.537 +02:00 [Information] User profile is available. Using '"C:\Users\berry\AppData\Local\ASP.NET\DataProtection-Keys"' as key repository and Windows DPAPI to encrypt keys at rest.
2023-10-09 19:03:53.742 +02:00 [Information] Now listening on: "https://localhost:7205"
2023-10-09 19:03:53.744 +02:00 [Information] Now listening on: "http://localhost:5112"
2023-10-09 19:03:53.750 +02:00 [Information] Application started. Press Ctrl+C to shut down.
2023-10-09 19:03:53.753 +02:00 [Information] Hosting environment: "Development"
2023-10-09 19:03:53.754 +02:00 [Information] Content root path: "C:\Users\berry\OneDrive - OsloMet\Webappikasjon\Project\HouseRentingSystem\"
2023-10-09 19:03:54.389 +02:00 [Information] Request starting HTTP/2 GET https://localhost:7205/ - -
2023-10-09 19:03:54.464 +02:00 [Information] Executing endpoint '"HouseRentingSystem.Controllers.HomeController.Index (HouseRentingSystem)"'
2023-10-09 19:03:54.480 +02:00 [Information] Route matched with "{action = \"Index\", controller = \"Home\"}". Executing controller action with signature "Microsoft.AspNetCore.Mvc.IActionResult Index()" on controller "HouseRentingSystem.Controllers.HomeController" ("HouseRentingSystem").
2023-10-09 19:03:54.534 +02:00 [Information] Executing action method "HouseRentingSystem.Controllers.HomeController.Index (HouseRentingSystem)" - Validation state: Valid
2023-10-09 19:03:54.541 +02:00 [Information] Executed action method "HouseRentingSystem.Controllers.HomeController.Index (HouseRentingSystem)", returned result "Microsoft.AspNetCore.Mvc.ViewResult" in 0.7996ms.
2023-10-09 19:03:54.550 +02:00 [Information] Executing ViewResult, running view "Index".
2023-10-09 19:03:54.722 +02:00 [Information] Executed ViewResult - view "Index" executed in 173.4311ms.
2023-10-09 19:03:54.727 +02:00 [Information] Executed action "HouseRentingSystem.Controllers.HomeController.Index (HouseRentingSystem)" in 246.326ms
2023-10-09 19:03:54.727 +02:00 [Information] Executed endpoint '"HouseRentingSystem.Controllers.HomeController.Index (HouseRentingSystem)"'
2023-10-09 19:03:54.759 +02:00 [Information] Request finished HTTP/2 GET https://localhost:7205/ - - - 200 - text/html;+charset=utf-8 376.1419ms
2023-10-09 19:03:54.769 +02:00 [Information] Request starting HTTP/2 GET https://localhost:7205/_framework/aspnetcore-browser-refresh.js - -
2023-10-09 19:03:54.769 +02:00 [Information] Request starting HTTP/2 GET https://localhost:7205/path_to_image_for_Modum - -
2023-10-09 19:03:54.772 +02:00 [Information] Request finished HTTP/2 GET https://localhost:7205/path_to_image_for_Modum - - - 404 0 - 3.2861ms
2023-10-09 19:03:54.775 +02:00 [Information] Request finished HTTP/2 GET https://localhost:7205/_framework/aspnetcore-browser-refresh.js - - - 200 12368 application/javascript;+charset=utf-8 5.6268ms
2023-10-09 19:03:54.775 +02:00 [Information] Request starting HTTP/2 GET https://localhost:7205/_vs/browserLink - -
2023-10-09 19:03:54.775 +02:00 [Information] Request starting HTTP/2 GET https://localhost:7205/path_to_image_for_Oslo - -
2023-10-09 19:03:54.776 +02:00 [Information] Request finished HTTP/2 GET https://localhost:7205/path_to_image_for_Oslo - - - 404 0 - 0.8130ms
2023-10-09 19:03:54.792 +02:00 [Information] Request finished HTTP/2 GET https://localhost:7205/_vs/browserLink - - - 200 - text/javascript;+charset=UTF-8 17.4372ms
