2023-10-11 10:55:43.756 +02:00 [Information] User profile is available. Using '"C:\Users\unnis\AppData\Local\ASP.NET\DataProtection-Keys"' as key repository and Windows DPAPI to encrypt keys at rest.
2023-10-11 10:55:43.955 +02:00 [Information] Now listening on: "https://localhost:7205"
2023-10-11 10:55:43.958 +02:00 [Information] Now listening on: "http://localhost:5112"
2023-10-11 10:55:43.965 +02:00 [Information] Application started. Press Ctrl+C to shut down.
2023-10-11 10:55:43.968 +02:00 [Information] Hosting environment: "Development"
2023-10-11 10:55:43.969 +02:00 [Information] Content root path: "C:\Users\unnis\OneDrive - OsloMet\5.semester\ITPE3200 Webappplikasjoner\Projects\HouseRentingSystem\HouseRentingSystem\"
2023-10-11 10:55:44.517 +02:00 [Information] Request starting HTTP/2 GET https://localhost:7205/ - -
2023-10-11 10:55:44.600 +02:00 [Information] Executing endpoint '"HouseRentingSystem.Controllers.HomeController.Index (HouseRentingSystem)"'
2023-10-11 10:55:44.622 +02:00 [Information] Route matched with "{action = \"Index\", controller = \"Home\"}". Executing controller action with signature "Microsoft.AspNetCore.Mvc.IActionResult Index()" on controller "HouseRentingSystem.Controllers.HomeController" ("HouseRentingSystem").
2023-10-11 10:55:44.690 +02:00 [Information] Executing action method "HouseRentingSystem.Controllers.HomeController.Index (HouseRentingSystem)" - Validation state: Valid
2023-10-11 10:55:44.696 +02:00 [Information] Executed action method "HouseRentingSystem.Controllers.HomeController.Index (HouseRentingSystem)", returned result "Microsoft.AspNetCore.Mvc.ViewResult" in 0.7342ms.
2023-10-11 10:55:44.709 +02:00 [Information] Executing ViewResult, running view "Index".
2023-10-11 10:55:44.873 +02:00 [Information] Executed ViewResult - view "Index" executed in 167.1021ms.
2023-10-11 10:55:44.879 +02:00 [Information] Executed action "HouseRentingSystem.Controllers.HomeController.Index (HouseRentingSystem)" in 256.377ms
2023-10-11 10:55:44.880 +02:00 [Information] Executed endpoint '"HouseRentingSystem.Controllers.HomeController.Index (HouseRentingSystem)"'
2023-10-11 10:55:44.911 +02:00 [Information] Request finished HTTP/2 GET https://localhost:7205/ - - - 200 - text/html;+charset=utf-8 398.0954ms
2023-10-11 10:55:44.934 +02:00 [Information] Request starting HTTP/2 GET https://localhost:7205/_vs/browserLink - -
2023-10-11 10:55:44.934 +02:00 [Information] Request starting HTTP/2 GET https://localhost:7205/_framework/aspnetcore-browser-refresh.js - -
2023-10-11 10:55:44.945 +02:00 [Information] Request finished HTTP/2 GET https://localhost:7205/_framework/aspnetcore-browser-refresh.js - - - 200 12368 application/javascript;+charset=utf-8 10.5092ms
2023-10-11 10:55:44.953 +02:00 [Information] Request finished HTTP/2 GET https://localhost:7205/_vs/browserLink - - - 200 - text/javascript;+charset=UTF-8 18.8501ms
2023-10-11 10:55:50.077 +02:00 [Information] Request starting HTTP/2 GET https://localhost:7205/ - -
2023-10-11 10:55:50.078 +02:00 [Information] Executing endpoint '"HouseRentingSystem.Controllers.HomeController.Index (HouseRentingSystem)"'
2023-10-11 10:55:50.078 +02:00 [Information] Route matched with "{action = \"Index\", controller = \"Home\"}". Executing controller action with signature "Microsoft.AspNetCore.Mvc.IActionResult Index()" on controller "HouseRentingSystem.Controllers.HomeController" ("HouseRentingSystem").
2023-10-11 10:55:50.090 +02:00 [Information] Executing action method "HouseRentingSystem.Controllers.HomeController.Index (HouseRentingSystem)" - Validation state: Valid
2023-10-11 10:55:50.090 +02:00 [Information] Executed action method "HouseRentingSystem.Controllers.HomeController.Index (HouseRentingSystem)", returned result "Microsoft.AspNetCore.Mvc.ViewResult" in 0.048ms.
2023-10-11 10:55:50.090 +02:00 [Information] Executing ViewResult, running view "Index".
2023-10-11 10:55:50.108 +02:00 [Information] Executed ViewResult - view "Index" executed in 17.6018ms.
2023-10-11 10:55:50.108 +02:00 [Information] Executed action "HouseRentingSystem.Controllers.HomeController.Index (HouseRentingSystem)" in 30.1207ms
2023-10-11 10:55:50.109 +02:00 [Information] Executed endpoint '"HouseRentingSystem.Controllers.HomeController.Index (HouseRentingSystem)"'
2023-10-11 10:55:50.112 +02:00 [Information] Request finished HTTP/2 GET https://localhost:7205/ - - - 200 - text/html;+charset=utf-8 35.2789ms
2023-10-11 10:55:50.135 +02:00 [Information] Request starting HTTP/2 GET https://localhost:7205/lib/bootstrap/js/bootstrap.js - -
2023-10-11 10:55:50.135 +02:00 [Information] Request starting HTTP/2 GET https://localhost:7205/lib/jquery/jquery.js - -
2023-10-11 10:55:50.135 +02:00 [Information] Request starting HTTP/2 GET https://localhost:7205/lib/jquery-validate/jquery.validate.js - -
2023-10-11 10:55:50.135 +02:00 [Information] Request starting HTTP/2 GET https://localhost:7205/lib/jquery-validation-unobtrusive/jquery.validate.unobtrusive.js - -
2023-10-11 10:55:50.173 +02:00 [Information] Sending file. Request path: '"/lib/jquery/jquery.js"'. Physical path: '"C:\Users\unnis\OneDrive - OsloMet\5.semester\ITPE3200 Webappplikasjoner\Projects\HouseRentingSystem\HouseRentingSystem\wwwroot\lib\jquery\jquery.js"'
2023-10-11 10:55:50.173 +02:00 [Information] Sending file. Request path: '"/lib/jquery-validation-unobtrusive/jquery.validate.unobtrusive.js"'. Physical path: '"C:\Users\unnis\OneDrive - OsloMet\5.semester\ITPE3200 Webappplikasjoner\Projects\HouseRentingSystem\HouseRentingSystem\wwwroot\lib\jquery-validation-unobtrusive\jquery.validate.unobtrusive.js"'
2023-10-11 10:55:50.173 +02:00 [Information] Sending file. Request path: '"/lib/bootstrap/js/bootstrap.js"'. Physical path: '"C:\Users\unnis\OneDrive - OsloMet\5.semester\ITPE3200 Webappplikasjoner\Projects\HouseRentingSystem\HouseRentingSystem\wwwroot\lib\bootstrap\js\bootstrap.js"'
2023-10-11 10:55:50.173 +02:00 [Information] Sending file. Request path: '"/lib/jquery-validate/jquery.validate.js"'. Physical path: '"C:\Users\unnis\OneDrive - OsloMet\5.semester\ITPE3200 Webappplikasjoner\Projects\HouseRentingSystem\HouseRentingSystem\wwwroot\lib\jquery-validate\jquery.validate.js"'
2023-10-11 10:55:50.173 +02:00 [Information] Request finished HTTP/2 GET https://localhost:7205/lib/jquery/jquery.js - - - 200 295700 application/javascript 38.2581ms
2023-10-11 10:55:50.173 +02:00 [Information] Request finished HTTP/2 GET https://localhost:7205/lib/bootstrap/js/bootstrap.js - - - 200 149796 application/javascript 38.4800ms
2023-10-11 10:55:50.173 +02:00 [Information] Request finished HTTP/2 GET https://localhost:7205/lib/jquery-validation-unobtrusive/jquery.validate.unobtrusive.js - - - 200 19820 application/javascript 38.0310ms
2023-10-11 10:55:50.173 +02:00 [Information] Request finished HTTP/2 GET https://localhost:7205/lib/jquery-validate/jquery.validate.js - - - 200 52831 application/javascript 38.1605ms
2023-10-11 10:55:50.758 +02:00 [Information] Request starting HTTP/2 GET https://localhost:7205/_framework/aspnetcore-browser-refresh.js - -
2023-10-11 10:55:50.759 +02:00 [Information] Request finished HTTP/2 GET https://localhost:7205/_framework/aspnetcore-browser-refresh.js - - - 200 12368 application/javascript;+charset=utf-8 0.5093ms
2023-10-11 10:55:50.767 +02:00 [Information] Request starting HTTP/2 GET https://localhost:7205/images/6.jpg - -
2023-10-11 10:55:50.770 +02:00 [Information] Sending file. Request path: '"/images/6.jpg"'. Physical path: '"C:\Users\unnis\OneDrive - OsloMet\5.semester\ITPE3200 Webappplikasjoner\Projects\HouseRentingSystem\HouseRentingSystem\wwwroot\images\6.jpg"'
2023-10-11 10:55:50.770 +02:00 [Information] Request finished HTTP/2 GET https://localhost:7205/images/6.jpg - - - 200 185314 image/jpeg 3.4801ms
2023-10-11 10:55:50.778 +02:00 [Information] Request starting HTTP/2 GET https://localhost:7205/images/7.jpg - -
2023-10-11 10:55:50.778 +02:00 [Information] Request starting HTTP/2 GET https://localhost:7205/images/8.jpg - -
2023-10-11 10:55:50.781 +02:00 [Information] Sending file. Request path: '"/images/8.jpg"'. Physical path: '"C:\Users\unnis\OneDrive - OsloMet\5.semester\ITPE3200 Webappplikasjoner\Projects\HouseRentingSystem\HouseRentingSystem\wwwroot\images\8.jpg"'
2023-10-11 10:55:50.782 +02:00 [Information] Request finished HTTP/2 GET https://localhost:7205/images/8.jpg - - - 200 45956 image/jpeg 3.4585ms
2023-10-11 10:55:50.782 +02:00 [Information] Sending file. Request path: '"/images/7.jpg"'. Physical path: '"C:\Users\unnis\OneDrive - OsloMet\5.semester\ITPE3200 Webappplikasjoner\Projects\HouseRentingSystem\HouseRentingSystem\wwwroot\images\7.jpg"'
2023-10-11 10:55:50.782 +02:00 [Information] Request finished HTTP/2 GET https://localhost:7205/images/7.jpg - - - 200 154286 image/jpeg 3.8932ms
2023-10-11 10:55:51.773 +02:00 [Information] Request starting HTTP/2 GET https://localhost:7205/_vs/browserLink - -
2023-10-11 10:55:51.782 +02:00 [Information] Request finished HTTP/2 GET https://localhost:7205/_vs/browserLink - - - 200 - text/javascript;+charset=UTF-8 9.7421ms
2023-10-11 10:55:51.803 +02:00 [Information] Request starting HTTP/2 GET https://localhost:7205/favicon.ico - -
2023-10-11 10:55:51.805 +02:00 [Information] Request finished HTTP/2 GET https://localhost:7205/favicon.ico - - - 404 0 - 1.5474ms
2023-10-11 10:56:05.522 +02:00 [Information] Request starting HTTP/2 GET https://localhost:7205/_framework/clear-browser-cache - -
2023-10-11 10:56:05.523 +02:00 [Information] Request finished HTTP/2 GET https://localhost:7205/_framework/clear-browser-cache - - - 200 0 - 1.4161ms
