2023-09-27 21:52:15.138 +02:00 [Information] User profile is available. Using '"C:\Users\unnis\AppData\Local\ASP.NET\DataProtection-Keys"' as key repository and Windows DPAPI to encrypt keys at rest.
2023-09-27 21:52:15.337 +02:00 [Information] Now listening on: "https://localhost:7205"
2023-09-27 21:52:15.338 +02:00 [Information] Now listening on: "http://localhost:5112"
2023-09-27 21:52:15.347 +02:00 [Information] Application started. Press Ctrl+C to shut down.
2023-09-27 21:52:15.349 +02:00 [Information] Hosting environment: "Development"
2023-09-27 21:52:15.351 +02:00 [Information] Content root path: "C:\Users\unnis\OneDrive - OsloMet\5.semester\ITPE3200 Webappplikasjoner\Projects\HouseRentingSystem\HouseRentingSystem\"
2023-09-27 21:52:15.891 +02:00 [Information] Request starting HTTP/2 GET https://localhost:7205/ - -
2023-09-27 21:52:15.968 +02:00 [Information] Executing endpoint '"HouseRentingSystem.Controllers.HomeController.Index (HouseRentingSystem)"'
2023-09-27 21:52:15.983 +02:00 [Information] Route matched with "{action = \"Index\", controller = \"Home\"}". Executing controller action with signature "Microsoft.AspNetCore.Mvc.IActionResult Index()" on controller "HouseRentingSystem.Controllers.HomeController" ("HouseRentingSystem").
2023-09-27 21:52:16.069 +02:00 [Information] Executing action method "HouseRentingSystem.Controllers.HomeController.Index (HouseRentingSystem)" - Validation state: Valid
2023-09-27 21:52:16.077 +02:00 [Information] Executed action method "HouseRentingSystem.Controllers.HomeController.Index (HouseRentingSystem)", returned result "Microsoft.AspNetCore.Mvc.ViewResult" in 0.9282ms.
2023-09-27 21:52:16.091 +02:00 [Information] Executing ViewResult, running view "Index".
2023-09-27 21:52:16.268 +02:00 [Information] Executed ViewResult - view "Index" executed in 181.1987ms.
2023-09-27 21:52:16.275 +02:00 [Information] Executed action "HouseRentingSystem.Controllers.HomeController.Index (HouseRentingSystem)" in 291.5798ms
2023-09-27 21:52:16.276 +02:00 [Information] Executed endpoint '"HouseRentingSystem.Controllers.HomeController.Index (HouseRentingSystem)"'
2023-09-27 21:52:16.312 +02:00 [Information] Request finished HTTP/2 GET https://localhost:7205/ - - - 200 - text/html;+charset=utf-8 425.6440ms
2023-09-27 21:52:16.340 +02:00 [Information] Request starting HTTP/2 GET https://localhost:7205/_framework/aspnetcore-browser-refresh.js - -
2023-09-27 21:52:16.345 +02:00 [Information] Request finished HTTP/2 GET https://localhost:7205/_framework/aspnetcore-browser-refresh.js - - - 200 12368 application/javascript;+charset=utf-8 5.2710ms
2023-09-27 21:52:16.362 +02:00 [Information] Request starting HTTP/2 GET https://localhost:7205/_vs/browserLink - -
2023-09-27 21:52:16.382 +02:00 [Information] Request finished HTTP/2 GET https://localhost:7205/_vs/browserLink - - - 200 - text/javascript;+charset=UTF-8 20.3192ms
