2023-10-11 10:15:14.682 +02:00 [Information] User profile is available. Using '"C:\Users\unnis\AppData\Local\ASP.NET\DataProtection-Keys"' as key repository and Windows DPAPI to encrypt keys at rest.
2023-10-11 10:15:14.870 +02:00 [Information] Now listening on: "https://localhost:7205"
2023-10-11 10:15:14.872 +02:00 [Information] Now listening on: "http://localhost:5112"
2023-10-11 10:15:14.880 +02:00 [Information] Application started. Press Ctrl+C to shut down.
2023-10-11 10:15:14.882 +02:00 [Information] Hosting environment: "Development"
2023-10-11 10:15:14.884 +02:00 [Information] Content root path: "C:\Users\unnis\OneDrive - OsloMet\5.semester\ITPE3200 Webappplikasjoner\Projects\HouseRentingSystem\HouseRentingSystem\"
2023-10-11 10:15:15.312 +02:00 [Information] Request starting HTTP/2 GET https://localhost:7205/ - -
2023-10-11 10:15:15.378 +02:00 [Information] Executing endpoint '"HouseRentingSystem.Controllers.HomeController.Index (HouseRentingSystem)"'
2023-10-11 10:15:15.400 +02:00 [Information] Route matched with "{action = \"Index\", controller = \"Home\"}". Executing controller action with signature "Microsoft.AspNetCore.Mvc.IActionResult Index()" on controller "HouseRentingSystem.Controllers.HomeController" ("HouseRentingSystem").
2023-10-11 10:15:15.468 +02:00 [Information] Executing action method "HouseRentingSystem.Controllers.HomeController.Index (HouseRentingSystem)" - Validation state: Valid
2023-10-11 10:15:15.474 +02:00 [Information] Executed action method "HouseRentingSystem.Controllers.HomeController.Index (HouseRentingSystem)", returned result "Microsoft.AspNetCore.Mvc.ViewResult" in 0.7043ms.
2023-10-11 10:15:15.485 +02:00 [Information] Executing ViewResult, running view "Index".
2023-10-11 10:15:15.648 +02:00 [Information] Executed ViewResult - view "Index" executed in 164.6052ms.
2023-10-11 10:15:15.653 +02:00 [Information] Executed action "HouseRentingSystem.Controllers.HomeController.Index (HouseRentingSystem)" in 252.1283ms
2023-10-11 10:15:15.654 +02:00 [Information] Executed endpoint '"HouseRentingSystem.Controllers.HomeController.Index (HouseRentingSystem)"'
2023-10-11 10:15:15.680 +02:00 [Information] Request finished HTTP/2 GET https://localhost:7205/ - - - 200 - text/html;+charset=utf-8 372.9770ms
2023-10-11 10:15:15.714 +02:00 [Information] Request starting HTTP/2 GET https://localhost:7205/_framework/aspnetcore-browser-refresh.js - -
2023-10-11 10:15:15.719 +02:00 [Information] Request finished HTTP/2 GET https://localhost:7205/_framework/aspnetcore-browser-refresh.js - - - 200 12368 application/javascript;+charset=utf-8 4.4206ms
2023-10-11 10:15:15.746 +02:00 [Information] Request starting HTTP/2 GET https://localhost:7205/_vs/browserLink - -
2023-10-11 10:15:15.761 +02:00 [Information] Request finished HTTP/2 GET https://localhost:7205/_vs/browserLink - - - 200 - text/javascript;+charset=UTF-8 15.7000ms
2023-10-11 10:18:51.121 +02:00 [Information] Request starting HTTP/2 GET https://localhost:7205/ - -
2023-10-11 10:18:51.140 +02:00 [Information] Executing endpoint '"HouseRentingSystem.Controllers.HomeController.Index (HouseRentingSystem)"'
2023-10-11 10:18:51.140 +02:00 [Information] Route matched with "{action = \"Index\", controller = \"Home\"}". Executing controller action with signature "Microsoft.AspNetCore.Mvc.IActionResult Index()" on controller "HouseRentingSystem.Controllers.HomeController" ("HouseRentingSystem").
2023-10-11 10:18:51.152 +02:00 [Information] Executing action method "HouseRentingSystem.Controllers.HomeController.Index (HouseRentingSystem)" - Validation state: Valid
2023-10-11 10:18:51.153 +02:00 [Information] Executed action method "HouseRentingSystem.Controllers.HomeController.Index (HouseRentingSystem)", returned result "Microsoft.AspNetCore.Mvc.ViewResult" in 0.0508ms.
2023-10-11 10:18:51.154 +02:00 [Information] Executing ViewResult, running view "Index".
2023-10-11 10:18:51.172 +02:00 [Information] Executed ViewResult - view "Index" executed in 19.1006ms.
2023-10-11 10:18:51.172 +02:00 [Information] Executed action "HouseRentingSystem.Controllers.HomeController.Index (HouseRentingSystem)" in 32.0986ms
2023-10-11 10:18:51.172 +02:00 [Information] Executed endpoint '"HouseRentingSystem.Controllers.HomeController.Index (HouseRentingSystem)"'
2023-10-11 10:18:51.174 +02:00 [Information] Request finished HTTP/2 GET https://localhost:7205/ - - - 200 - text/html;+charset=utf-8 52.8331ms
2023-10-11 10:18:51.186 +02:00 [Information] Request starting HTTP/2 GET https://localhost:7205/lib/bootstrap/js/bootstrap.js - -
2023-10-11 10:18:51.186 +02:00 [Information] Request starting HTTP/2 GET https://localhost:7205/lib/jquery-validate/jquery.validate.js - -
2023-10-11 10:18:51.186 +02:00 [Information] Request starting HTTP/2 GET https://localhost:7205/lib/jquery/jquery.js - -
2023-10-11 10:18:51.187 +02:00 [Information] Request starting HTTP/2 GET https://localhost:7205/lib/jquery-validation-unobtrusive/jquery.validate.unobtrusive.js - -
2023-10-11 10:18:51.290 +02:00 [Information] Sending file. Request path: '"/lib/jquery/jquery.js"'. Physical path: '"C:\Users\unnis\OneDrive - OsloMet\5.semester\ITPE3200 Webappplikasjoner\Projects\HouseRentingSystem\HouseRentingSystem\wwwroot\lib\jquery\jquery.js"'
2023-10-11 10:18:51.290 +02:00 [Information] Sending file. Request path: '"/lib/bootstrap/js/bootstrap.js"'. Physical path: '"C:\Users\unnis\OneDrive - OsloMet\5.semester\ITPE3200 Webappplikasjoner\Projects\HouseRentingSystem\HouseRentingSystem\wwwroot\lib\bootstrap\js\bootstrap.js"'
2023-10-11 10:18:51.290 +02:00 [Information] Sending file. Request path: '"/lib/jquery-validate/jquery.validate.js"'. Physical path: '"C:\Users\unnis\OneDrive - OsloMet\5.semester\ITPE3200 Webappplikasjoner\Projects\HouseRentingSystem\HouseRentingSystem\wwwroot\lib\jquery-validate\jquery.validate.js"'
2023-10-11 10:18:51.290 +02:00 [Information] Sending file. Request path: '"/lib/jquery-validation-unobtrusive/jquery.validate.unobtrusive.js"'. Physical path: '"C:\Users\unnis\OneDrive - OsloMet\5.semester\ITPE3200 Webappplikasjoner\Projects\HouseRentingSystem\HouseRentingSystem\wwwroot\lib\jquery-validation-unobtrusive\jquery.validate.unobtrusive.js"'
2023-10-11 10:18:51.290 +02:00 [Information] Request finished HTTP/2 GET https://localhost:7205/lib/bootstrap/js/bootstrap.js - - - 200 149796 application/javascript 104.4619ms
2023-10-11 10:18:51.290 +02:00 [Information] Request finished HTTP/2 GET https://localhost:7205/lib/jquery/jquery.js - - - 200 295700 application/javascript 104.2515ms
2023-10-11 10:18:51.290 +02:00 [Information] Request finished HTTP/2 GET https://localhost:7205/lib/jquery-validation-unobtrusive/jquery.validate.unobtrusive.js - - - 200 19820 application/javascript 103.5009ms
2023-10-11 10:18:51.290 +02:00 [Information] Request finished HTTP/2 GET https://localhost:7205/lib/jquery-validate/jquery.validate.js - - - 200 52831 application/javascript 104.2096ms
2023-10-11 10:18:51.320 +02:00 [Information] Request starting HTTP/2 GET https://localhost:7205/_framework/aspnetcore-browser-refresh.js - -
2023-10-11 10:18:51.320 +02:00 [Information] Request finished HTTP/2 GET https://localhost:7205/_framework/aspnetcore-browser-refresh.js - - - 200 12368 application/javascript;+charset=utf-8 0.4652ms
2023-10-11 10:18:51.331 +02:00 [Information] Request starting HTTP/2 GET https://localhost:7205/images/6.jpg - -
2023-10-11 10:18:51.335 +02:00 [Information] Sending file. Request path: '"/images/6.jpg"'. Physical path: '"C:\Users\unnis\OneDrive - OsloMet\5.semester\ITPE3200 Webappplikasjoner\Projects\HouseRentingSystem\HouseRentingSystem\wwwroot\images\6.jpg"'
2023-10-11 10:18:51.336 +02:00 [Information] Request finished HTTP/2 GET https://localhost:7205/images/6.jpg - - - 200 185314 image/jpeg 4.5101ms
2023-10-11 10:18:51.340 +02:00 [Information] Request starting HTTP/2 GET https://localhost:7205/images/7.jpg - -
2023-10-11 10:18:51.343 +02:00 [Information] Request starting HTTP/2 GET https://localhost:7205/images/8.jpg - -
2023-10-11 10:18:51.343 +02:00 [Information] Request starting HTTP/2 GET https://localhost:7205/_vs/browserLink - -
2023-10-11 10:18:51.345 +02:00 [Information] Sending file. Request path: '"/images/7.jpg"'. Physical path: '"C:\Users\unnis\OneDrive - OsloMet\5.semester\ITPE3200 Webappplikasjoner\Projects\HouseRentingSystem\HouseRentingSystem\wwwroot\images\7.jpg"'
2023-10-11 10:18:51.346 +02:00 [Information] Request finished HTTP/2 GET https://localhost:7205/images/7.jpg - - - 200 154286 image/jpeg 5.1558ms
2023-10-11 10:18:51.346 +02:00 [Information] Sending file. Request path: '"/images/8.jpg"'. Physical path: '"C:\Users\unnis\OneDrive - OsloMet\5.semester\ITPE3200 Webappplikasjoner\Projects\HouseRentingSystem\HouseRentingSystem\wwwroot\images\8.jpg"'
2023-10-11 10:18:51.346 +02:00 [Information] Request finished HTTP/2 GET https://localhost:7205/images/8.jpg - - - 200 45956 image/jpeg 3.1992ms
2023-10-11 10:18:51.359 +02:00 [Information] Request finished HTTP/2 GET https://localhost:7205/_vs/browserLink - - - 200 - text/javascript;+charset=UTF-8 15.9456ms
2023-10-11 10:18:51.427 +02:00 [Information] Request starting HTTP/2 GET https://localhost:7205/favicon.ico - -
2023-10-11 10:18:51.429 +02:00 [Information] Request finished HTTP/2 GET https://localhost:7205/favicon.ico - - - 404 0 - 2.3423ms
2023-10-11 10:22:49.936 +02:00 [Information] Request starting HTTP/2 GET https://localhost:7205/ - -
2023-10-11 10:22:49.963 +02:00 [Information] Executing endpoint '"HouseRentingSystem.Controllers.HomeController.Index (HouseRentingSystem)"'
2023-10-11 10:22:49.977 +02:00 [Information] Route matched with "{action = \"Index\", controller = \"Home\"}". Executing controller action with signature "Microsoft.AspNetCore.Mvc.IActionResult Index()" on controller "HouseRentingSystem.Controllers.HomeController" ("HouseRentingSystem").
2023-10-11 10:22:49.990 +02:00 [Information] Executing action method "HouseRentingSystem.Controllers.HomeController.Index (HouseRentingSystem)" - Validation state: Valid
2023-10-11 10:22:49.990 +02:00 [Information] Executed action method "HouseRentingSystem.Controllers.HomeController.Index (HouseRentingSystem)", returned result "Microsoft.AspNetCore.Mvc.ViewResult" in 0.021ms.
2023-10-11 10:22:49.990 +02:00 [Information] Executing ViewResult, running view "Index".
2023-10-11 10:22:50.008 +02:00 [Information] Executed ViewResult - view "Index" executed in 17.9642ms.
2023-10-11 10:22:50.008 +02:00 [Information] Executed action "HouseRentingSystem.Controllers.HomeController.Index (HouseRentingSystem)" in 31.0152ms
2023-10-11 10:22:50.008 +02:00 [Information] Executed endpoint '"HouseRentingSystem.Controllers.HomeController.Index (HouseRentingSystem)"'
2023-10-11 10:22:50.010 +02:00 [Information] Request finished HTTP/2 GET https://localhost:7205/ - - - 200 - text/html;+charset=utf-8 73.5175ms
2023-10-11 10:22:50.019 +02:00 [Information] Request starting HTTP/2 GET https://localhost:7205/lib/bootstrap/js/bootstrap.js - -
2023-10-11 10:22:50.019 +02:00 [Information] Request starting HTTP/2 GET https://localhost:7205/lib/jquery/jquery.js - -
2023-10-11 10:22:50.019 +02:00 [Information] Request starting HTTP/2 GET https://localhost:7205/lib/jquery-validate/jquery.validate.js - -
2023-10-11 10:22:50.020 +02:00 [Information] Request starting HTTP/2 GET https://localhost:7205/lib/jquery-validation-unobtrusive/jquery.validate.unobtrusive.js - -
2023-10-11 10:22:50.091 +02:00 [Information] Sending file. Request path: '"/lib/jquery-validate/jquery.validate.js"'. Physical path: '"C:\Users\unnis\OneDrive - OsloMet\5.semester\ITPE3200 Webappplikasjoner\Projects\HouseRentingSystem\HouseRentingSystem\wwwroot\lib\jquery-validate\jquery.validate.js"'
2023-10-11 10:22:50.096 +02:00 [Information] Request finished HTTP/2 GET https://localhost:7205/lib/jquery-validate/jquery.validate.js - - - 200 52831 application/javascript 77.1202ms
2023-10-11 10:22:50.138 +02:00 [Information] Sending file. Request path: '"/lib/jquery-validation-unobtrusive/jquery.validate.unobtrusive.js"'. Physical path: '"C:\Users\unnis\OneDrive - OsloMet\5.semester\ITPE3200 Webappplikasjoner\Projects\HouseRentingSystem\HouseRentingSystem\wwwroot\lib\jquery-validation-unobtrusive\jquery.validate.unobtrusive.js"'
2023-10-11 10:22:50.139 +02:00 [Information] Sending file. Request path: '"/lib/bootstrap/js/bootstrap.js"'. Physical path: '"C:\Users\unnis\OneDrive - OsloMet\5.semester\ITPE3200 Webappplikasjoner\Projects\HouseRentingSystem\HouseRentingSystem\wwwroot\lib\bootstrap\js\bootstrap.js"'
2023-10-11 10:22:50.139 +02:00 [Information] Sending file. Request path: '"/lib/jquery/jquery.js"'. Physical path: '"C:\Users\unnis\OneDrive - OsloMet\5.semester\ITPE3200 Webappplikasjoner\Projects\HouseRentingSystem\HouseRentingSystem\wwwroot\lib\jquery\jquery.js"'
2023-10-11 10:22:50.139 +02:00 [Information] Request finished HTTP/2 GET https://localhost:7205/lib/bootstrap/js/bootstrap.js - - - 200 149796 application/javascript 120.7703ms
2023-10-11 10:22:50.139 +02:00 [Information] Request finished HTTP/2 GET https://localhost:7205/lib/jquery-validation-unobtrusive/jquery.validate.unobtrusive.js - - - 200 19820 application/javascript 119.8356ms
2023-10-11 10:22:50.139 +02:00 [Information] Request finished HTTP/2 GET https://localhost:7205/lib/jquery/jquery.js - - - 200 295700 application/javascript 120.6959ms
2023-10-11 10:22:50.149 +02:00 [Information] Request starting HTTP/2 GET https://localhost:7205/_framework/aspnetcore-browser-refresh.js - -
2023-10-11 10:22:50.149 +02:00 [Information] Request finished HTTP/2 GET https://localhost:7205/_framework/aspnetcore-browser-refresh.js - - - 200 12368 application/javascript;+charset=utf-8 0.3785ms
2023-10-11 10:22:50.158 +02:00 [Information] Request starting HTTP/2 GET https://localhost:7205/images/6.jpg - -
2023-10-11 10:22:50.160 +02:00 [Information] Sending file. Request path: '"/images/6.jpg"'. Physical path: '"C:\Users\unnis\OneDrive - OsloMet\5.semester\ITPE3200 Webappplikasjoner\Projects\HouseRentingSystem\HouseRentingSystem\wwwroot\images\6.jpg"'
2023-10-11 10:22:50.160 +02:00 [Information] Request finished HTTP/2 GET https://localhost:7205/images/6.jpg - - - 200 185314 image/jpeg 2.5453ms
2023-10-11 10:22:50.170 +02:00 [Information] Request starting HTTP/2 GET https://localhost:7205/images/7.jpg - -
2023-10-11 10:22:50.170 +02:00 [Information] Request starting HTTP/2 GET https://localhost:7205/images/8.jpg - -
2023-10-11 10:22:50.171 +02:00 [Information] Request starting HTTP/2 GET https://localhost:7205/_vs/browserLink - -
2023-10-11 10:22:50.174 +02:00 [Information] Sending file. Request path: '"/images/8.jpg"'. Physical path: '"C:\Users\unnis\OneDrive - OsloMet\5.semester\ITPE3200 Webappplikasjoner\Projects\HouseRentingSystem\HouseRentingSystem\wwwroot\images\8.jpg"'
2023-10-11 10:22:50.175 +02:00 [Information] Request finished HTTP/2 GET https://localhost:7205/images/8.jpg - - - 200 45956 image/jpeg 4.5141ms
2023-10-11 10:22:50.175 +02:00 [Information] Sending file. Request path: '"/images/7.jpg"'. Physical path: '"C:\Users\unnis\OneDrive - OsloMet\5.semester\ITPE3200 Webappplikasjoner\Projects\HouseRentingSystem\HouseRentingSystem\wwwroot\images\7.jpg"'
2023-10-11 10:22:50.175 +02:00 [Information] Request finished HTTP/2 GET https://localhost:7205/images/7.jpg - - - 200 154286 image/jpeg 5.8100ms
2023-10-11 10:22:50.178 +02:00 [Information] Request finished HTTP/2 GET https://localhost:7205/_vs/browserLink - - - 200 - text/javascript;+charset=UTF-8 7.1931ms
2023-10-11 10:22:50.240 +02:00 [Information] Request starting HTTP/2 GET https://localhost:7205/favicon.ico - -
2023-10-11 10:22:50.240 +02:00 [Information] Request finished HTTP/2 GET https://localhost:7205/favicon.ico - - - 404 0 - 0.4961ms
2023-10-11 10:22:51.219 +02:00 [Information] Request starting HTTP/2 GET https://localhost:7205/ - -
2023-10-11 10:22:51.220 +02:00 [Information] Executing endpoint '"HouseRentingSystem.Controllers.HomeController.Index (HouseRentingSystem)"'
2023-10-11 10:22:51.220 +02:00 [Information] Route matched with "{action = \"Index\", controller = \"Home\"}". Executing controller action with signature "Microsoft.AspNetCore.Mvc.IActionResult Index()" on controller "HouseRentingSystem.Controllers.HomeController" ("HouseRentingSystem").
2023-10-11 10:22:51.231 +02:00 [Information] Executing action method "HouseRentingSystem.Controllers.HomeController.Index (HouseRentingSystem)" - Validation state: Valid
2023-10-11 10:22:51.231 +02:00 [Information] Executed action method "HouseRentingSystem.Controllers.HomeController.Index (HouseRentingSystem)", returned result "Microsoft.AspNetCore.Mvc.ViewResult" in 0.0205ms.
2023-10-11 10:22:51.231 +02:00 [Information] Executing ViewResult, running view "Index".
2023-10-11 10:22:51.242 +02:00 [Information] Executed ViewResult - view "Index" executed in 10.3656ms.
2023-10-11 10:22:51.242 +02:00 [Information] Executed action "HouseRentingSystem.Controllers.HomeController.Index (HouseRentingSystem)" in 21.9295ms
2023-10-11 10:22:51.242 +02:00 [Information] Executed endpoint '"HouseRentingSystem.Controllers.HomeController.Index (HouseRentingSystem)"'
2023-10-11 10:22:51.244 +02:00 [Information] Request finished HTTP/2 GET https://localhost:7205/ - - - 200 - text/html;+charset=utf-8 24.6754ms
2023-10-11 10:22:51.313 +02:00 [Information] Request starting HTTP/2 GET https://localhost:7205/lib/jquery-validation-unobtrusive/jquery.validate.unobtrusive.js - -
2023-10-11 10:22:51.313 +02:00 [Information] Request starting HTTP/2 GET https://localhost:7205/lib/jquery/jquery.js - -
2023-10-11 10:22:51.313 +02:00 [Information] Request starting HTTP/2 GET https://localhost:7205/lib/bootstrap/js/bootstrap.js - -
2023-10-11 10:22:51.313 +02:00 [Information] Request starting HTTP/2 GET https://localhost:7205/lib/jquery-validate/jquery.validate.js - -
2023-10-11 10:22:51.317 +02:00 [Information] Sending file. Request path: '"/lib/jquery-validation-unobtrusive/jquery.validate.unobtrusive.js"'. Physical path: '"C:\Users\unnis\OneDrive - OsloMet\5.semester\ITPE3200 Webappplikasjoner\Projects\HouseRentingSystem\HouseRentingSystem\wwwroot\lib\jquery-validation-unobtrusive\jquery.validate.unobtrusive.js"'
2023-10-11 10:22:51.319 +02:00 [Information] Request finished HTTP/2 GET https://localhost:7205/lib/jquery-validation-unobtrusive/jquery.validate.unobtrusive.js - - - 200 19820 application/javascript 4.8902ms
2023-10-11 10:22:51.319 +02:00 [Information] Sending file. Request path: '"/lib/jquery-validate/jquery.validate.js"'. Physical path: '"C:\Users\unnis\OneDrive - OsloMet\5.semester\ITPE3200 Webappplikasjoner\Projects\HouseRentingSystem\HouseRentingSystem\wwwroot\lib\jquery-validate\jquery.validate.js"'
2023-10-11 10:22:51.320 +02:00 [Information] Request finished HTTP/2 GET https://localhost:7205/lib/jquery-validate/jquery.validate.js - - - 200 52831 application/javascript 6.3000ms
2023-10-11 10:22:51.320 +02:00 [Information] Sending file. Request path: '"/lib/bootstrap/js/bootstrap.js"'. Physical path: '"C:\Users\unnis\OneDrive - OsloMet\5.semester\ITPE3200 Webappplikasjoner\Projects\HouseRentingSystem\HouseRentingSystem\wwwroot\lib\bootstrap\js\bootstrap.js"'
2023-10-11 10:22:51.320 +02:00 [Information] Request finished HTTP/2 GET https://localhost:7205/lib/bootstrap/js/bootstrap.js - - - 200 149796 application/javascript 7.0127ms
2023-10-11 10:22:51.321 +02:00 [Information] Sending file. Request path: '"/lib/jquery/jquery.js"'. Physical path: '"C:\Users\unnis\OneDrive - OsloMet\5.semester\ITPE3200 Webappplikasjoner\Projects\HouseRentingSystem\HouseRentingSystem\wwwroot\lib\jquery\jquery.js"'
2023-10-11 10:22:51.321 +02:00 [Information] Request finished HTTP/2 GET https://localhost:7205/lib/jquery/jquery.js - - - 200 295700 application/javascript 7.6441ms
2023-10-11 10:22:51.349 +02:00 [Information] Request starting HTTP/2 GET https://localhost:7205/_framework/aspnetcore-browser-refresh.js - -
2023-10-11 10:22:51.349 +02:00 [Information] Request finished HTTP/2 GET https://localhost:7205/_framework/aspnetcore-browser-refresh.js - - - 200 12368 application/javascript;+charset=utf-8 0.4031ms
2023-10-11 10:22:51.350 +02:00 [Information] Request starting HTTP/2 GET https://localhost:7205/images/6.jpg - -
2023-10-11 10:22:51.351 +02:00 [Information] Request starting HTTP/2 GET https://localhost:7205/images/7.jpg - -
2023-10-11 10:22:51.351 +02:00 [Information] Request starting HTTP/2 GET https://localhost:7205/images/8.jpg - -
2023-10-11 10:22:51.352 +02:00 [Information] Request starting HTTP/2 GET https://localhost:7205/_vs/browserLink - -
2023-10-11 10:22:51.356 +02:00 [Information] Sending file. Request path: '"/images/8.jpg"'. Physical path: '"C:\Users\unnis\OneDrive - OsloMet\5.semester\ITPE3200 Webappplikasjoner\Projects\HouseRentingSystem\HouseRentingSystem\wwwroot\images\8.jpg"'
2023-10-11 10:22:51.356 +02:00 [Information] Sending file. Request path: '"/images/6.jpg"'. Physical path: '"C:\Users\unnis\OneDrive - OsloMet\5.semester\ITPE3200 Webappplikasjoner\Projects\HouseRentingSystem\HouseRentingSystem\wwwroot\images\6.jpg"'
2023-10-11 10:22:51.357 +02:00 [Information] Request finished HTTP/2 GET https://localhost:7205/images/8.jpg - - - 200 45956 image/jpeg 5.0721ms
2023-10-11 10:22:51.357 +02:00 [Information] Request finished HTTP/2 GET https://localhost:7205/images/6.jpg - - - 200 185314 image/jpeg 7.5344ms
2023-10-11 10:22:51.357 +02:00 [Information] Sending file. Request path: '"/images/7.jpg"'. Physical path: '"C:\Users\unnis\OneDrive - OsloMet\5.semester\ITPE3200 Webappplikasjoner\Projects\HouseRentingSystem\HouseRentingSystem\wwwroot\images\7.jpg"'
2023-10-11 10:22:51.358 +02:00 [Information] Request finished HTTP/2 GET https://localhost:7205/images/7.jpg - - - 200 154286 image/jpeg 6.3878ms
2023-10-11 10:22:51.358 +02:00 [Information] Request finished HTTP/2 GET https://localhost:7205/_vs/browserLink - - - 200 - text/javascript;+charset=UTF-8 6.6857ms
2023-10-11 10:22:51.381 +02:00 [Information] Request starting HTTP/2 GET https://localhost:7205/favicon.ico - -
2023-10-11 10:22:51.382 +02:00 [Information] Request finished HTTP/2 GET https://localhost:7205/favicon.ico - - - 404 0 - 0.4400ms
2023-10-11 10:22:54.277 +02:00 [Information] Request starting HTTP/2 GET https://localhost:7205/ - -
2023-10-11 10:22:54.277 +02:00 [Information] Executing endpoint '"HouseRentingSystem.Controllers.HomeController.Index (HouseRentingSystem)"'
2023-10-11 10:22:54.277 +02:00 [Information] Route matched with "{action = \"Index\", controller = \"Home\"}". Executing controller action with signature "Microsoft.AspNetCore.Mvc.IActionResult Index()" on controller "HouseRentingSystem.Controllers.HomeController" ("HouseRentingSystem").
2023-10-11 10:22:54.289 +02:00 [Information] Executing action method "HouseRentingSystem.Controllers.HomeController.Index (HouseRentingSystem)" - Validation state: Valid
2023-10-11 10:22:54.289 +02:00 [Information] Executed action method "HouseRentingSystem.Controllers.HomeController.Index (HouseRentingSystem)", returned result "Microsoft.AspNetCore.Mvc.ViewResult" in 0.0269ms.
2023-10-11 10:22:54.289 +02:00 [Information] Executing ViewResult, running view "Index".
2023-10-11 10:22:54.300 +02:00 [Information] Executed ViewResult - view "Index" executed in 10.6803ms.
2023-10-11 10:22:54.300 +02:00 [Information] Executed action "HouseRentingSystem.Controllers.HomeController.Index (HouseRentingSystem)" in 22.6954ms
2023-10-11 10:22:54.300 +02:00 [Information] Executed endpoint '"HouseRentingSystem.Controllers.HomeController.Index (HouseRentingSystem)"'
2023-10-11 10:22:54.302 +02:00 [Information] Request finished HTTP/2 GET https://localhost:7205/ - - - 200 - text/html;+charset=utf-8 25.4428ms
2023-10-11 10:22:54.313 +02:00 [Information] Request starting HTTP/2 GET https://localhost:7205/lib/bootstrap/js/bootstrap.js - -
2023-10-11 10:22:54.313 +02:00 [Information] Request starting HTTP/2 GET https://localhost:7205/lib/jquery/jquery.js - -
2023-10-11 10:22:54.313 +02:00 [Information] Request starting HTTP/2 GET https://localhost:7205/lib/jquery-validation-unobtrusive/jquery.validate.unobtrusive.js - -
2023-10-11 10:22:54.313 +02:00 [Information] Request starting HTTP/2 GET https://localhost:7205/lib/jquery-validate/jquery.validate.js - -
2023-10-11 10:22:54.316 +02:00 [Information] Sending file. Request path: '"/lib/jquery-validation-unobtrusive/jquery.validate.unobtrusive.js"'. Physical path: '"C:\Users\unnis\OneDrive - OsloMet\5.semester\ITPE3200 Webappplikasjoner\Projects\HouseRentingSystem\HouseRentingSystem\wwwroot\lib\jquery-validation-unobtrusive\jquery.validate.unobtrusive.js"'
2023-10-11 10:22:54.318 +02:00 [Information] Request finished HTTP/2 GET https://localhost:7205/lib/jquery-validation-unobtrusive/jquery.validate.unobtrusive.js - - - 200 19820 application/javascript 4.0120ms
2023-10-11 10:22:54.318 +02:00 [Information] Sending file. Request path: '"/lib/jquery-validate/jquery.validate.js"'. Physical path: '"C:\Users\unnis\OneDrive - OsloMet\5.semester\ITPE3200 Webappplikasjoner\Projects\HouseRentingSystem\HouseRentingSystem\wwwroot\lib\jquery-validate\jquery.validate.js"'
2023-10-11 10:22:54.319 +02:00 [Information] Request finished HTTP/2 GET https://localhost:7205/lib/jquery-validate/jquery.validate.js - - - 200 52831 application/javascript 6.0818ms
2023-10-11 10:22:54.320 +02:00 [Information] Sending file. Request path: '"/lib/bootstrap/js/bootstrap.js"'. Physical path: '"C:\Users\unnis\OneDrive - OsloMet\5.semester\ITPE3200 Webappplikasjoner\Projects\HouseRentingSystem\HouseRentingSystem\wwwroot\lib\bootstrap\js\bootstrap.js"'
2023-10-11 10:22:54.320 +02:00 [Information] Request finished HTTP/2 GET https://localhost:7205/lib/bootstrap/js/bootstrap.js - - - 200 149796 application/javascript 6.9407ms
2023-10-11 10:22:54.321 +02:00 [Information] Sending file. Request path: '"/lib/jquery/jquery.js"'. Physical path: '"C:\Users\unnis\OneDrive - OsloMet\5.semester\ITPE3200 Webappplikasjoner\Projects\HouseRentingSystem\HouseRentingSystem\wwwroot\lib\jquery\jquery.js"'
2023-10-11 10:22:54.321 +02:00 [Information] Request finished HTTP/2 GET https://localhost:7205/lib/jquery/jquery.js - - - 200 295700 application/javascript 7.6737ms
2023-10-11 10:22:54.344 +02:00 [Information] Request starting HTTP/2 GET https://localhost:7205/_framework/aspnetcore-browser-refresh.js - -
2023-10-11 10:22:54.344 +02:00 [Information] Request starting HTTP/2 GET https://localhost:7205/images/6.jpg - -
2023-10-11 10:22:54.344 +02:00 [Information] Request finished HTTP/2 GET https://localhost:7205/_framework/aspnetcore-browser-refresh.js - - - 200 12368 application/javascript;+charset=utf-8 0.5273ms
2023-10-11 10:22:54.347 +02:00 [Information] Request starting HTTP/2 GET https://localhost:7205/images/7.jpg - -
2023-10-11 10:22:54.347 +02:00 [Information] Sending file. Request path: '"/images/6.jpg"'. Physical path: '"C:\Users\unnis\OneDrive - OsloMet\5.semester\ITPE3200 Webappplikasjoner\Projects\HouseRentingSystem\HouseRentingSystem\wwwroot\images\6.jpg"'
2023-10-11 10:22:54.347 +02:00 [Information] Request starting HTTP/2 GET https://localhost:7205/images/8.jpg - -
2023-10-11 10:22:54.347 +02:00 [Information] Request starting HTTP/2 GET https://localhost:7205/_vs/browserLink - -
2023-10-11 10:22:54.347 +02:00 [Information] Request finished HTTP/2 GET https://localhost:7205/images/6.jpg - - - 200 185314 image/jpeg 3.5937ms
2023-10-11 10:22:54.351 +02:00 [Information] Sending file. Request path: '"/images/8.jpg"'. Physical path: '"C:\Users\unnis\OneDrive - OsloMet\5.semester\ITPE3200 Webappplikasjoner\Projects\HouseRentingSystem\HouseRentingSystem\wwwroot\images\8.jpg"'
2023-10-11 10:22:54.352 +02:00 [Information] Request finished HTTP/2 GET https://localhost:7205/images/8.jpg - - - 200 45956 image/jpeg 4.8629ms
2023-10-11 10:22:54.353 +02:00 [Information] Sending file. Request path: '"/images/7.jpg"'. Physical path: '"C:\Users\unnis\OneDrive - OsloMet\5.semester\ITPE3200 Webappplikasjoner\Projects\HouseRentingSystem\HouseRentingSystem\wwwroot\images\7.jpg"'
2023-10-11 10:22:54.354 +02:00 [Information] Request finished HTTP/2 GET https://localhost:7205/images/7.jpg - - - 200 154286 image/jpeg 7.1251ms
2023-10-11 10:22:54.362 +02:00 [Information] Request finished HTTP/2 GET https://localhost:7205/_vs/browserLink - - - 200 - text/javascript;+charset=UTF-8 14.3636ms
2023-10-11 10:22:54.444 +02:00 [Information] Request starting HTTP/2 GET https://localhost:7205/favicon.ico - -
2023-10-11 10:22:54.445 +02:00 [Information] Request finished HTTP/2 GET https://localhost:7205/favicon.ico - - - 404 0 - 0.7110ms
2023-10-11 10:22:55.208 +02:00 [Information] Request starting HTTP/2 GET https://localhost:7205/ - -
2023-10-11 10:22:55.208 +02:00 [Information] Executing endpoint '"HouseRentingSystem.Controllers.HomeController.Index (HouseRentingSystem)"'
2023-10-11 10:22:55.208 +02:00 [Information] Route matched with "{action = \"Index\", controller = \"Home\"}". Executing controller action with signature "Microsoft.AspNetCore.Mvc.IActionResult Index()" on controller "HouseRentingSystem.Controllers.HomeController" ("HouseRentingSystem").
2023-10-11 10:22:55.221 +02:00 [Information] Executing action method "HouseRentingSystem.Controllers.HomeController.Index (HouseRentingSystem)" - Validation state: Valid
2023-10-11 10:22:55.221 +02:00 [Information] Executed action method "HouseRentingSystem.Controllers.HomeController.Index (HouseRentingSystem)", returned result "Microsoft.AspNetCore.Mvc.ViewResult" in 0.0172ms.
2023-10-11 10:22:55.221 +02:00 [Information] Executing ViewResult, running view "Index".
2023-10-11 10:22:55.226 +02:00 [Information] Executed ViewResult - view "Index" executed in 5.1008ms.
2023-10-11 10:22:55.226 +02:00 [Information] Executed action "HouseRentingSystem.Controllers.HomeController.Index (HouseRentingSystem)" in 17.5985ms
2023-10-11 10:22:55.226 +02:00 [Information] Executed endpoint '"HouseRentingSystem.Controllers.HomeController.Index (HouseRentingSystem)"'
2023-10-11 10:22:55.228 +02:00 [Information] Request finished HTTP/2 GET https://localhost:7205/ - - - 200 - text/html;+charset=utf-8 20.2854ms
2023-10-11 10:22:55.243 +02:00 [Information] Request starting HTTP/2 GET https://localhost:7205/lib/jquery/jquery.js - -
2023-10-11 10:22:55.243 +02:00 [Information] Request starting HTTP/2 GET https://localhost:7205/lib/jquery-validate/jquery.validate.js - -
2023-10-11 10:22:55.243 +02:00 [Information] Request starting HTTP/2 GET https://localhost:7205/lib/bootstrap/js/bootstrap.js - -
2023-10-11 10:22:55.243 +02:00 [Information] Request starting HTTP/2 GET https://localhost:7205/lib/jquery-validation-unobtrusive/jquery.validate.unobtrusive.js - -
2023-10-11 10:22:55.247 +02:00 [Information] Sending file. Request path: '"/lib/jquery-validation-unobtrusive/jquery.validate.unobtrusive.js"'. Physical path: '"C:\Users\unnis\OneDrive - OsloMet\5.semester\ITPE3200 Webappplikasjoner\Projects\HouseRentingSystem\HouseRentingSystem\wwwroot\lib\jquery-validation-unobtrusive\jquery.validate.unobtrusive.js"'
2023-10-11 10:22:55.247 +02:00 [Information] Request finished HTTP/2 GET https://localhost:7205/lib/jquery-validation-unobtrusive/jquery.validate.unobtrusive.js - - - 200 19820 application/javascript 4.5213ms
2023-10-11 10:22:55.248 +02:00 [Information] Sending file. Request path: '"/lib/jquery-validate/jquery.validate.js"'. Physical path: '"C:\Users\unnis\OneDrive - OsloMet\5.semester\ITPE3200 Webappplikasjoner\Projects\HouseRentingSystem\HouseRentingSystem\wwwroot\lib\jquery-validate\jquery.validate.js"'
2023-10-11 10:22:55.248 +02:00 [Information] Request finished HTTP/2 GET https://localhost:7205/lib/jquery-validate/jquery.validate.js - - - 200 52831 application/javascript 5.0123ms
2023-10-11 10:22:55.248 +02:00 [Information] Sending file. Request path: '"/lib/bootstrap/js/bootstrap.js"'. Physical path: '"C:\Users\unnis\OneDrive - OsloMet\5.semester\ITPE3200 Webappplikasjoner\Projects\HouseRentingSystem\HouseRentingSystem\wwwroot\lib\bootstrap\js\bootstrap.js"'
2023-10-11 10:22:55.248 +02:00 [Information] Request finished HTTP/2 GET https://localhost:7205/lib/bootstrap/js/bootstrap.js - - - 200 149796 application/javascript 5.4951ms
2023-10-11 10:22:55.249 +02:00 [Information] Sending file. Request path: '"/lib/jquery/jquery.js"'. Physical path: '"C:\Users\unnis\OneDrive - OsloMet\5.semester\ITPE3200 Webappplikasjoner\Projects\HouseRentingSystem\HouseRentingSystem\wwwroot\lib\jquery\jquery.js"'
2023-10-11 10:22:55.249 +02:00 [Information] Request finished HTTP/2 GET https://localhost:7205/lib/jquery/jquery.js - - - 200 295700 application/javascript 5.9723ms
2023-10-11 10:22:55.274 +02:00 [Information] Request starting HTTP/2 GET https://localhost:7205/_framework/aspnetcore-browser-refresh.js - -
2023-10-11 10:22:55.275 +02:00 [Information] Request finished HTTP/2 GET https://localhost:7205/_framework/aspnetcore-browser-refresh.js - - - 200 12368 application/javascript;+charset=utf-8 0.3799ms
2023-10-11 10:22:55.280 +02:00 [Information] Request starting HTTP/2 GET https://localhost:7205/images/6.jpg - -
2023-10-11 10:22:55.283 +02:00 [Information] Request starting HTTP/2 GET https://localhost:7205/images/7.jpg - -
2023-10-11 10:22:55.283 +02:00 [Information] Request starting HTTP/2 GET https://localhost:7205/images/8.jpg - -
2023-10-11 10:22:55.283 +02:00 [Information] Sending file. Request path: '"/images/6.jpg"'. Physical path: '"C:\Users\unnis\OneDrive - OsloMet\5.semester\ITPE3200 Webappplikasjoner\Projects\HouseRentingSystem\HouseRentingSystem\wwwroot\images\6.jpg"'
2023-10-11 10:22:55.283 +02:00 [Information] Request finished HTTP/2 GET https://localhost:7205/images/6.jpg - - - 200 185314 image/jpeg 3.0814ms
2023-10-11 10:22:55.284 +02:00 [Information] Request starting HTTP/2 GET https://localhost:7205/_vs/browserLink - -
2023-10-11 10:22:55.286 +02:00 [Information] Sending file. Request path: '"/images/8.jpg"'. Physical path: '"C:\Users\unnis\OneDrive - OsloMet\5.semester\ITPE3200 Webappplikasjoner\Projects\HouseRentingSystem\HouseRentingSystem\wwwroot\images\8.jpg"'
2023-10-11 10:22:55.287 +02:00 [Information] Request finished HTTP/2 GET https://localhost:7205/images/8.jpg - - - 200 45956 image/jpeg 4.3300ms
2023-10-11 10:22:55.289 +02:00 [Information] Sending file. Request path: '"/images/7.jpg"'. Physical path: '"C:\Users\unnis\OneDrive - OsloMet\5.semester\ITPE3200 Webappplikasjoner\Projects\HouseRentingSystem\HouseRentingSystem\wwwroot\images\7.jpg"'
2023-10-11 10:22:55.289 +02:00 [Information] Request finished HTTP/2 GET https://localhost:7205/images/7.jpg - - - 200 154286 image/jpeg 5.9233ms
2023-10-11 10:22:55.297 +02:00 [Information] Request finished HTTP/2 GET https://localhost:7205/_vs/browserLink - - - 200 - text/javascript;+charset=UTF-8 12.8911ms
2023-10-11 10:22:55.428 +02:00 [Information] Request starting HTTP/2 GET https://localhost:7205/favicon.ico - -
2023-10-11 10:22:55.428 +02:00 [Information] Request finished HTTP/2 GET https://localhost:7205/favicon.ico - - - 404 0 - 0.6081ms
2023-10-11 10:22:55.946 +02:00 [Information] Request starting HTTP/2 GET https://localhost:7205/ - -
2023-10-11 10:22:55.947 +02:00 [Information] Executing endpoint '"HouseRentingSystem.Controllers.HomeController.Index (HouseRentingSystem)"'
2023-10-11 10:22:55.947 +02:00 [Information] Route matched with "{action = \"Index\", controller = \"Home\"}". Executing controller action with signature "Microsoft.AspNetCore.Mvc.IActionResult Index()" on controller "HouseRentingSystem.Controllers.HomeController" ("HouseRentingSystem").
2023-10-11 10:22:55.964 +02:00 [Information] Executing action method "HouseRentingSystem.Controllers.HomeController.Index (HouseRentingSystem)" - Validation state: Valid
2023-10-11 10:22:55.964 +02:00 [Information] Executed action method "HouseRentingSystem.Controllers.HomeController.Index (HouseRentingSystem)", returned result "Microsoft.AspNetCore.Mvc.ViewResult" in 0.0224ms.
2023-10-11 10:22:55.964 +02:00 [Information] Executing ViewResult, running view "Index".
2023-10-11 10:22:55.970 +02:00 [Information] Executed ViewResult - view "Index" executed in 5.4026ms.
2023-10-11 10:22:55.970 +02:00 [Information] Executed action "HouseRentingSystem.Controllers.HomeController.Index (HouseRentingSystem)" in 22.5746ms
2023-10-11 10:22:55.970 +02:00 [Information] Executed endpoint '"HouseRentingSystem.Controllers.HomeController.Index (HouseRentingSystem)"'
2023-10-11 10:22:55.972 +02:00 [Information] Request finished HTTP/2 GET https://localhost:7205/ - - - 200 - text/html;+charset=utf-8 25.6052ms
2023-10-11 10:22:55.989 +02:00 [Information] Request starting HTTP/2 GET https://localhost:7205/lib/jquery-validation-unobtrusive/jquery.validate.unobtrusive.js - -
2023-10-11 10:22:55.989 +02:00 [Information] Request starting HTTP/2 GET https://localhost:7205/lib/bootstrap/js/bootstrap.js - -
2023-10-11 10:22:55.989 +02:00 [Information] Request starting HTTP/2 GET https://localhost:7205/lib/jquery/jquery.js - -
2023-10-11 10:22:55.989 +02:00 [Information] Request starting HTTP/2 GET https://localhost:7205/lib/jquery-validate/jquery.validate.js - -
2023-10-11 10:22:55.993 +02:00 [Information] Sending file. Request path: '"/lib/jquery-validation-unobtrusive/jquery.validate.unobtrusive.js"'. Physical path: '"C:\Users\unnis\OneDrive - OsloMet\5.semester\ITPE3200 Webappplikasjoner\Projects\HouseRentingSystem\HouseRentingSystem\wwwroot\lib\jquery-validation-unobtrusive\jquery.validate.unobtrusive.js"'
2023-10-11 10:22:55.994 +02:00 [Information] Sending file. Request path: '"/lib/jquery-validate/jquery.validate.js"'. Physical path: '"C:\Users\unnis\OneDrive - OsloMet\5.semester\ITPE3200 Webappplikasjoner\Projects\HouseRentingSystem\HouseRentingSystem\wwwroot\lib\jquery-validate\jquery.validate.js"'
2023-10-11 10:22:55.995 +02:00 [Information] Request finished HTTP/2 GET https://localhost:7205/lib/jquery-validation-unobtrusive/jquery.validate.unobtrusive.js - - - 200 19820 application/javascript 5.9697ms
2023-10-11 10:22:55.995 +02:00 [Information] Request finished HTTP/2 GET https://localhost:7205/lib/jquery-validate/jquery.validate.js - - - 200 52831 application/javascript 6.0793ms
2023-10-11 10:22:55.995 +02:00 [Information] Sending file. Request path: '"/lib/bootstrap/js/bootstrap.js"'. Physical path: '"C:\Users\unnis\OneDrive - OsloMet\5.semester\ITPE3200 Webappplikasjoner\Projects\HouseRentingSystem\HouseRentingSystem\wwwroot\lib\bootstrap\js\bootstrap.js"'
2023-10-11 10:22:55.995 +02:00 [Information] Request finished HTTP/2 GET https://localhost:7205/lib/bootstrap/js/bootstrap.js - - - 200 149796 application/javascript 6.4141ms
2023-10-11 10:22:55.996 +02:00 [Information] Sending file. Request path: '"/lib/jquery/jquery.js"'. Physical path: '"C:\Users\unnis\OneDrive - OsloMet\5.semester\ITPE3200 Webappplikasjoner\Projects\HouseRentingSystem\HouseRentingSystem\wwwroot\lib\jquery\jquery.js"'
2023-10-11 10:22:55.996 +02:00 [Information] Request finished HTTP/2 GET https://localhost:7205/lib/jquery/jquery.js - - - 200 295700 application/javascript 7.6193ms
2023-10-11 10:22:56.012 +02:00 [Information] Request starting HTTP/2 GET https://localhost:7205/_framework/aspnetcore-browser-refresh.js - -
2023-10-11 10:22:56.012 +02:00 [Information] Request finished HTTP/2 GET https://localhost:7205/_framework/aspnetcore-browser-refresh.js - - - 200 12368 application/javascript;+charset=utf-8 0.3262ms
2023-10-11 10:22:56.016 +02:00 [Information] Request starting HTTP/2 GET https://localhost:7205/images/6.jpg - -
2023-10-11 10:22:56.019 +02:00 [Information] Sending file. Request path: '"/images/6.jpg"'. Physical path: '"C:\Users\unnis\OneDrive - OsloMet\5.semester\ITPE3200 Webappplikasjoner\Projects\HouseRentingSystem\HouseRentingSystem\wwwroot\images\6.jpg"'
2023-10-11 10:22:56.019 +02:00 [Information] Request finished HTTP/2 GET https://localhost:7205/images/6.jpg - - - 200 185314 image/jpeg 3.1932ms
2023-10-11 10:22:56.023 +02:00 [Information] Request starting HTTP/2 GET https://localhost:7205/_vs/browserLink - -
2023-10-11 10:22:56.023 +02:00 [Information] Request starting HTTP/2 GET https://localhost:7205/images/7.jpg - -
2023-10-11 10:22:56.023 +02:00 [Information] Request starting HTTP/2 GET https://localhost:7205/images/8.jpg - -
2023-10-11 10:22:56.027 +02:00 [Information] Sending file. Request path: '"/images/8.jpg"'. Physical path: '"C:\Users\unnis\OneDrive - OsloMet\5.semester\ITPE3200 Webappplikasjoner\Projects\HouseRentingSystem\HouseRentingSystem\wwwroot\images\8.jpg"'
2023-10-11 10:22:56.027 +02:00 [Information] Request finished HTTP/2 GET https://localhost:7205/images/8.jpg - - - 200 45956 image/jpeg 4.4994ms
2023-10-11 10:22:56.029 +02:00 [Information] Sending file. Request path: '"/images/7.jpg"'. Physical path: '"C:\Users\unnis\OneDrive - OsloMet\5.semester\ITPE3200 Webappplikasjoner\Projects\HouseRentingSystem\HouseRentingSystem\wwwroot\images\7.jpg"'
2023-10-11 10:22:56.029 +02:00 [Information] Request finished HTTP/2 GET https://localhost:7205/images/7.jpg - - - 200 154286 image/jpeg 5.9834ms
2023-10-11 10:22:56.029 +02:00 [Information] Request finished HTTP/2 GET https://localhost:7205/_vs/browserLink - - - 200 - text/javascript;+charset=UTF-8 6.3378ms
2023-10-11 10:22:56.059 +02:00 [Information] Request starting HTTP/2 GET https://localhost:7205/favicon.ico - -
2023-10-11 10:22:56.059 +02:00 [Information] Request finished HTTP/2 GET https://localhost:7205/favicon.ico - - - 404 0 - 0.5317ms
2023-10-11 10:22:56.628 +02:00 [Information] Request starting HTTP/2 GET https://localhost:7205/ - -
2023-10-11 10:22:56.628 +02:00 [Information] Executing endpoint '"HouseRentingSystem.Controllers.HomeController.Index (HouseRentingSystem)"'
2023-10-11 10:22:56.628 +02:00 [Information] Route matched with "{action = \"Index\", controller = \"Home\"}". Executing controller action with signature "Microsoft.AspNetCore.Mvc.IActionResult Index()" on controller "HouseRentingSystem.Controllers.HomeController" ("HouseRentingSystem").
2023-10-11 10:22:56.640 +02:00 [Information] Executing action method "HouseRentingSystem.Controllers.HomeController.Index (HouseRentingSystem)" - Validation state: Valid
2023-10-11 10:22:56.640 +02:00 [Information] Executed action method "HouseRentingSystem.Controllers.HomeController.Index (HouseRentingSystem)", returned result "Microsoft.AspNetCore.Mvc.ViewResult" in 0.0176ms.
2023-10-11 10:22:56.640 +02:00 [Information] Executing ViewResult, running view "Index".
2023-10-11 10:22:56.645 +02:00 [Information] Executed ViewResult - view "Index" executed in 5.2359ms.
2023-10-11 10:22:56.645 +02:00 [Information] Executed action "HouseRentingSystem.Controllers.HomeController.Index (HouseRentingSystem)" in 16.8227ms
2023-10-11 10:22:56.645 +02:00 [Information] Executed endpoint '"HouseRentingSystem.Controllers.HomeController.Index (HouseRentingSystem)"'
2023-10-11 10:22:56.647 +02:00 [Information] Request finished HTTP/2 GET https://localhost:7205/ - - - 200 - text/html;+charset=utf-8 19.4429ms
2023-10-11 10:22:56.661 +02:00 [Information] Request starting HTTP/2 GET https://localhost:7205/lib/jquery-validate/jquery.validate.js - -
2023-10-11 10:22:56.661 +02:00 [Information] Request starting HTTP/2 GET https://localhost:7205/lib/bootstrap/js/bootstrap.js - -
2023-10-11 10:22:56.661 +02:00 [Information] Request starting HTTP/2 GET https://localhost:7205/lib/jquery-validation-unobtrusive/jquery.validate.unobtrusive.js - -
2023-10-11 10:22:56.661 +02:00 [Information] Request starting HTTP/2 GET https://localhost:7205/lib/jquery/jquery.js - -
2023-10-11 10:22:56.666 +02:00 [Information] Sending file. Request path: '"/lib/jquery-validation-unobtrusive/jquery.validate.unobtrusive.js"'. Physical path: '"C:\Users\unnis\OneDrive - OsloMet\5.semester\ITPE3200 Webappplikasjoner\Projects\HouseRentingSystem\HouseRentingSystem\wwwroot\lib\jquery-validation-unobtrusive\jquery.validate.unobtrusive.js"'
2023-10-11 10:22:56.666 +02:00 [Information] Sending file. Request path: '"/lib/jquery-validate/jquery.validate.js"'. Physical path: '"C:\Users\unnis\OneDrive - OsloMet\5.semester\ITPE3200 Webappplikasjoner\Projects\HouseRentingSystem\HouseRentingSystem\wwwroot\lib\jquery-validate\jquery.validate.js"'
2023-10-11 10:22:56.667 +02:00 [Information] Request finished HTTP/2 GET https://localhost:7205/lib/jquery-validation-unobtrusive/jquery.validate.unobtrusive.js - - - 200 19820 application/javascript 5.5955ms
2023-10-11 10:22:56.667 +02:00 [Information] Request finished HTTP/2 GET https://localhost:7205/lib/jquery-validate/jquery.validate.js - - - 200 52831 application/javascript 5.9993ms
2023-10-11 10:22:56.667 +02:00 [Information] Sending file. Request path: '"/lib/bootstrap/js/bootstrap.js"'. Physical path: '"C:\Users\unnis\OneDrive - OsloMet\5.semester\ITPE3200 Webappplikasjoner\Projects\HouseRentingSystem\HouseRentingSystem\wwwroot\lib\bootstrap\js\bootstrap.js"'
2023-10-11 10:22:56.668 +02:00 [Information] Request finished HTTP/2 GET https://localhost:7205/lib/bootstrap/js/bootstrap.js - - - 200 149796 application/javascript 6.9313ms
2023-10-11 10:22:56.668 +02:00 [Information] Sending file. Request path: '"/lib/jquery/jquery.js"'. Physical path: '"C:\Users\unnis\OneDrive - OsloMet\5.semester\ITPE3200 Webappplikasjoner\Projects\HouseRentingSystem\HouseRentingSystem\wwwroot\lib\jquery\jquery.js"'
2023-10-11 10:22:56.668 +02:00 [Information] Request finished HTTP/2 GET https://localhost:7205/lib/jquery/jquery.js - - - 200 295700 application/javascript 7.3166ms
2023-10-11 10:22:56.684 +02:00 [Information] Request starting HTTP/2 GET https://localhost:7205/_framework/aspnetcore-browser-refresh.js - -
2023-10-11 10:22:56.684 +02:00 [Information] Request finished HTTP/2 GET https://localhost:7205/_framework/aspnetcore-browser-refresh.js - - - 200 12368 application/javascript;+charset=utf-8 0.3538ms
2023-10-11 10:22:56.688 +02:00 [Information] Request starting HTTP/2 GET https://localhost:7205/images/6.jpg - -
2023-10-11 10:22:56.690 +02:00 [Information] Sending file. Request path: '"/images/6.jpg"'. Physical path: '"C:\Users\unnis\OneDrive - OsloMet\5.semester\ITPE3200 Webappplikasjoner\Projects\HouseRentingSystem\HouseRentingSystem\wwwroot\images\6.jpg"'
2023-10-11 10:22:56.691 +02:00 [Information] Request finished HTTP/2 GET https://localhost:7205/images/6.jpg - - - 200 185314 image/jpeg 3.0213ms
2023-10-11 10:22:56.694 +02:00 [Information] Request starting HTTP/2 GET https://localhost:7205/images/8.jpg - -
2023-10-11 10:22:56.694 +02:00 [Information] Request starting HTTP/2 GET https://localhost:7205/images/7.jpg - -
2023-10-11 10:22:56.694 +02:00 [Information] Request starting HTTP/2 GET https://localhost:7205/_vs/browserLink - -
2023-10-11 10:22:56.698 +02:00 [Information] Sending file. Request path: '"/images/8.jpg"'. Physical path: '"C:\Users\unnis\OneDrive - OsloMet\5.semester\ITPE3200 Webappplikasjoner\Projects\HouseRentingSystem\HouseRentingSystem\wwwroot\images\8.jpg"'
2023-10-11 10:22:56.700 +02:00 [Information] Request finished HTTP/2 GET https://localhost:7205/images/8.jpg - - - 200 45956 image/jpeg 4.6424ms
2023-10-11 10:22:56.709 +02:00 [Information] Sending file. Request path: '"/images/7.jpg"'. Physical path: '"C:\Users\unnis\OneDrive - OsloMet\5.semester\ITPE3200 Webappplikasjoner\Projects\HouseRentingSystem\HouseRentingSystem\wwwroot\images\7.jpg"'
2023-10-11 10:22:56.710 +02:00 [Information] Request finished HTTP/2 GET https://localhost:7205/images/7.jpg - - - 200 154286 image/jpeg 15.5632ms
2023-10-11 10:22:56.711 +02:00 [Information] Request finished HTTP/2 GET https://localhost:7205/_vs/browserLink - - - 200 - text/javascript;+charset=UTF-8 17.3403ms
2023-10-11 10:22:56.773 +02:00 [Information] Request starting HTTP/2 GET https://localhost:7205/favicon.ico - -
2023-10-11 10:22:56.773 +02:00 [Information] Request finished HTTP/2 GET https://localhost:7205/favicon.ico - - - 404 0 - 0.4417ms
2023-10-11 10:22:57.144 +02:00 [Information] Request starting HTTP/2 GET https://localhost:7205/ - -
2023-10-11 10:22:57.145 +02:00 [Information] Executing endpoint '"HouseRentingSystem.Controllers.HomeController.Index (HouseRentingSystem)"'
2023-10-11 10:22:57.145 +02:00 [Information] Route matched with "{action = \"Index\", controller = \"Home\"}". Executing controller action with signature "Microsoft.AspNetCore.Mvc.IActionResult Index()" on controller "HouseRentingSystem.Controllers.HomeController" ("HouseRentingSystem").
2023-10-11 10:22:57.159 +02:00 [Information] Executing action method "HouseRentingSystem.Controllers.HomeController.Index (HouseRentingSystem)" - Validation state: Valid
2023-10-11 10:22:57.159 +02:00 [Information] Executed action method "HouseRentingSystem.Controllers.HomeController.Index (HouseRentingSystem)", returned result "Microsoft.AspNetCore.Mvc.ViewResult" in 0.0183ms.
2023-10-11 10:22:57.159 +02:00 [Information] Executing ViewResult, running view "Index".
2023-10-11 10:22:57.164 +02:00 [Information] Executed ViewResult - view "Index" executed in 5.1725ms.
2023-10-11 10:22:57.165 +02:00 [Information] Executed action "HouseRentingSystem.Controllers.HomeController.Index (HouseRentingSystem)" in 19.1555ms
2023-10-11 10:22:57.165 +02:00 [Information] Executed endpoint '"HouseRentingSystem.Controllers.HomeController.Index (HouseRentingSystem)"'
2023-10-11 10:22:57.166 +02:00 [Information] Request finished HTTP/2 GET https://localhost:7205/ - - - 200 - text/html;+charset=utf-8 21.9972ms
2023-10-11 10:22:57.183 +02:00 [Information] Request starting HTTP/2 GET https://localhost:7205/lib/bootstrap/js/bootstrap.js - -
2023-10-11 10:22:57.183 +02:00 [Information] Request starting HTTP/2 GET https://localhost:7205/lib/jquery-validation-unobtrusive/jquery.validate.unobtrusive.js - -
2023-10-11 10:22:57.183 +02:00 [Information] Request starting HTTP/2 GET https://localhost:7205/lib/jquery-validate/jquery.validate.js - -
2023-10-11 10:22:57.183 +02:00 [Information] Request starting HTTP/2 GET https://localhost:7205/lib/jquery/jquery.js - -
2023-10-11 10:22:57.186 +02:00 [Information] Sending file. Request path: '"/lib/jquery-validation-unobtrusive/jquery.validate.unobtrusive.js"'. Physical path: '"C:\Users\unnis\OneDrive - OsloMet\5.semester\ITPE3200 Webappplikasjoner\Projects\HouseRentingSystem\HouseRentingSystem\wwwroot\lib\jquery-validation-unobtrusive\jquery.validate.unobtrusive.js"'
2023-10-11 10:22:57.187 +02:00 [Information] Request finished HTTP/2 GET https://localhost:7205/lib/jquery-validation-unobtrusive/jquery.validate.unobtrusive.js - - - 200 19820 application/javascript 3.8786ms
2023-10-11 10:22:57.188 +02:00 [Information] Sending file. Request path: '"/lib/jquery-validate/jquery.validate.js"'. Physical path: '"C:\Users\unnis\OneDrive - OsloMet\5.semester\ITPE3200 Webappplikasjoner\Projects\HouseRentingSystem\HouseRentingSystem\wwwroot\lib\jquery-validate\jquery.validate.js"'
2023-10-11 10:22:57.194 +02:00 [Information] Request finished HTTP/2 GET https://localhost:7205/lib/jquery-validate/jquery.validate.js - - - 200 52831 application/javascript 11.1149ms
2023-10-11 10:22:57.195 +02:00 [Information] Sending file. Request path: '"/lib/bootstrap/js/bootstrap.js"'. Physical path: '"C:\Users\unnis\OneDrive - OsloMet\5.semester\ITPE3200 Webappplikasjoner\Projects\HouseRentingSystem\HouseRentingSystem\wwwroot\lib\bootstrap\js\bootstrap.js"'
2023-10-11 10:22:57.195 +02:00 [Information] Request finished HTTP/2 GET https://localhost:7205/lib/bootstrap/js/bootstrap.js - - - 200 149796 application/javascript 11.9127ms
2023-10-11 10:22:57.195 +02:00 [Information] Sending file. Request path: '"/lib/jquery/jquery.js"'. Physical path: '"C:\Users\unnis\OneDrive - OsloMet\5.semester\ITPE3200 Webappplikasjoner\Projects\HouseRentingSystem\HouseRentingSystem\wwwroot\lib\jquery\jquery.js"'
2023-10-11 10:22:57.195 +02:00 [Information] Request finished HTTP/2 GET https://localhost:7205/lib/jquery/jquery.js - - - 200 295700 application/javascript 12.5155ms
2023-10-11 10:22:57.210 +02:00 [Information] Request starting HTTP/2 GET https://localhost:7205/_framework/aspnetcore-browser-refresh.js - -
2023-10-11 10:22:57.210 +02:00 [Information] Request starting HTTP/2 GET https://localhost:7205/images/6.jpg - -
2023-10-11 10:22:57.210 +02:00 [Information] Request finished HTTP/2 GET https://localhost:7205/_framework/aspnetcore-browser-refresh.js - - - 200 12368 application/javascript;+charset=utf-8 0.5459ms
2023-10-11 10:22:57.213 +02:00 [Information] Sending file. Request path: '"/images/6.jpg"'. Physical path: '"C:\Users\unnis\OneDrive - OsloMet\5.semester\ITPE3200 Webappplikasjoner\Projects\HouseRentingSystem\HouseRentingSystem\wwwroot\images\6.jpg"'
2023-10-11 10:22:57.213 +02:00 [Information] Request finished HTTP/2 GET https://localhost:7205/images/6.jpg - - - 200 185314 image/jpeg 3.1942ms
2023-10-11 10:22:57.217 +02:00 [Information] Request starting HTTP/2 GET https://localhost:7205/images/8.jpg - -
2023-10-11 10:22:57.217 +02:00 [Information] Request starting HTTP/2 GET https://localhost:7205/_vs/browserLink - -
2023-10-11 10:22:57.217 +02:00 [Information] Request starting HTTP/2 GET https://localhost:7205/images/7.jpg - -
2023-10-11 10:22:57.220 +02:00 [Information] Sending file. Request path: '"/images/8.jpg"'. Physical path: '"C:\Users\unnis\OneDrive - OsloMet\5.semester\ITPE3200 Webappplikasjoner\Projects\HouseRentingSystem\HouseRentingSystem\wwwroot\images\8.jpg"'
2023-10-11 10:22:57.220 +02:00 [Information] Request finished HTTP/2 GET https://localhost:7205/images/8.jpg - - - 200 45956 image/jpeg 3.1375ms
2023-10-11 10:22:57.221 +02:00 [Information] Sending file. Request path: '"/images/7.jpg"'. Physical path: '"C:\Users\unnis\OneDrive - OsloMet\5.semester\ITPE3200 Webappplikasjoner\Projects\HouseRentingSystem\HouseRentingSystem\wwwroot\images\7.jpg"'
2023-10-11 10:22:57.221 +02:00 [Information] Request finished HTTP/2 GET https://localhost:7205/images/7.jpg - - - 200 154286 image/jpeg 4.0222ms
2023-10-11 10:22:57.222 +02:00 [Information] Request finished HTTP/2 GET https://localhost:7205/_vs/browserLink - - - 200 - text/javascript;+charset=UTF-8 5.1922ms
2023-10-11 10:22:57.244 +02:00 [Information] Request starting HTTP/2 GET https://localhost:7205/favicon.ico - -
2023-10-11 10:22:57.245 +02:00 [Information] Request finished HTTP/2 GET https://localhost:7205/favicon.ico - - - 404 0 - 0.4679ms
