2023-10-11 10:54:57.282 +02:00 [Information] User profile is available. Using '"C:\Users\unnis\AppData\Local\ASP.NET\DataProtection-Keys"' as key repository and Windows DPAPI to encrypt keys at rest.
2023-10-11 10:54:57.498 +02:00 [Information] Now listening on: "https://localhost:7205"
2023-10-11 10:54:57.533 +02:00 [Information] Now listening on: "http://localhost:5112"
2023-10-11 10:54:57.547 +02:00 [Information] Application started. Press Ctrl+C to shut down.
2023-10-11 10:54:57.550 +02:00 [Information] Hosting environment: "Development"
2023-10-11 10:54:57.553 +02:00 [Information] Content root path: "C:\Users\unnis\OneDrive - OsloMet\5.semester\ITPE3200 Webappplikasjoner\Projects\HouseRentingSystem\HouseRentingSystem\"
2023-10-11 10:54:58.089 +02:00 [Information] Request starting HTTP/2 GET https://localhost:7205/ - -
2023-10-11 10:54:58.175 +02:00 [Information] Executing endpoint '"HouseRentingSystem.Controllers.HomeController.Index (HouseRentingSystem)"'
2023-10-11 10:54:58.191 +02:00 [Information] Route matched with "{action = \"Index\", controller = \"Home\"}". Executing controller action with signature "Microsoft.AspNetCore.Mvc.IActionResult Index()" on controller "HouseRentingSystem.Controllers.HomeController" ("HouseRentingSystem").
2023-10-11 10:54:58.282 +02:00 [Information] Executing action method "HouseRentingSystem.Controllers.HomeController.Index (HouseRentingSystem)" - Validation state: Valid
2023-10-11 10:54:58.291 +02:00 [Information] Executed action method "HouseRentingSystem.Controllers.HomeController.Index (HouseRentingSystem)", returned result "Microsoft.AspNetCore.Mvc.ViewResult" in 1.0698ms.
2023-10-11 10:54:58.305 +02:00 [Information] Executing ViewResult, running view "Index".
2023-10-11 10:54:58.501 +02:00 [Information] Executed ViewResult - view "Index" executed in 200.2743ms.
2023-10-11 10:54:58.507 +02:00 [Information] Executed action "HouseRentingSystem.Controllers.HomeController.Index (HouseRentingSystem)" in 315.4305ms
2023-10-11 10:54:58.508 +02:00 [Information] Executed endpoint '"HouseRentingSystem.Controllers.HomeController.Index (HouseRentingSystem)"'
2023-10-11 10:54:58.533 +02:00 [Information] Request finished HTTP/2 GET https://localhost:7205/ - - - 200 - text/html;+charset=utf-8 457.2953ms
2023-10-11 10:54:58.564 +02:00 [Information] Request starting HTTP/2 GET https://localhost:7205/_framework/aspnetcore-browser-refresh.js - -
2023-10-11 10:54:58.568 +02:00 [Information] Request finished HTTP/2 GET https://localhost:7205/_framework/aspnetcore-browser-refresh.js - - - 200 12368 application/javascript;+charset=utf-8 4.1939ms
2023-10-11 10:54:58.588 +02:00 [Information] Request starting HTTP/2 GET https://localhost:7205/_vs/browserLink - -
2023-10-11 10:54:58.599 +02:00 [Information] Request finished HTTP/2 GET https://localhost:7205/_vs/browserLink - - - 200 - text/javascript;+charset=UTF-8 11.9209ms
