2023-10-09 20:35:12.564 +02:00 [Information] User profile is available. Using '"C:\Users\berry\AppData\Local\ASP.NET\DataProtection-Keys"' as key repository and Windows DPAPI to encrypt keys at rest.
2023-10-09 20:35:12.724 +02:00 [Information] Now listening on: "https://localhost:7205"
2023-10-09 20:35:12.725 +02:00 [Information] Now listening on: "http://localhost:5112"
2023-10-09 20:35:12.733 +02:00 [Information] Application started. Press Ctrl+C to shut down.
2023-10-09 20:35:12.736 +02:00 [Information] Hosting environment: "Development"
2023-10-09 20:35:12.739 +02:00 [Information] Content root path: "C:\Users\berry\OneDrive - OsloMet\Webappikasjon\Project\HouseRentingSystem\"
2023-10-09 20:35:13.486 +02:00 [Information] Request starting HTTP/2 GET https://localhost:7205/ - -
2023-10-09 20:35:13.553 +02:00 [Information] Executing endpoint '"HouseRentingSystem.Controllers.HomeController.Index (HouseRentingSystem)"'
2023-10-09 20:35:13.567 +02:00 [Information] Route matched with "{action = \"Index\", controller = \"Home\"}". Executing controller action with signature "Microsoft.AspNetCore.Mvc.IActionResult Index()" on controller "HouseRentingSystem.Controllers.HomeController" ("HouseRentingSystem").
2023-10-09 20:35:13.619 +02:00 [Information] Executing action method "HouseRentingSystem.Controllers.HomeController.Index (HouseRentingSystem)" - Validation state: Valid
2023-10-09 20:35:13.627 +02:00 [Information] Executed action method "HouseRentingSystem.Controllers.HomeController.Index (HouseRentingSystem)", returned result "Microsoft.AspNetCore.Mvc.ViewResult" in 0.8511ms.
2023-10-09 20:35:13.640 +02:00 [Information] Executing ViewResult, running view "Index".
2023-10-09 20:35:13.804 +02:00 [Information] Executed ViewResult - view "Index" executed in 167.1755ms.
2023-10-09 20:35:13.809 +02:00 [Information] Executed action "HouseRentingSystem.Controllers.HomeController.Index (HouseRentingSystem)" in 241.7283ms
2023-10-09 20:35:13.810 +02:00 [Information] Executed endpoint '"HouseRentingSystem.Controllers.HomeController.Index (HouseRentingSystem)"'
2023-10-09 20:35:13.838 +02:00 [Information] Request finished HTTP/2 GET https://localhost:7205/ - - - 200 - text/html;+charset=utf-8 354.6605ms
2023-10-09 20:35:13.842 +02:00 [Information] Request starting HTTP/2 GET https://localhost:7205/_framework/aspnetcore-browser-refresh.js - -
2023-10-09 20:35:13.850 +02:00 [Information] Request finished HTTP/2 GET https://localhost:7205/_framework/aspnetcore-browser-refresh.js - - - 200 12368 application/javascript;+charset=utf-8 7.5291ms
2023-10-09 20:35:13.856 +02:00 [Information] Request starting HTTP/2 GET https://localhost:7205/fa-duotone fa-cabin - -
2023-10-09 20:35:13.858 +02:00 [Information] Request finished HTTP/2 GET https://localhost:7205/fa-duotone fa-cabin - - - 404 0 - 1.9767ms
2023-10-09 20:35:13.859 +02:00 [Information] Request starting HTTP/2 GET https://localhost:7205/path_to_kupler_logo - -
2023-10-09 20:35:13.860 +02:00 [Information] Request finished HTTP/2 GET https://localhost:7205/path_to_kupler_logo - - - 404 0 - 0.7437ms
2023-10-09 20:35:13.862 +02:00 [Information] Request starting HTTP/2 GET https://localhost:7205/path_to_skiloype_logo - -
2023-10-09 20:35:13.863 +02:00 [Information] Request finished HTTP/2 GET https://localhost:7205/path_to_skiloype_logo - - - 404 0 - 0.5777ms
2023-10-09 20:35:13.865 +02:00 [Information] Request starting HTTP/2 GET https://localhost:7205/path_to_herskapshus_logo - -
2023-10-09 20:35:13.866 +02:00 [Information] Request finished HTTP/2 GET https://localhost:7205/path_to_herskapshus_logo - - - 404 0 - 0.2854ms
2023-10-09 20:35:13.867 +02:00 [Information] Request starting HTTP/2 GET https://localhost:7205/path_to_image_for_Modum - -
2023-10-09 20:35:13.867 +02:00 [Information] Request finished HTTP/2 GET https://localhost:7205/path_to_image_for_Modum - - - 404 0 - 0.2225ms
2023-10-09 20:35:13.869 +02:00 [Information] Request starting HTTP/2 GET https://localhost:7205/path_to_image_for_Oslo - -
2023-10-09 20:35:13.869 +02:00 [Information] Request finished HTTP/2 GET https://localhost:7205/path_to_image_for_Oslo - - - 404 0 - 0.2834ms
2023-10-09 20:35:13.870 +02:00 [Information] Request starting HTTP/2 GET https://localhost:7205/_vs/browserLink - -
2023-10-09 20:35:13.887 +02:00 [Information] Request finished HTTP/2 GET https://localhost:7205/_vs/browserLink - - - 200 - text/javascript;+charset=UTF-8 16.6871ms
2023-10-09 20:35:14.050 +02:00 [Information] Request starting HTTP/2 GET https://localhost:7205/path_to_image_for_Oslo - -
2023-10-09 20:35:14.051 +02:00 [Information] Request finished HTTP/2 GET https://localhost:7205/path_to_image_for_Oslo - - - 404 0 - 1.1869ms
