2023-10-09 18:59:37.826 +02:00 [Information] User profile is available. Using '"C:\Users\berry\AppData\Local\ASP.NET\DataProtection-Keys"' as key repository and Windows DPAPI to encrypt keys at rest.
2023-10-09 18:59:38.004 +02:00 [Information] Now listening on: "https://localhost:7205"
2023-10-09 18:59:38.006 +02:00 [Information] Now listening on: "http://localhost:5112"
2023-10-09 18:59:38.013 +02:00 [Information] Application started. Press Ctrl+C to shut down.
2023-10-09 18:59:38.015 +02:00 [Information] Hosting environment: "Development"
2023-10-09 18:59:38.017 +02:00 [Information] Content root path: "C:\Users\berry\OneDrive - OsloMet\Webappikasjon\Project\HouseRentingSystem\"
2023-10-09 18:59:38.776 +02:00 [Information] Request starting HTTP/2 GET https://localhost:7205/ - -
2023-10-09 18:59:38.840 +02:00 [Information] Executing endpoint '"HouseRentingSystem.Controllers.HomeController.Index (HouseRentingSystem)"'
2023-10-09 18:59:38.854 +02:00 [Information] Route matched with "{action = \"Index\", controller = \"Home\"}". Executing controller action with signature "Microsoft.AspNetCore.Mvc.IActionResult Index()" on controller "HouseRentingSystem.Controllers.HomeController" ("HouseRentingSystem").
2023-10-09 18:59:38.904 +02:00 [Information] Executing action method "HouseRentingSystem.Controllers.HomeController.Index (HouseRentingSystem)" - Validation state: Valid
2023-10-09 18:59:38.909 +02:00 [Information] Executed action method "HouseRentingSystem.Controllers.HomeController.Index (HouseRentingSystem)", returned result "Microsoft.AspNetCore.Mvc.ViewResult" in 0.5228ms.
2023-10-09 18:59:38.917 +02:00 [Information] Executing ViewResult, running view "Index".
2023-10-09 18:59:39.087 +02:00 [Information] Executed ViewResult - view "Index" executed in 169.1214ms.
2023-10-09 18:59:39.091 +02:00 [Information] Executed action "HouseRentingSystem.Controllers.HomeController.Index (HouseRentingSystem)" in 237.1197ms
2023-10-09 18:59:39.092 +02:00 [Information] Executed endpoint '"HouseRentingSystem.Controllers.HomeController.Index (HouseRentingSystem)"'
2023-10-09 18:59:39.125 +02:00 [Information] Request finished HTTP/2 GET https://localhost:7205/ - - - 200 - text/html;+charset=utf-8 352.0467ms
2023-10-09 18:59:39.139 +02:00 [Information] Request starting HTTP/2 GET https://localhost:7205/_framework/aspnetcore-browser-refresh.js - -
2023-10-09 18:59:39.142 +02:00 [Information] Request finished HTTP/2 GET https://localhost:7205/_framework/aspnetcore-browser-refresh.js - - - 200 12368 application/javascript;+charset=utf-8 3.1289ms
2023-10-09 18:59:39.145 +02:00 [Information] Request starting HTTP/2 GET https://localhost:7205/path_to_image_for_Modum - -
2023-10-09 18:59:39.147 +02:00 [Information] Request finished HTTP/2 GET https://localhost:7205/path_to_image_for_Modum - - - 404 0 - 2.5041ms
2023-10-09 18:59:39.150 +02:00 [Information] Request starting HTTP/2 GET https://localhost:7205/path_to_image_for_Oslo - -
2023-10-09 18:59:39.150 +02:00 [Information] Request finished HTTP/2 GET https://localhost:7205/path_to_image_for_Oslo - - - 404 0 - 0.6698ms
2023-10-09 18:59:39.152 +02:00 [Information] Request starting HTTP/2 GET https://localhost:7205/_vs/browserLink - -
2023-10-09 18:59:39.171 +02:00 [Information] Request finished HTTP/2 GET https://localhost:7205/_vs/browserLink - - - 200 - text/javascript;+charset=UTF-8 18.9695ms
