2023-09-27 14:38:31.999 +02:00 [Information] User profile is available. Using '"C:\Users\unnis\AppData\Local\ASP.NET\DataProtection-Keys"' as key repository and Windows DPAPI to encrypt keys at rest.
2023-09-27 14:38:32.206 +02:00 [Information] Now listening on: "https://localhost:7205"
2023-09-27 14:38:32.208 +02:00 [Information] Now listening on: "http://localhost:5112"
2023-09-27 14:38:32.220 +02:00 [Information] Application started. Press Ctrl+C to shut down.
2023-09-27 14:38:32.223 +02:00 [Information] Hosting environment: "Development"
2023-09-27 14:38:32.225 +02:00 [Information] Content root path: "C:\Users\unnis\OneDrive - OsloMet\5.semester\ITPE3200 Webappplikasjoner\Projects\HouseRentingSystem\HouseRentingSystem\"
2023-09-27 14:38:32.588 +02:00 [Information] Request starting HTTP/2 GET https://localhost:7205/ - -
2023-09-27 14:38:32.691 +02:00 [Information] Executing endpoint '"HouseRentingSystem.Controllers.HomeController.Index (HouseRentingSystem)"'
2023-09-27 14:38:32.708 +02:00 [Information] Route matched with "{action = \"Index\", controller = \"Home\"}". Executing controller action with signature "Microsoft.AspNetCore.Mvc.IActionResult Index()" on controller "HouseRentingSystem.Controllers.HomeController" ("HouseRentingSystem").
2023-09-27 14:38:32.776 +02:00 [Information] Executing action method "HouseRentingSystem.Controllers.HomeController.Index (HouseRentingSystem)" - Validation state: Valid
2023-09-27 14:38:32.783 +02:00 [Information] Executed action method "HouseRentingSystem.Controllers.HomeController.Index (HouseRentingSystem)", returned result "Microsoft.AspNetCore.Mvc.ViewResult" in 0.8823ms.
2023-09-27 14:38:32.793 +02:00 [Information] Executing ViewResult, running view "Index".
2023-09-27 14:38:32.997 +02:00 [Information] Executed ViewResult - view "Index" executed in 205.4222ms.
2023-09-27 14:38:33.004 +02:00 [Information] Executed action "HouseRentingSystem.Controllers.HomeController.Index (HouseRentingSystem)" in 295.793ms
2023-09-27 14:38:33.005 +02:00 [Information] Executed endpoint '"HouseRentingSystem.Controllers.HomeController.Index (HouseRentingSystem)"'
2023-09-27 14:38:33.034 +02:00 [Information] Request finished HTTP/2 GET https://localhost:7205/ - - - 200 - text/html;+charset=utf-8 449.8407ms
2023-09-27 14:38:33.072 +02:00 [Information] Request starting HTTP/2 GET https://localhost:7205/_framework/aspnetcore-browser-refresh.js - -
2023-09-27 14:38:33.078 +02:00 [Information] Request finished HTTP/2 GET https://localhost:7205/_framework/aspnetcore-browser-refresh.js - - - 200 12368 application/javascript;+charset=utf-8 6.3697ms
2023-09-27 14:38:33.082 +02:00 [Information] Request starting HTTP/2 GET https://localhost:7205/_vs/browserLink - -
2023-09-27 14:38:33.120 +02:00 [Information] Request finished HTTP/2 GET https://localhost:7205/_vs/browserLink - - - 200 - text/javascript;+charset=UTF-8 37.8920ms
