2023-10-10 17:31:29.712 +02:00 [Information] User profile is available. Using '"C:\Users\berry\AppData\Local\ASP.NET\DataProtection-Keys"' as key repository and Windows DPAPI to encrypt keys at rest.
2023-10-10 17:31:29.898 +02:00 [Information] Now listening on: "https://localhost:7205"
2023-10-10 17:31:29.899 +02:00 [Information] Now listening on: "http://localhost:5112"
2023-10-10 17:31:29.907 +02:00 [Information] Application started. Press Ctrl+C to shut down.
2023-10-10 17:31:29.909 +02:00 [Information] Hosting environment: "Development"
2023-10-10 17:31:29.911 +02:00 [Information] Content root path: "C:\Users\berry\OneDrive - OsloMet\Webappikasjon\Project\HouseRentingSystem\"
2023-10-10 17:31:30.660 +02:00 [Information] Request starting HTTP/2 GET https://localhost:7205/ - -
2023-10-10 17:31:30.719 +02:00 [Information] Executing endpoint '"HouseRentingSystem.Controllers.HomeController.Index (HouseRentingSystem)"'
2023-10-10 17:31:30.731 +02:00 [Information] Route matched with "{action = \"Index\", controller = \"Home\"}". Executing controller action with signature "Microsoft.AspNetCore.Mvc.IActionResult Index()" on controller "HouseRentingSystem.Controllers.HomeController" ("HouseRentingSystem").
2023-10-10 17:31:30.797 +02:00 [Information] Executing action method "HouseRentingSystem.Controllers.HomeController.Index (HouseRentingSystem)" - Validation state: Valid
2023-10-10 17:31:30.803 +02:00 [Information] Executed action method "HouseRentingSystem.Controllers.HomeController.Index (HouseRentingSystem)", returned result "Microsoft.AspNetCore.Mvc.ViewResult" in 0.7607ms.
2023-10-10 17:31:30.811 +02:00 [Information] Executing ViewResult, running view "Index".
2023-10-10 17:31:30.981 +02:00 [Information] Executed ViewResult - view "Index" executed in 169.9751ms.
2023-10-10 17:31:30.985 +02:00 [Information] Executed action "HouseRentingSystem.Controllers.HomeController.Index (HouseRentingSystem)" in 253.7744ms
2023-10-10 17:31:30.986 +02:00 [Information] Executed endpoint '"HouseRentingSystem.Controllers.HomeController.Index (HouseRentingSystem)"'
2023-10-10 17:31:31.020 +02:00 [Information] Request finished HTTP/2 GET https://localhost:7205/ - - - 200 - text/html;+charset=utf-8 365.3804ms
2023-10-10 17:31:31.030 +02:00 [Information] Request starting HTTP/2 GET https://localhost:7205/path_to_image_for_Modum - -
2023-10-10 17:31:31.030 +02:00 [Information] Request starting HTTP/2 GET https://localhost:7205/_framework/aspnetcore-browser-refresh.js - -
2023-10-10 17:31:31.033 +02:00 [Information] Request finished HTTP/2 GET https://localhost:7205/path_to_image_for_Modum - - - 404 0 - 2.9236ms
2023-10-10 17:31:31.035 +02:00 [Information] Request starting HTTP/2 GET https://localhost:7205/_vs/browserLink - -
2023-10-10 17:31:31.036 +02:00 [Information] Request finished HTTP/2 GET https://localhost:7205/_framework/aspnetcore-browser-refresh.js - - - 200 12368 application/javascript;+charset=utf-8 5.9262ms
2023-10-10 17:31:31.054 +02:00 [Information] Request finished HTTP/2 GET https://localhost:7205/_vs/browserLink - - - 200 - text/javascript;+charset=UTF-8 18.7082ms
