2023-10-09 18:57:54.345 +02:00 [Information] User profile is available. Using '"C:\Users\berry\AppData\Local\ASP.NET\DataProtection-Keys"' as key repository and Windows DPAPI to encrypt keys at rest.
2023-10-09 18:57:54.508 +02:00 [Information] Now listening on: "https://localhost:7205"
2023-10-09 18:57:54.510 +02:00 [Information] Now listening on: "http://localhost:5112"
2023-10-09 18:57:54.518 +02:00 [Information] Application started. Press Ctrl+C to shut down.
2023-10-09 18:57:54.521 +02:00 [Information] Hosting environment: "Development"
2023-10-09 18:57:54.522 +02:00 [Information] Content root path: "C:\Users\berry\OneDrive - OsloMet\Webappikasjon\Project\HouseRentingSystem\"
2023-10-09 18:57:55.166 +02:00 [Information] Request starting HTTP/2 GET https://localhost:7205/ - -
2023-10-09 18:57:55.238 +02:00 [Information] Executing endpoint '"HouseRentingSystem.Controllers.HomeController.Index (HouseRentingSystem)"'
2023-10-09 18:57:55.251 +02:00 [Information] Route matched with "{action = \"Index\", controller = \"Home\"}". Executing controller action with signature "Microsoft.AspNetCore.Mvc.IActionResult Index()" on controller "HouseRentingSystem.Controllers.HomeController" ("HouseRentingSystem").
2023-10-09 18:57:55.302 +02:00 [Information] Executing action method "HouseRentingSystem.Controllers.HomeController.Index (HouseRentingSystem)" - Validation state: Valid
2023-10-09 18:57:55.308 +02:00 [Information] Executed action method "HouseRentingSystem.Controllers.HomeController.Index (HouseRentingSystem)", returned result "Microsoft.AspNetCore.Mvc.ViewResult" in 0.5602ms.
2023-10-09 18:57:55.323 +02:00 [Information] Executing ViewResult, running view "Index".
2023-10-09 18:57:55.500 +02:00 [Information] Executed ViewResult - view "Index" executed in 181.3305ms.
2023-10-09 18:57:55.504 +02:00 [Information] Executed action "HouseRentingSystem.Controllers.HomeController.Index (HouseRentingSystem)" in 252.5295ms
2023-10-09 18:57:55.505 +02:00 [Information] Executed endpoint '"HouseRentingSystem.Controllers.HomeController.Index (HouseRentingSystem)"'
2023-10-09 18:57:55.536 +02:00 [Information] Request finished HTTP/2 GET https://localhost:7205/ - - - 200 - text/html;+charset=utf-8 374.3213ms
2023-10-09 18:57:55.550 +02:00 [Information] Request starting HTTP/2 GET https://localhost:7205/_framework/aspnetcore-browser-refresh.js - -
2023-10-09 18:57:55.554 +02:00 [Information] Request finished HTTP/2 GET https://localhost:7205/_framework/aspnetcore-browser-refresh.js - - - 200 12368 application/javascript;+charset=utf-8 4.4666ms
2023-10-09 18:57:55.557 +02:00 [Information] Request starting HTTP/2 GET https://localhost:7205/path_to_image_for_Modum - -
2023-10-09 18:57:55.559 +02:00 [Information] Request finished HTTP/2 GET https://localhost:7205/path_to_image_for_Modum - - - 404 0 - 2.3120ms
2023-10-09 18:57:55.562 +02:00 [Information] Request starting HTTP/2 GET https://localhost:7205/path_to_image_for_Oslo - -
2023-10-09 18:57:55.563 +02:00 [Information] Request finished HTTP/2 GET https://localhost:7205/path_to_image_for_Oslo - - - 404 0 - 0.7721ms
2023-10-09 18:57:55.566 +02:00 [Information] Request starting HTTP/2 GET https://localhost:7205/_vs/browserLink - -
2023-10-09 18:57:55.583 +02:00 [Information] Request finished HTTP/2 GET https://localhost:7205/_vs/browserLink - - - 200 - text/javascript;+charset=UTF-8 17.1349ms
