2023-10-11 10:55:26.492 +02:00 [Information] User profile is available. Using '"C:\Users\unnis\AppData\Local\ASP.NET\DataProtection-Keys"' as key repository and Windows DPAPI to encrypt keys at rest.
2023-10-11 10:55:26.679 +02:00 [Information] Now listening on: "https://localhost:7205"
2023-10-11 10:55:26.681 +02:00 [Information] Now listening on: "http://localhost:5112"
2023-10-11 10:55:26.690 +02:00 [Information] Application started. Press Ctrl+C to shut down.
2023-10-11 10:55:26.692 +02:00 [Information] Hosting environment: "Development"
2023-10-11 10:55:26.694 +02:00 [Information] Content root path: "C:\Users\unnis\OneDrive - OsloMet\5.semester\ITPE3200 Webappplikasjoner\Projects\HouseRentingSystem\HouseRentingSystem\"
2023-10-11 10:55:27.141 +02:00 [Information] Request starting HTTP/2 GET https://localhost:7205/ - -
2023-10-11 10:55:27.205 +02:00 [Information] Executing endpoint '"HouseRentingSystem.Controllers.HomeController.Index (HouseRentingSystem)"'
2023-10-11 10:55:27.234 +02:00 [Information] Route matched with "{action = \"Index\", controller = \"Home\"}". Executing controller action with signature "Microsoft.AspNetCore.Mvc.IActionResult Index()" on controller "HouseRentingSystem.Controllers.HomeController" ("HouseRentingSystem").
2023-10-11 10:55:27.297 +02:00 [Information] Executing action method "HouseRentingSystem.Controllers.HomeController.Index (HouseRentingSystem)" - Validation state: Valid
2023-10-11 10:55:27.303 +02:00 [Information] Executed action method "HouseRentingSystem.Controllers.HomeController.Index (HouseRentingSystem)", returned result "Microsoft.AspNetCore.Mvc.ViewResult" in 0.6858ms.
2023-10-11 10:55:27.313 +02:00 [Information] Executing ViewResult, running view "Index".
2023-10-11 10:55:27.492 +02:00 [Information] Executed ViewResult - view "Index" executed in 179.9995ms.
2023-10-11 10:55:27.498 +02:00 [Information] Executed action "HouseRentingSystem.Controllers.HomeController.Index (HouseRentingSystem)" in 262.7859ms
2023-10-11 10:55:27.498 +02:00 [Information] Executed endpoint '"HouseRentingSystem.Controllers.HomeController.Index (HouseRentingSystem)"'
2023-10-11 10:55:27.530 +02:00 [Information] Request finished HTTP/2 GET https://localhost:7205/ - - - 200 - text/html;+charset=utf-8 392.3880ms
2023-10-11 10:55:27.556 +02:00 [Information] Request starting HTTP/2 GET https://localhost:7205/_framework/aspnetcore-browser-refresh.js - -
2023-10-11 10:55:27.563 +02:00 [Information] Request starting HTTP/2 GET https://localhost:7205/_vs/browserLink - -
2023-10-11 10:55:27.567 +02:00 [Information] Request finished HTTP/2 GET https://localhost:7205/_framework/aspnetcore-browser-refresh.js - - - 200 12368 application/javascript;+charset=utf-8 11.0400ms
2023-10-11 10:55:27.584 +02:00 [Information] Request finished HTTP/2 GET https://localhost:7205/_vs/browserLink - - - 200 - text/javascript;+charset=UTF-8 21.0159ms
