2023-09-27 21:13:41.512 +02:00 [Information] User profile is available. Using '"C:\Users\unnis\AppData\Local\ASP.NET\DataProtection-Keys"' as key repository and Windows DPAPI to encrypt keys at rest.
2023-09-27 21:13:41.713 +02:00 [Information] Now listening on: "https://localhost:7205"
2023-09-27 21:13:41.715 +02:00 [Information] Now listening on: "http://localhost:5112"
2023-09-27 21:13:41.726 +02:00 [Information] Application started. Press Ctrl+C to shut down.
2023-09-27 21:13:41.730 +02:00 [Information] Hosting environment: "Development"
2023-09-27 21:13:41.732 +02:00 [Information] Content root path: "C:\Users\unnis\OneDrive - OsloMet\5.semester\ITPE3200 Webappplikasjoner\Projects\HouseRentingSystem\HouseRentingSystem\"
2023-09-27 21:13:42.130 +02:00 [Information] Request starting HTTP/2 GET https://localhost:7205/ - -
2023-09-27 21:13:42.215 +02:00 [Information] Executing endpoint '"HouseRentingSystem.Controllers.HomeController.Index (HouseRentingSystem)"'
2023-09-27 21:13:42.235 +02:00 [Information] Route matched with "{action = \"Index\", controller = \"Home\"}". Executing controller action with signature "Microsoft.AspNetCore.Mvc.IActionResult Index()" on controller "HouseRentingSystem.Controllers.HomeController" ("HouseRentingSystem").
2023-09-27 21:13:42.299 +02:00 [Information] Executing action method "HouseRentingSystem.Controllers.HomeController.Index (HouseRentingSystem)" - Validation state: Valid
2023-09-27 21:13:42.306 +02:00 [Information] Executed action method "HouseRentingSystem.Controllers.HomeController.Index (HouseRentingSystem)", returned result "Microsoft.AspNetCore.Mvc.ViewResult" in 0.7037ms.
2023-09-27 21:13:42.316 +02:00 [Information] Executing ViewResult, running view "Index".
2023-09-27 21:13:42.508 +02:00 [Information] Executed ViewResult - view "Index" executed in 192.3309ms.
2023-09-27 21:13:42.513 +02:00 [Information] Executed action "HouseRentingSystem.Controllers.HomeController.Index (HouseRentingSystem)" in 277.5457ms
2023-09-27 21:13:42.514 +02:00 [Information] Executed endpoint '"HouseRentingSystem.Controllers.HomeController.Index (HouseRentingSystem)"'
2023-09-27 21:13:42.554 +02:00 [Information] Request finished HTTP/2 GET https://localhost:7205/ - - - 200 - text/html;+charset=utf-8 428.6575ms
2023-09-27 21:13:42.590 +02:00 [Information] Request starting HTTP/2 GET https://localhost:7205/_framework/aspnetcore-browser-refresh.js - -
2023-09-27 21:13:42.598 +02:00 [Information] Request finished HTTP/2 GET https://localhost:7205/_framework/aspnetcore-browser-refresh.js - - - 200 12368 application/javascript;+charset=utf-8 7.2670ms
2023-09-27 21:13:42.611 +02:00 [Information] Request starting HTTP/2 GET https://localhost:7205/_vs/browserLink - -
2023-09-27 21:13:42.631 +02:00 [Information] Request finished HTTP/2 GET https://localhost:7205/_vs/browserLink - - - 200 - text/javascript;+charset=UTF-8 20.3725ms
