2023-10-09 23:23:42.569 +02:00 [Information] User profile is available. Using '"C:\Users\berry\AppData\Local\ASP.NET\DataProtection-Keys"' as key repository and Windows DPAPI to encrypt keys at rest.
2023-10-09 23:23:42.752 +02:00 [Information] Now listening on: "https://localhost:7205"
2023-10-09 23:23:42.754 +02:00 [Information] Now listening on: "http://localhost:5112"
2023-10-09 23:23:42.762 +02:00 [Information] Application started. Press Ctrl+C to shut down.
2023-10-09 23:23:42.764 +02:00 [Information] Hosting environment: "Development"
2023-10-09 23:23:42.765 +02:00 [Information] Content root path: "C:\Users\berry\OneDrive - OsloMet\Webappikasjon\Project\HouseRentingSystem\"
2023-10-09 23:23:43.500 +02:00 [Information] Request starting HTTP/2 GET https://localhost:7205/ - -
2023-10-09 23:23:43.568 +02:00 [Information] Executing endpoint '"HouseRentingSystem.Controllers.HomeController.Index (HouseRentingSystem)"'
2023-10-09 23:23:43.580 +02:00 [Information] Route matched with "{action = \"Index\", controller = \"Home\"}". Executing controller action with signature "Microsoft.AspNetCore.Mvc.IActionResult Index()" on controller "HouseRentingSystem.Controllers.HomeController" ("HouseRentingSystem").
2023-10-09 23:23:43.630 +02:00 [Information] Executing action method "HouseRentingSystem.Controllers.HomeController.Index (HouseRentingSystem)" - Validation state: Valid
2023-10-09 23:23:43.635 +02:00 [Information] Executed action method "HouseRentingSystem.Controllers.HomeController.Index (HouseRentingSystem)", returned result "Microsoft.AspNetCore.Mvc.ViewResult" in 0.5157ms.
2023-10-09 23:23:43.647 +02:00 [Information] Executing ViewResult, running view "Index".
2023-10-09 23:23:43.818 +02:00 [Information] Executed ViewResult - view "Index" executed in 174.1284ms.
2023-10-09 23:23:43.824 +02:00 [Information] Executed action "HouseRentingSystem.Controllers.HomeController.Index (HouseRentingSystem)" in 243.2121ms
2023-10-09 23:23:43.825 +02:00 [Information] Executed endpoint '"HouseRentingSystem.Controllers.HomeController.Index (HouseRentingSystem)"'
2023-10-09 23:23:43.908 +02:00 [Information] Request starting HTTP/2 GET https://localhost:7205/_framework/aspnetcore-browser-refresh.js - -
2023-10-09 23:23:43.908 +02:00 [Information] Request starting HTTP/2 GET https://localhost:7205/path_to_image_for_Modum - -
2023-10-09 23:23:43.908 +02:00 [Information] Request starting HTTP/2 GET https://localhost:7205/_vs/browserLink - -
2023-10-09 23:23:43.914 +02:00 [Information] Request finished HTTP/2 GET https://localhost:7205/_framework/aspnetcore-browser-refresh.js - - - 200 12368 application/javascript;+charset=utf-8 6.6172ms
2023-10-09 23:23:43.914 +02:00 [Information] Request finished HTTP/2 GET https://localhost:7205/path_to_image_for_Modum - - - 404 0 - 5.6512ms
2023-10-09 23:23:43.926 +02:00 [Information] Request finished HTTP/2 GET https://localhost:7205/ - - - 200 - text/html;+charset=utf-8 429.4593ms
2023-10-09 23:23:43.947 +02:00 [Information] Request finished HTTP/2 GET https://localhost:7205/_vs/browserLink - - - 200 - text/javascript;+charset=UTF-8 38.8927ms
